Archive member included to satisfy reference by file (symbol)

c:/program files (x86)/gnu arm embedded toolchain/10 2020-q4-major/bin/../lib/gcc/arm-none-eabi/10.2.1/thumb/v7-m/nofp\libgcc.a(_arm_mulsf3.o)
                              ./OBJS/Debug/usart.o (__aeabi_fmul)
c:/program files (x86)/gnu arm embedded toolchain/10 2020-q4-major/bin/../lib/gcc/arm-none-eabi/10.2.1/thumb/v7-m/nofp\libgcc.a(_arm_addsubsf3.o)
                              ./OBJS/Debug/usart.o (__aeabi_fsub)
c:/program files (x86)/gnu arm embedded toolchain/10 2020-q4-major/bin/../lib/gcc/arm-none-eabi/10.2.1/thumb/v7-m/nofp\libgcc.a(_arm_muldivsf3.o)
                              ./OBJS/Debug/usart.o (__aeabi_fdiv)
c:/program files (x86)/gnu arm embedded toolchain/10 2020-q4-major/bin/../lib/gcc/arm-none-eabi/10.2.1/thumb/v7-m/nofp\libgcc.a(_arm_fixunssfsi.o)
                              ./OBJS/Debug/usart.o (__aeabi_f2uiz)
c:/program files (x86)/gnu arm embedded toolchain/10 2020-q4-major/bin/../lib/gcc/arm-none-eabi/10.2.1/../../../../arm-none-eabi/lib/thumb/v7-m/nofp\libc_nano.a(lib_a-exit.o)
                              c:/program files (x86)/gnu arm embedded toolchain/10 2020-q4-major/bin/../lib/gcc/arm-none-eabi/10.2.1/../../../../arm-none-eabi/lib/thumb/v7-m/nofp/crt0.o (exit)
c:/program files (x86)/gnu arm embedded toolchain/10 2020-q4-major/bin/../lib/gcc/arm-none-eabi/10.2.1/../../../../arm-none-eabi/lib/thumb/v7-m/nofp\libc_nano.a(lib_a-impure.o)
                              c:/program files (x86)/gnu arm embedded toolchain/10 2020-q4-major/bin/../lib/gcc/arm-none-eabi/10.2.1/../../../../arm-none-eabi/lib/thumb/v7-m/nofp\libc_nano.a(lib_a-exit.o) (_global_impure_ptr)
c:/program files (x86)/gnu arm embedded toolchain/10 2020-q4-major/bin/../lib/gcc/arm-none-eabi/10.2.1/../../../../arm-none-eabi/lib/thumb/v7-m/nofp\libc_nano.a(lib_a-init.o)
                              c:/program files (x86)/gnu arm embedded toolchain/10 2020-q4-major/bin/../lib/gcc/arm-none-eabi/10.2.1/../../../../arm-none-eabi/lib/thumb/v7-m/nofp/crt0.o (__libc_init_array)
c:/program files (x86)/gnu arm embedded toolchain/10 2020-q4-major/bin/../lib/gcc/arm-none-eabi/10.2.1/../../../../arm-none-eabi/lib/thumb/v7-m/nofp\libc_nano.a(lib_a-memset.o)
                              c:/program files (x86)/gnu arm embedded toolchain/10 2020-q4-major/bin/../lib/gcc/arm-none-eabi/10.2.1/../../../../arm-none-eabi/lib/thumb/v7-m/nofp/crt0.o (memset)
c:/program files (x86)/gnu arm embedded toolchain/10 2020-q4-major/bin/../lib/gcc/arm-none-eabi/10.2.1/../../../../arm-none-eabi/lib/thumb/v7-m/nofp\libc_nano.a(lib_a-puts.o)
                              ./OBJS/Debug/main.o (puts)
c:/program files (x86)/gnu arm embedded toolchain/10 2020-q4-major/bin/../lib/gcc/arm-none-eabi/10.2.1/../../../../arm-none-eabi/lib/thumb/v7-m/nofp\libc_nano.a(lib_a-wbuf.o)
                              c:/program files (x86)/gnu arm embedded toolchain/10 2020-q4-major/bin/../lib/gcc/arm-none-eabi/10.2.1/../../../../arm-none-eabi/lib/thumb/v7-m/nofp\libc_nano.a(lib_a-puts.o) (__swbuf_r)
c:/program files (x86)/gnu arm embedded toolchain/10 2020-q4-major/bin/../lib/gcc/arm-none-eabi/10.2.1/../../../../arm-none-eabi/lib/thumb/v7-m/nofp\libc_nano.a(lib_a-wsetup.o)
                              c:/program files (x86)/gnu arm embedded toolchain/10 2020-q4-major/bin/../lib/gcc/arm-none-eabi/10.2.1/../../../../arm-none-eabi/lib/thumb/v7-m/nofp\libc_nano.a(lib_a-puts.o) (__swsetup_r)
c:/program files (x86)/gnu arm embedded toolchain/10 2020-q4-major/bin/../lib/gcc/arm-none-eabi/10.2.1/../../../../arm-none-eabi/lib/thumb/v7-m/nofp\libc_nano.a(lib_a-fflush.o)
                              c:/program files (x86)/gnu arm embedded toolchain/10 2020-q4-major/bin/../lib/gcc/arm-none-eabi/10.2.1/../../../../arm-none-eabi/lib/thumb/v7-m/nofp\libc_nano.a(lib_a-wbuf.o) (_fflush_r)
c:/program files (x86)/gnu arm embedded toolchain/10 2020-q4-major/bin/../lib/gcc/arm-none-eabi/10.2.1/../../../../arm-none-eabi/lib/thumb/v7-m/nofp\libc_nano.a(lib_a-findfp.o)
                              c:/program files (x86)/gnu arm embedded toolchain/10 2020-q4-major/bin/../lib/gcc/arm-none-eabi/10.2.1/../../../../arm-none-eabi/lib/thumb/v7-m/nofp\libc_nano.a(lib_a-puts.o) (__sinit)
c:/program files (x86)/gnu arm embedded toolchain/10 2020-q4-major/bin/../lib/gcc/arm-none-eabi/10.2.1/../../../../arm-none-eabi/lib/thumb/v7-m/nofp\libc_nano.a(lib_a-fwalk.o)
                              c:/program files (x86)/gnu arm embedded toolchain/10 2020-q4-major/bin/../lib/gcc/arm-none-eabi/10.2.1/../../../../arm-none-eabi/lib/thumb/v7-m/nofp\libc_nano.a(lib_a-findfp.o) (_fwalk)
c:/program files (x86)/gnu arm embedded toolchain/10 2020-q4-major/bin/../lib/gcc/arm-none-eabi/10.2.1/../../../../arm-none-eabi/lib/thumb/v7-m/nofp\libc_nano.a(lib_a-lock.o)
[...]
Memory Configuration

Name             Origin             Length             Attributes
RAM              0x20000000         0x0000c000         xrw
FLASH            0x08000000         0x00040000         xr
*default*        0x00000000         0xffffffff

Linker script and memory map

LOAD c:/program files (x86)/gnu arm embedded toolchain/10 2020-q4-major/bin/../lib/gcc/arm-none-eabi/10.2.1/thumb/v7-m/nofp/crti.o
LOAD c:/program files (x86)/gnu arm embedded toolchain/10 2020-q4-major/bin/../lib/gcc/arm-none-eabi/10.2.1/thumb/v7-m/nofp/crtbegin.o
LOAD c:/program files (x86)/gnu arm embedded toolchain/10 2020-q4-major/bin/../lib/gcc/arm-none-eabi/10.2.1/../../../../arm-none-eabi/lib/thumb/v7-m/nofp/crt0.o
LOAD ./OBJS/Debug/misc.o
LOAD ./OBJS/Debug/stm32f10x_adc.o
LOAD ./OBJS/Debug/stm32f10x_bkp.o
LOAD ./OBJS/Debug/stm32f10x_can.o
LOAD ./OBJS/Debug/stm32f10x_cec.o
LOAD ./OBJS/Debug/stm32f10x_crc.o
LOAD ./OBJS/Debug/stm32f10x_dac.o
LOAD ./OBJS/Debug/stm32f10x_dbgmcu.o
LOAD ./OBJS/Debug/stm32f10x_dma.o
LOAD ./OBJS/Debug/stm32f10x_exti.o
LOAD ./OBJS/Debug/stm32f10x_flash.o
LOAD ./OBJS/Debug/stm32f10x_fsmc.o
LOAD ./OBJS/Debug/stm32f10x_gpio.o
LOAD ./OBJS/Debug/stm32f10x_i2c.o
LOAD ./OBJS/Debug/stm32f10x_iwdg.o
LOAD ./OBJS/Debug/stm32f10x_pwr.o
LOAD ./OBJS/Debug/stm32f10x_rcc.o
LOAD ./OBJS/Debug/stm32f10x_rtc.o
LOAD ./OBJS/Debug/stm32f10x_sdio.o
LOAD ./OBJS/Debug/stm32f10x_spi.o
LOAD ./OBJS/Debug/stm32f10x_tim.o
LOAD ./OBJS/Debug/stm32f10x_usart.o
LOAD ./OBJS/Debug/stm32f10x_wwdg.o
LOAD ./OBJS/Debug/system_stm32f10x.o
LOAD ./OBJS/Debug/clock_config.o
LOAD ./OBJS/Debug/lcd.o
LOAD ./OBJS/Debug/led.o
LOAD ./OBJS/Debug/main.o
LOAD ./OBJS/Debug/usart.o
LOAD ./OBJS/Debug/stm32f10x_it.o
LOAD ./OBJS/Debug/startup_stm32f10x_hd.o
LOAD c:/program files (x86)/gnu arm embedded toolchain/10 2020-q4-major/bin/../lib/gcc/arm-none-eabi/10.2.1/../../../../arm-none-eabi/lib/thumb/v7-m/nofp\libm.a
START GROUP
LOAD c:/program files (x86)/gnu arm embedded toolchain/10 2020-q4-major/bin/../lib/gcc/arm-none-eabi/10.2.1/thumb/v7-m/nofp\libgcc.a
LOAD c:/program files (x86)/gnu arm embedded toolchain/10 2020-q4-major/bin/../lib/gcc/arm-none-eabi/10.2.1/../../../../arm-none-eabi/lib/thumb/v7-m/nofp\libc_nano.a
END GROUP
START GROUP
LOAD c:/program files (x86)/gnu arm embedded toolchain/10 2020-q4-major/bin/../lib/gcc/arm-none-eabi/10.2.1/thumb/v7-m/nofp\libgcc.a
LOAD c:/program files (x86)/gnu arm embedded toolchain/10 2020-q4-major/bin/../lib/gcc/arm-none-eabi/10.2.1/../../../../arm-none-eabi/lib/thumb/v7-m/nofp\libc_nano.a
LOAD c:/program files (x86)/gnu arm embedded toolchain/10 2020-q4-major/bin/../lib/gcc/arm-none-eabi/10.2.1/../../../../arm-none-eabi/lib/thumb/v7-m/nofp\libnosys.a
END GROUP
START GROUP
LOAD c:/program files (x86)/gnu arm embedded toolchain/10 2020-q4-major/bin/../lib/gcc/arm-none-eabi/10.2.1/thumb/v7-m/nofp\libgcc.a
LOAD c:/program files (x86)/gnu arm embedded toolchain/10 2020-q4-major/bin/../lib/gcc/arm-none-eabi/10.2.1/../../../../arm-none-eabi/lib/thumb/v7-m/nofp\libc_nano.a
LOAD c:/program files (x86)/gnu arm embedded toolchain/10 2020-q4-major/bin/../lib/gcc/arm-none-eabi/10.2.1/../../../../arm-none-eabi/lib/thumb/v7-m/nofp\libnosys.a
END GROUP
LOAD c:/program files (x86)/gnu arm embedded toolchain/10 2020-q4-major/bin/../lib/gcc/arm-none-eabi/10.2.1/thumb/v7-m/nofp/crtend.o
LOAD c:/program files (x86)/gnu arm embedded toolchain/10 2020-q4-major/bin/../lib/gcc/arm-none-eabi/10.2.1/thumb/v7-m/nofp/crtn.o
                0x2000c000                _estack = 0x2000c000
                0x00000200                _Min_Heap_Size = 0x200
                0x00000400                _Min_Stack_Size = 0x400

.isr_vector     0x08000000      0x1e4
                0x08000000                . = ALIGN (0x4)
 *(.isr_vector)
 .isr_vector    0x08000000      0x1e4 ./OBJS/Debug/startup_stm32f10x_hd.o
                0x08000000                g_pfnVectors
                0x080001e4                . = ALIGN (0x4)

.text           0x080001e4     0x1484
                0x080001e4                . = ALIGN (0x4)
 *(.text)
 .text          0x080001e4       0x40 c:/program files (x86)/gnu arm embedded toolchain/10 2020-q4-major/bin/../lib/gcc/arm-none-eabi/10.2.1/thumb/v7-m/nofp/crtbegin.o
 .text          0x08000224      0x21c c:/program files (x86)/gnu arm embedded toolchain/10 2020-q4-major/bin/../lib/gcc/arm-none-eabi/10.2.1/thumb/v7-m/nofp\libgcc.a(_arm_addsubsf3.o)
                0x08000224                __aeabi_frsub
                0x0800022c                __subsf3
                0x0800022c                __aeabi_fsub
                0x08000230                __aeabi_fadd
                0x08000230                __addsf3
                0x08000390                __aeabi_ui2f
                0x08000390                __floatunsisf
                0x08000398                __aeabi_i2f
                0x08000398                __floatsisf
                0x080003b4                __aeabi_ul2f
                0x080003b4                __floatundisf
                0x080003c4                __aeabi_l2f
                0x080003c4                __floatdisf
 .text          0x08000440      0x2a0 c:/program files (x86)/gnu arm embedded toolchain/10 2020-q4-major/bin/../lib/gcc/arm-none-eabi/10.2.1/thumb/v7-m/nofp\libgcc.a(_arm_muldivsf3.o)
                0x08000440                __mulsf3
                0x08000440                __aeabi_fmul
                0x080005a8                __aeabi_fdiv
                0x080005a8                __divsf3
 .text          0x080006e0       0x40 c:/program files (x86)/gnu arm embedded toolchain/10 2020-q4-major/bin/../lib/gcc/arm-none-eabi/10.2.1/thumb/v7-m/nofp\libgcc.a(_arm_fixunssfsi.o)
                0x080006e0                __fixunssfsi
                0x080006e0                __aeabi_f2uiz
 *(.text*)
 .text.NVIC_PriorityGroupConfig
                0x08000720       0x14 ./OBJS/Debug/misc.o
                0x08000720                NVIC_PriorityGroupConfig
 .text.NVIC_Init
                0x08000734       0x64 ./OBJS/Debug/misc.o
                0x08000734                NVIC_Init
 .text.SysTick_CLKSourceConfig
                0x08000798       0x20 ./OBJS/Debug/misc.o
                0x08000798                SysTick_CLKSourceConfig
 .text.RCC_GetClocksFreq
                0x080007b8       0xbc ./OBJS/Debug/stm32f10x_rcc.o
                0x080007b8                RCC_GetClocksFreq
 .text.USART_ITConfig
                0x08000874       0x36 ./OBJS/Debug/stm32f10x_usart.o
                0x08000874                USART_ITConfig
 *fill*         0x080008aa        0x2 
 .text.SetSysClockTo72
                0x080008ac       0xc4 ./OBJS/Debug/system_stm32f10x.o
 .text.SetSysClock
                0x08000970        0x8 ./OBJS/Debug/system_stm32f10x.o
 .text.SystemInit
                0x08000978       0x50 ./OBJS/Debug/system_stm32f10x.o
                0x08000978                SystemInit
 .text.delay_ms
                0x080009c8       0x40 ./OBJS/Debug/clock_config.o
                0x080009c8                delay_ms
 .text.LED_Init
                0x08000a08       0x44 ./OBJS/Debug/led.o
                0x08000a08                LED_Init
 .text.Led_Ctl  0x08000a4c       0x48 ./OBJS/Debug/led.o
                0x08000a4c                Led_Ctl
 .text.main     0x08000a94       0x54 ./OBJS/Debug/main.o
                0x08000a94                main
 .text.NVIC_Configuration
                0x08000ae8       0x2c ./OBJS/Debug/usart.o
 .text.usart1_Init
                0x08000b14       0xa4 ./OBJS/Debug/usart.o
                0x08000b14                usart1_Init
 .text.USART1_RXData_Resolve
                0x08000bb8        0x2 ./OBJS/Debug/usart.o
                0x08000bb8                USART1_RXData_Resolve
 .text.USART_SendByByte
                0x08000bba        0xe ./OBJS/Debug/usart.o
                0x08000bba                USART_SendByByte
 .text.USART1_IRQHandler
                0x08000bc8       0x28 ./OBJS/Debug/stm32f10x_it.o
                0x08000bc8                USART1_IRQHandler
 .text.NMI_Handler
                0x08000bf0        0x2 ./OBJS/Debug/stm32f10x_it.o
                0x08000bf0                NMI_Handler
 .text.HardFault_Handler
                0x08000bf2        0x2 ./OBJS/Debug/stm32f10x_it.o
                0x08000bf2                HardFault_Handler
 .text.MemManage_Handler
                0x08000bf4        0x2 ./OBJS/Debug/stm32f10x_it.o
                0x08000bf4                MemManage_Handler
 .text.BusFault_Handler
                0x08000bf6        0x2 ./OBJS/Debug/stm32f10x_it.o
                0x08000bf6                BusFault_Handler
 .text.UsageFault_Handler
                0x08000bf8        0x2 ./OBJS/Debug/stm32f10x_it.o
                0x08000bf8                UsageFault_Handler
 .text.SVC_Handler
                0x08000bfa        0x2 ./OBJS/Debug/stm32f10x_it.o
                0x08000bfa                SVC_Handler
 .text.DebugMon_Handler
                0x08000bfc        0x2 ./OBJS/Debug/stm32f10x_it.o
                0x08000bfc                DebugMon_Handler
 .text.PendSV_Handler
                0x08000bfe        0x2 ./OBJS/Debug/stm32f10x_it.o
                0x08000bfe                PendSV_Handler
 .text.SysTick_Handler
                0x08000c00        0x2 ./OBJS/Debug/stm32f10x_it.o
                0x08000c00                SysTick_Handler
 *fill*         0x08000c02        0x2 
 .text.Reset_Handler
                0x08000c04       0x44 ./OBJS/Debug/startup_stm32f10x_hd.o
                0x08000c04                Reset_Handler
 .text.Default_Handler
                0x08000c48        0x2 ./OBJS/Debug/startup_stm32f10x_hd.o
                0x08000c48                EXTI2_IRQHandler
                0x08000c48                TIM8_TRG_COM_IRQHandler
                0x08000c48                TIM8_CC_IRQHandler
                0x08000c48                TIM1_CC_IRQHandler
                0x08000c48                TIM6_IRQHandler
                0x08000c48                PVD_IRQHandler
                0x08000c48                SDIO_IRQHandler
                0x08000c48                EXTI3_IRQHandler
                0x08000c48                EXTI0_IRQHandler
                0x08000c48                I2C2_EV_IRQHandler
                0x08000c48                ADC1_2_IRQHandler
                0x08000c48                SPI1_IRQHandler
                0x08000c48                TAMPER_IRQHandler
                0x08000c48                TIM8_UP_IRQHandler
                0x08000c48                DMA2_Channel2_IRQHandler
                0x08000c48                DMA1_Channel4_IRQHandler
                0x08000c48                USART3_IRQHandler
                0x08000c48                RTC_IRQHandler
                0x08000c48                DMA1_Channel7_IRQHandler
                0x08000c48                CAN1_RX1_IRQHandler
                0x08000c48                UART5_IRQHandler
                0x08000c48                ADC3_IRQHandler
                0x08000c48                TIM4_IRQHandler
                0x08000c48                DMA2_Channel1_IRQHandler
                0x08000c48                I2C1_EV_IRQHandler
                0x08000c48                DMA1_Channel6_IRQHandler
                0x08000c48                UART4_IRQHandler
                0x08000c48                TIM3_IRQHandler
                0x08000c48                RCC_IRQHandler
                0x08000c48                TIM1_TRG_COM_IRQHandler
                0x08000c48                DMA1_Channel1_IRQHandler
                0x08000c48                Default_Handler
                0x08000c48                EXTI15_10_IRQHandler
                0x08000c48                TIM7_IRQHandler
                0x08000c48                TIM5_IRQHandler
                0x08000c48                EXTI9_5_IRQHandler
                0x08000c48                SPI2_IRQHandler
                0x08000c48                DMA1_Channel5_IRQHandler
                0x08000c48                EXTI4_IRQHandler
                0x08000c48                USB_LP_CAN1_RX0_IRQHandler
                0x08000c48                USB_HP_CAN1_TX_IRQHandler
                0x08000c48                DMA1_Channel3_IRQHandler
                0x08000c48                FSMC_IRQHandler
                0x08000c48                TIM1_UP_IRQHandler
                0x08000c48                WWDG_IRQHandler
                0x08000c48                TIM2_IRQHandler
                0x08000c48                TIM1_BRK_IRQHandler
                0x08000c48                EXTI1_IRQHandler
                0x08000c48                RTCAlarm_IRQHandler
                0x08000c48                DMA2_Channel4_5_IRQHandler
                0x08000c48                USART2_IRQHandler
                0x08000c48                I2C2_ER_IRQHandler
                0x08000c48                DMA1_Channel2_IRQHandler
                0x08000c48                TIM8_BRK_IRQHandler
                0x08000c48                CAN1_SCE_IRQHandler
                0x08000c48                FLASH_IRQHandler
                0x08000c48                SPI3_IRQHandler
                0x08000c48                I2C1_ER_IRQHandler
                0x08000c48                USBWakeUp_IRQHandler
                0x08000c48                DMA2_Channel3_IRQHandler
 .text.memset   0x08000c4a       0x10 c:/program files (x86)/gnu arm embedded toolchain/10 2020-q4-major/bin/../lib/gcc/arm-none-eabi/10.2.1/../../../../arm-none-eabi/lib/thumb/v7-m/nofp\libc_nano.a(lib_a-memset.o)
                0x08000c4a                memset
 *fill*         0x08000c5a        0x2 
 .text._puts_r  0x08000c5c       0xdc c:/program files (x86)/gnu arm embedded toolchain/10 2020-q4-major/bin/../lib/gcc/arm-none-eabi/10.2.1/../../../../arm-none-eabi/lib/thumb/v7-m/nofp\libc_nano.a(lib_a-puts.o)
                0x08000c5c                _puts_r
 .text.puts     0x08000d38       0x10 c:/program files (x86)/gnu arm embedded toolchain/10 2020-q4-major/bin/../lib/gcc/arm-none-eabi/10.2.1/../../../../arm-none-eabi/lib/thumb/v7-m/nofp\libc_nano.a(lib_a-puts.o)
                0x08000d38                puts
 .text.__swbuf_r
                0x08000d48       0xa4 c:/program files (x86)/gnu arm embedded toolchain/10 2020-q4-major/bin/../lib/gcc/arm-none-eabi/10.2.1/../../../../arm-none-eabi/lib/thumb/v7-m/nofp\libc_nano.a(lib_a-wbuf.o)
                0x08000d48                __swbuf_r
 .text.__swsetup_r
                0x08000dec       0xdc c:/program files (x86)/gnu arm embedded toolchain/10 2020-q4-major/bin/../lib/gcc/arm-none-eabi/10.2.1/../../../../arm-none-eabi/lib/thumb/v7-m/nofp\libc_nano.a(lib_a-wsetup.o)
                0x08000dec                __swsetup_r
 .text.__sflush_r
                0x08000ec8      0x104 c:/program files (x86)/gnu arm embedded toolchain/10 2020-q4-major/bin/../lib/gcc/arm-none-eabi/10.2.1/../../../../arm-none-eabi/lib/thumb/v7-m/nofp\libc_nano.a(lib_a-fflush.o)
                0x08000ec8                __sflush_r
 .text._fflush_r
                0x08000fcc       0x78 c:/program files (x86)/gnu arm embedded toolchain/10 2020-q4-major/bin/../lib/gcc/arm-none-eabi/10.2.1/../../../../arm-none-eabi/lib/thumb/v7-m/nofp\libc_nano.a(lib_a-fflush.o)
                0x08000fcc                _fflush_r
 .text.std      0x08001044       0x48 c:/program files (x86)/gnu arm embedded toolchain/10 2020-q4-major/bin/../lib/gcc/arm-none-eabi/10.2.1/../../../../arm-none-eabi/lib/thumb/v7-m/nofp\libc_nano.a(lib_a-findfp.o)
 .text._cleanup_r
                0x0800108c        0xc c:/program files (x86)/gnu arm embedded toolchain/10 2020-q4-major/bin/../lib/gcc/arm-none-eabi/10.2.1/../../../../arm-none-eabi/lib/thumb/v7-m/nofp\libc_nano.a(lib_a-findfp.o)
                0x0800108c                _cleanup_r
 .text.__sfmoreglue
                0x08001098       0x2c c:/program files (x86)/gnu arm embedded toolchain/10 2020-q4-major/bin/../lib/gcc/arm-none-eabi/10.2.1/../../../../arm-none-eabi/lib/thumb/v7-m/nofp\libc_nano.a(lib_a-findfp.o)
                0x08001098                __sfmoreglue
 .text.__sfp_lock_acquire
                0x080010c4        0xc c:/program files (x86)/gnu arm embedded toolchain/10 2020-q4-major/bin/../lib/gcc/arm-none-eabi/10.2.1/../../../../arm-none-eabi/lib/thumb/v7-m/nofp\libc_nano.a(lib_a-findfp.o)
                0x080010c4                __sfp_lock_acquire
 .text.__sfp_lock_release
                0x080010d0        0xc c:/program files (x86)/gnu arm embedded toolchain/10 2020-q4-major/bin/../lib/gcc/arm-none-eabi/10.2.1/../../../../arm-none-eabi/lib/thumb/v7-m/nofp\libc_nano.a(lib_a-findfp.o)
                0x080010d0                __sfp_lock_release
 .text.__sinit_lock_acquire
                0x080010dc        0xc c:/program files (x86)/gnu arm embedded toolchain/10 2020-q4-major/bin/../lib/gcc/arm-none-eabi/10.2.1/../../../../arm-none-eabi/lib/thumb/v7-m/nofp\libc_nano.a(lib_a-findfp.o)
                0x080010dc                __sinit_lock_acquire
 .text.__sinit_lock_release
                0x080010e8        0xc c:/program files (x86)/gnu arm embedded toolchain/10 2020-q4-major/bin/../lib/gcc/arm-none-eabi/10.2.1/../../../../arm-none-eabi/lib/thumb/v7-m/nofp\libc_nano.a(lib_a-findfp.o)
                0x080010e8                __sinit_lock_release
 .text.__sinit  0x080010f4       0x70 c:/program files (x86)/gnu arm embedded toolchain/10 2020-q4-major/bin/../lib/gcc/arm-none-eabi/10.2.1/../../../../arm-none-eabi/lib/thumb/v7-m/nofp\libc_nano.a(lib_a-findfp.o)
                0x080010f4                __sinit
 .text.__sfp    0x08001164       0x8c c:/program files (x86)/gnu arm embedded toolchain/10 2020-q4-major/bin/../lib/gcc/arm-none-eabi/10.2.1/../../../../arm-none-eabi/lib/thumb/v7-m/nofp\libc_nano.a(lib_a-findfp.o)
                0x08001164                __sfp
 .text._fwalk_reent
                0x080011f0       0x3e c:/program files (x86)/gnu arm embedded toolchain/10 2020-q4-major/bin/../lib/gcc/arm-none-eabi/10.2.1/../../../../arm-none-eabi/lib/thumb/v7-m/nofp\libc_nano.a(lib_a-fwalk.o)
                0x080011f0                _fwalk_reent
 .text.__retarget_lock_init_recursive
                0x0800122e        0x2 c:/program files (x86)/gnu arm embedded toolchain/10 2020-q4-major/bin/../lib/gcc/arm-none-eabi/10.2.1/../../../../arm-none-eabi/lib/thumb/v7-m/nofp\libc_nano.a(lib_a-lock.o)
                0x0800122e                __retarget_lock_init_recursive
 .text.__retarget_lock_acquire_recursive
                0x08001230        0x2 c:/program files (x86)/gnu arm embedded toolchain/10 2020-q4-major/bin/../lib/gcc/arm-none-eabi/10.2.1/../../../../arm-none-eabi/lib/thumb/v7-m/nofp\libc_nano.a(lib_a-lock.o)
                0x08001230                __retarget_lock_acquire_recursive
 .text.__retarget_lock_release_recursive
                0x08001232        0x2 c:/program files (x86)/gnu arm embedded toolchain/10 2020-q4-major/bin/../lib/gcc/arm-none-eabi/10.2.1/../../../../arm-none-eabi/lib/thumb/v7-m/nofp\libc_nano.a(lib_a-lock.o)
                0x08001232                __retarget_lock_release_recursive
 .text.__swhatbuf_r
                0x08001234       0x4a c:/program files (x86)/gnu arm embedded toolchain/10 2020-q4-major/bin/../lib/gcc/arm-none-eabi/10.2.1/../../../../arm-none-eabi/lib/thumb/v7-m/nofp\libc_nano.a(lib_a-makebuf.o)
                0x08001234                __swhatbuf_r
 *fill*         0x0800127e        0x2 
 .text.__smakebuf_r
                0x08001280       0x80 c:/program files (x86)/gnu arm embedded toolchain/10 2020-q4-major/bin/../lib/gcc/arm-none-eabi/10.2.1/../../../../arm-none-eabi/lib/thumb/v7-m/nofp\libc_nano.a(lib_a-makebuf.o)
                0x08001280                __smakebuf_r
 .text._free_r  0x08001300       0x90 c:/program files (x86)/gnu arm embedded toolchain/10 2020-q4-major/bin/../lib/gcc/arm-none-eabi/10.2.1/../../../../arm-none-eabi/lib/thumb/v7-m/nofp\libc_nano.a(lib_a-nano-freer.o)
                0x08001300                _free_r
 .text._malloc_r
                0x08001390       0xb4 c:/program files (x86)/gnu arm embedded toolchain/10 2020-q4-major/bin/../lib/gcc/arm-none-eabi/10.2.1/../../../../arm-none-eabi/lib/thumb/v7-m/nofp\libc_nano.a(lib_a-nano-mallocr.o)
                0x08001390                _malloc_r
 .text._sbrk_r  0x08001444       0x20 c:/program files (x86)/gnu arm embedded toolchain/10 2020-q4-major/bin/../lib/gcc/arm-none-eabi/10.2.1/../../../../arm-none-eabi/lib/thumb/v7-m/nofp\libc_nano.a(lib_a-sbrkr.o)
                0x08001444                _sbrk_r
 .text.__sread  0x08001464       0x22 c:/program files (x86)/gnu arm embedded toolchain/10 2020-q4-major/bin/../lib/gcc/arm-none-eabi/10.2.1/../../../../arm-none-eabi/lib/thumb/v7-m/nofp\libc_nano.a(lib_a-stdio.o)
                0x08001464                __sread
 .text.__swrite
                0x08001486       0x38 c:/program files (x86)/gnu arm embedded toolchain/10 2020-q4-major/bin/../lib/gcc/arm-none-eabi/10.2.1/../../../../arm-none-eabi/lib/thumb/v7-m/nofp\libc_nano.a(lib_a-stdio.o)
                0x08001486                __swrite
 .text.__sseek  0x080014be       0x24 c:/program files (x86)/gnu arm embedded toolchain/10 2020-q4-major/bin/../lib/gcc/arm-none-eabi/10.2.1/../../../../arm-none-eabi/lib/thumb/v7-m/nofp\libc_nano.a(lib_a-stdio.o)
                0x080014be                __sseek
 .text.__sclose
                0x080014e2        0x8 c:/program files (x86)/gnu arm embedded toolchain/10 2020-q4-major/bin/../lib/gcc/arm-none-eabi/10.2.1/../../../../arm-none-eabi/lib/thumb/v7-m/nofp\libc_nano.a(lib_a-stdio.o)
                0x080014e2                __sclose
 *fill*         0x080014ea        0x2 
 .text._write_r
                0x080014ec       0x24 c:/program files (x86)/gnu arm embedded toolchain/10 2020-q4-major/bin/../lib/gcc/arm-none-eabi/10.2.1/../../../../arm-none-eabi/lib/thumb/v7-m/nofp\libc_nano.a(lib_a-writer.o)
                0x080014ec                _write_r
 .text._close_r
                0x08001510       0x20 c:/program files (x86)/gnu arm embedded toolchain/10 2020-q4-major/bin/../lib/gcc/arm-none-eabi/10.2.1/../../../../arm-none-eabi/lib/thumb/v7-m/nofp\libc_nano.a(lib_a-closer.o)
                0x08001510                _close_r
 .text._fstat_r
                0x08001530       0x24 c:/program files (x86)/gnu arm embedded toolchain/10 2020-q4-major/bin/../lib/gcc/arm-none-eabi/10.2.1/../../../../arm-none-eabi/lib/thumb/v7-m/nofp\libc_nano.a(lib_a-fstatr.o)
                0x08001530                _fstat_r
 .text._isatty_r
                0x08001554       0x20 c:/program files (x86)/gnu arm embedded toolchain/10 2020-q4-major/bin/../lib/gcc/arm-none-eabi/10.2.1/../../../../arm-none-eabi/lib/thumb/v7-m/nofp\libc_nano.a(lib_a-isattyr.o)
                0x08001554                _isatty_r
 .text._lseek_r
                0x08001574       0x24 c:/program files (x86)/gnu arm embedded toolchain/10 2020-q4-major/bin/../lib/gcc/arm-none-eabi/10.2.1/../../../../arm-none-eabi/lib/thumb/v7-m/nofp\libc_nano.a(lib_a-lseekr.o)
                0x08001574                _lseek_r
 .text.__malloc_lock
                0x08001598        0xc c:/program files (x86)/gnu arm embedded toolchain/10 2020-q4-major/bin/../lib/gcc/arm-none-eabi/10.2.1/../../../../arm-none-eabi/lib/thumb/v7-m/nofp\libc_nano.a(lib_a-mlock.o)
                0x08001598                __malloc_lock
 .text.__malloc_unlock
                0x080015a4        0xc c:/program files (x86)/gnu arm embedded toolchain/10 2020-q4-major/bin/../lib/gcc/arm-none-eabi/10.2.1/../../../../arm-none-eabi/lib/thumb/v7-m/nofp\libc_nano.a(lib_a-mlock.o)
                0x080015a4                __malloc_unlock
 .text._read_r  0x080015b0       0x24 c:/program files (x86)/gnu arm embedded toolchain/10 2020-q4-major/bin/../lib/gcc/arm-none-eabi/10.2.1/../../../../arm-none-eabi/lib/thumb/v7-m/nofp\libc_nano.a(lib_a-readr.o)
                0x080015b0                _read_r
 .text._close   0x080015d4       0x10 c:/program files (x86)/gnu arm embedded toolchain/10 2020-q4-major/bin/../lib/gcc/arm-none-eabi/10.2.1/../../../../arm-none-eabi/lib/thumb/v7-m/nofp\libnosys.a(close.o)
                0x080015d4                _close
 .text._fstat   0x080015e4       0x10 c:/program files (x86)/gnu arm embedded toolchain/10 2020-q4-major/bin/../lib/gcc/arm-none-eabi/10.2.1/../../../../arm-none-eabi/lib/thumb/v7-m/nofp\libnosys.a(fstat.o)
                0x080015e4                _fstat
 .text._isatty  0x080015f4       0x10 c:/program files (x86)/gnu arm embedded toolchain/10 2020-q4-major/bin/../lib/gcc/arm-none-eabi/10.2.1/../../../../arm-none-eabi/lib/thumb/v7-m/nofp\libnosys.a(isatty.o)
                0x080015f4                _isatty
 .text._lseek   0x08001604       0x10 c:/program files (x86)/gnu arm embedded toolchain/10 2020-q4-major/bin/../lib/gcc/arm-none-eabi/10.2.1/../../../../arm-none-eabi/lib/thumb/v7-m/nofp\libnosys.a(lseek.o)
                0x08001604                _lseek
 .text._read    0x08001614       0x10 c:/program files (x86)/gnu arm embedded toolchain/10 2020-q4-major/bin/../lib/gcc/arm-none-eabi/10.2.1/../../../../arm-none-eabi/lib/thumb/v7-m/nofp\libnosys.a(read.o)
                0x08001614                _read
 .text._sbrk    0x08001624       0x1c c:/program files (x86)/gnu arm embedded toolchain/10 2020-q4-major/bin/../lib/gcc/arm-none-eabi/10.2.1/../../../../arm-none-eabi/lib/thumb/v7-m/nofp\libnosys.a(sbrk.o)
                0x08001624                _sbrk
 .text._write   0x08001640       0x10 c:/program files (x86)/gnu arm embedded toolchain/10 2020-q4-major/bin/../lib/gcc/arm-none-eabi/10.2.1/../../../../arm-none-eabi/lib/thumb/v7-m/nofp\libnosys.a(write.o)
                0x08001640                _write
 *(.glue_7)
 .glue_7        0x08001650        0x0 linker stubs
 *(.glue_7t)
 .glue_7t       0x08001650        0x0 linker stubs
 *(.eh_frame)
 .eh_frame      0x08001650        0x0 c:/program files (x86)/gnu arm embedded toolchain/10 2020-q4-major/bin/../lib/gcc/arm-none-eabi/10.2.1/thumb/v7-m/nofp/crtbegin.o
 *(.init)
 .init          0x08001650        0x4 c:/program files (x86)/gnu arm embedded toolchain/10 2020-q4-major/bin/../lib/gcc/arm-none-eabi/10.2.1/thumb/v7-m/nofp/crti.o
                0x08001650                _init
 .init          0x08001654        0x8 c:/program files (x86)/gnu arm embedded toolchain/10 2020-q4-major/bin/../lib/gcc/arm-none-eabi/10.2.1/thumb/v7-m/nofp/crtn.o
 *(.fini)
 .fini          0x0800165c        0x4 c:/program files (x86)/gnu arm embedded toolchain/10 2020-q4-major/bin/../lib/gcc/arm-none-eabi/10.2.1/thumb/v7-m/nofp/crti.o
                0x0800165c                _fini
 .fini          0x08001660        0x8 c:/program files (x86)/gnu arm embedded toolchain/10 2020-q4-major/bin/../lib/gcc/arm-none-eabi/10.2.1/thumb/v7-m/nofp/crtn.o
                0x08001668                . = ALIGN (0x4)
                0x08001668                _etext = .

.vfp11_veneer   0x08001668        0x0
 .vfp11_veneer  0x08001668        0x0 linker stubs

.v4_bx          0x08001668        0x0
 .v4_bx         0x08001668        0x0 linker stubs

.iplt           0x08001668        0x0
 .iplt          0x08001668        0x0 c:/program files (x86)/gnu arm embedded toolchain/10 2020-q4-major/bin/../lib/gcc/arm-none-eabi/10.2.1/thumb/v7-m/nofp/crtbegin.o

.rodata         0x08001668       0x98
                0x08001668                . = ALIGN (0x4)
 *(.rodata)
 *(.rodata*)
 .rodata.main.str1.4
                0x08001668       0x33 ./OBJS/Debug/main.o
 *fill*         0x0800169b        0x1 
 .rodata._global_impure_ptr
                0x0800169c        0x4 c:/program files (x86)/gnu arm embedded toolchain/10 2020-q4-major/bin/../lib/gcc/arm-none-eabi/10.2.1/../../../../arm-none-eabi/lib/thumb/v7-m/nofp\libc_nano.a(lib_a-impure.o)
                0x0800169c                _global_impure_ptr
 .rodata.__sf_fake_stderr
                0x080016a0       0x20 c:/program files (x86)/gnu arm embedded toolchain/10 2020-q4-major/bin/../lib/gcc/arm-none-eabi/10.2.1/../../../../arm-none-eabi/lib/thumb/v7-m/nofp\libc_nano.a(lib_a-findfp.o)
                0x080016a0                __sf_fake_stderr
 .rodata.__sf_fake_stdin
                0x080016c0       0x20 c:/program files (x86)/gnu arm embedded toolchain/10 2020-q4-major/bin/../lib/gcc/arm-none-eabi/10.2.1/../../../../arm-none-eabi/lib/thumb/v7-m/nofp\libc_nano.a(lib_a-findfp.o)
                0x080016c0                __sf_fake_stdin
 .rodata.__sf_fake_stdout
                0x080016e0       0x20 c:/program files (x86)/gnu arm embedded toolchain/10 2020-q4-major/bin/../lib/gcc/arm-none-eabi/10.2.1/../../../../arm-none-eabi/lib/thumb/v7-m/nofp\libc_nano.a(lib_a-findfp.o)
                0x080016e0                __sf_fake_stdout
                0x08001700                . = ALIGN (0x4)

.rel.dyn        0x08001700        0x0
 .rel.iplt      0x08001700        0x0 c:/program files (x86)/gnu arm embedded toolchain/10 2020-q4-major/bin/../lib/gcc/arm-none-eabi/10.2.1/thumb/v7-m/nofp/crtbegin.o

.ARM.extab
 *(.ARM.extab* .gnu.linkonce.armextab.*)

.ARM            0x08001700        0x0
                0x08001700                __exidx_start = .
 *(.ARM.exidx*)
                0x08001700                __exidx_end = .

.preinit_array  0x08001700        0x0
                0x08001700                PROVIDE (__preinit_array_start = .)
 *(.preinit_array*)
                0x08001700                PROVIDE (__preinit_array_end = .)

.init_array     0x08001700        0x4
                0x08001700                PROVIDE (__init_array_start = .)
 *(SORT_BY_NAME(.init_array.*))
 *(.init_array*)
 .init_array    0x08001700        0x4 c:/program files (x86)/gnu arm embedded toolchain/10 2020-q4-major/bin/../lib/gcc/arm-none-eabi/10.2.1/thumb/v7-m/nofp/crtbegin.o
                0x08001704                PROVIDE (__init_array_end = .)

.fini_array     0x08001704        0x4
                [!provide]                PROVIDE (__fini_array_start = .)
 *(SORT_BY_NAME(.fini_array.*))
 *(.fini_array*)
 .fini_array    0x08001704        0x4 c:/program files (x86)/gnu arm embedded toolchain/10 2020-q4-major/bin/../lib/gcc/arm-none-eabi/10.2.1/thumb/v7-m/nofp/crtbegin.o
                [!provide]                PROVIDE (__fini_array_end = .)
                0x08001708                _sidata = LOADADDR (.data)

.data           0x20000000       0x7c load address 0x08001708
                0x20000000                . = ALIGN (0x4)
                0x20000000                _sdata = .
 *(.data)
 *(.data*)
 .data.ADCPrescTable
                0x20000000        0x4 ./OBJS/Debug/stm32f10x_rcc.o
 .data.APBAHBPrescTable
                0x20000004       0x10 ./OBJS/Debug/stm32f10x_rcc.o
 .data.SystemCoreClock
                0x20000014        0x4 ./OBJS/Debug/system_stm32f10x.o
                0x20000014                SystemCoreClock
 .data._impure_ptr
                0x20000018        0x4 c:/program files (x86)/gnu arm embedded toolchain/10 2020-q4-major/bin/../lib/gcc/arm-none-eabi/10.2.1/../../../../arm-none-eabi/lib/thumb/v7-m/nofp\libc_nano.a(lib_a-impure.o)
                0x20000018                _impure_ptr
 .data.impure_data
                0x2000001c       0x60 c:/program files (x86)/gnu arm embedded toolchain/10 2020-q4-major/bin/../lib/gcc/arm-none-eabi/10.2.1/../../../../arm-none-eabi/lib/thumb/v7-m/nofp\libc_nano.a(lib_a-impure.o)
                0x2000007c                . = ALIGN (0x4)
                0x2000007c                _edata = .

.igot.plt       0x2000007c        0x0 load address 0x08001784
 .igot.plt      0x2000007c        0x0 c:/program files (x86)/gnu arm embedded toolchain/10 2020-q4-major/bin/../lib/gcc/arm-none-eabi/10.2.1/thumb/v7-m/nofp/crtbegin.o
                0x2000007c                . = ALIGN (0x4)

.bss            0x2000007c       0x30 load address 0x08001784
                0x2000007c                _sbss = .
                0x2000007c                __bss_start__ = _sbss
 *(.bss)
 .bss           0x2000007c       0x1c c:/program files (x86)/gnu arm embedded toolchain/10 2020-q4-major/bin/../lib/gcc/arm-none-eabi/10.2.1/thumb/v7-m/nofp/crtbegin.o
 *(.bss*)
 .bss.__lock___malloc_recursive_mutex
                0x20000098        0x1 c:/program files (x86)/gnu arm embedded toolchain/10 2020-q4-major/bin/../lib/gcc/arm-none-eabi/10.2.1/../../../../arm-none-eabi/lib/thumb/v7-m/nofp\libc_nano.a(lib_a-lock.o)
                0x20000098                __lock___malloc_recursive_mutex
 .bss.__lock___sfp_recursive_mutex
                0x20000099        0x1 c:/program files (x86)/gnu arm embedded toolchain/10 2020-q4-major/bin/../lib/gcc/arm-none-eabi/10.2.1/../../../../arm-none-eabi/lib/thumb/v7-m/nofp\libc_nano.a(lib_a-lock.o)
                0x20000099                __lock___sfp_recursive_mutex
 .bss.__lock___sinit_recursive_mutex
                0x2000009a        0x1 c:/program files (x86)/gnu arm embedded toolchain/10 2020-q4-major/bin/../lib/gcc/arm-none-eabi/10.2.1/../../../../arm-none-eabi/lib/thumb/v7-m/nofp\libc_nano.a(lib_a-lock.o)
                0x2000009a                __lock___sinit_recursive_mutex
 *fill*         0x2000009b        0x1 
 .bss.__malloc_free_list
                0x2000009c        0x4 c:/program files (x86)/gnu arm embedded toolchain/10 2020-q4-major/bin/../lib/gcc/arm-none-eabi/10.2.1/../../../../arm-none-eabi/lib/thumb/v7-m/nofp\libc_nano.a(lib_a-nano-mallocr.o)
                0x2000009c                __malloc_free_list
 .bss.__malloc_sbrk_start
                0x200000a0        0x4 c:/program files (x86)/gnu arm embedded toolchain/10 2020-q4-major/bin/../lib/gcc/arm-none-eabi/10.2.1/../../../../arm-none-eabi/lib/thumb/v7-m/nofp\libc_nano.a(lib_a-nano-mallocr.o)
                0x200000a0                __malloc_sbrk_start
 .bss.errno     0x200000a4        0x4 c:/program files (x86)/gnu arm embedded toolchain/10 2020-q4-major/bin/../lib/gcc/arm-none-eabi/10.2.1/../../../../arm-none-eabi/lib/thumb/v7-m/nofp\libc_nano.a(lib_a-reent.o)
                0x200000a4                errno
 .bss.heap_end.0
                0x200000a8        0x4 c:/program files (x86)/gnu arm embedded toolchain/10 2020-q4-major/bin/../lib/gcc/arm-none-eabi/10.2.1/../../../../arm-none-eabi/lib/thumb/v7-m/nofp\libnosys.a(sbrk.o)
 *(COMMON)
                0x200000ac                . = ALIGN (0x4)
                0x200000ac                _ebss = .
                0x200000ac                __bss_end__ = _ebss

._user_heap_stack
                0x200000ac      0x604 load address 0x08001784
                0x200000b0                . = ALIGN (0x8)
 *fill*         0x200000ac        0x4 
                0x200000b0                PROVIDE (end = .)
                [!provide]                PROVIDE (_end = .)
                0x200002b0                . = (. + _Min_Heap_Size)
 *fill*         0x200000b0      0x200 
                0x200006b0                . = (. + _Min_Stack_Size)
 *fill*         0x200002b0      0x400 
                0x200006b0                . = ALIGN (0x8)

/DISCARD/
 libc.a(*)
 libm.a(*)
 libgcc.a(*)

.ARM.attributes
                0x00000000       0x29
 *(.ARM.attributes)
 .ARM.attributes
                0x00000000       0x1d c:/program files (x86)/gnu arm embedded toolchain/10 2020-q4-major/bin/../lib/gcc/arm-none-eabi/10.2.1/thumb/v7-m/nofp/crti.o
 .ARM.attributes
                0x0000001d       0x2d c:/program files (x86)/gnu arm embedded toolchain/10 2020-q4-major/bin/../lib/gcc/arm-none-eabi/10.2.1/thumb/v7-m/nofp/crtbegin.o
 .ARM.attributes
                0x0000004a       0x2d ./OBJS/Debug/misc.o
 .ARM.attributes
                0x00000077       0x2d ./OBJS/Debug/stm32f10x_rcc.o
 .ARM.attributes
                0x000000a4       0x2d ./OBJS/Debug/stm32f10x_usart.o
 .ARM.attributes
                0x000000d1       0x2d ./OBJS/Debug/system_stm32f10x.o
 .ARM.attributes
                0x000000fe       0x2d ./OBJS/Debug/clock_config.o
 .ARM.attributes
                0x0000012b       0x2d ./OBJS/Debug/led.o
 .ARM.attributes
                0x00000158       0x2d ./OBJS/Debug/main.o
 .ARM.attributes
                0x00000185       0x2d ./OBJS/Debug/usart.o
 .ARM.attributes
                0x000001b2       0x2d ./OBJS/Debug/stm32f10x_it.o
 .ARM.attributes
                0x000001df       0x21 ./OBJS/Debug/startup_stm32f10x_hd.o
 .ARM.attributes
                0x00000200       0x1d c:/program files (x86)/gnu arm embedded toolchain/10 2020-q4-major/bin/../lib/gcc/arm-none-eabi/10.2.1/thumb/v7-m/nofp\libgcc.a(_arm_addsubsf3.o)
 .ARM.attributes
                0x0000021d       0x1d c:/program files (x86)/gnu arm embedded toolchain/10 2020-q4-major/bin/../lib/gcc/arm-none-eabi/10.2.1/thumb/v7-m/nofp\libgcc.a(_arm_muldivsf3.o)
 .ARM.attributes
                0x0000023a       0x1d c:/program files (x86)/gnu arm embedded toolchain/10 2020-q4-major/bin/../lib/gcc/arm-none-eabi/10.2.1/thumb/v7-m/nofp\libgcc.a(_arm_fixunssfsi.o)
 .ARM.attributes
                0x00000257       0x2d c:/program files (x86)/gnu arm embedded toolchain/10 2020-q4-major/bin/../lib/gcc/arm-none-eabi/10.2.1/../../../../arm-none-eabi/lib/thumb/v7-m/nofp\libc_nano.a(lib_a-impure.o)
 .ARM.attributes
                0x00000284       0x2d c:/program files (x86)/gnu arm embedded toolchain/10 2020-q4-major/bin/../lib/gcc/arm-none-eabi/10.2.1/../../../../arm-none-eabi/lib/thumb/v7-m/nofp\libc_nano.a(lib_a-memset.o)
 .ARM.attributes
                0x000002b1       0x2d c:/program files (x86)/gnu arm embedded toolchain/10 2020-q4-major/bin/../lib/gcc/arm-none-eabi/10.2.1/../../../../arm-none-eabi/lib/thumb/v7-m/nofp\libc_nano.a(lib_a-puts.o)
 .ARM.attributes
                0x000002de       0x2d c:/program files (x86)/gnu arm embedded toolchain/10 2020-q4-major/bin/../lib/gcc/arm-none-eabi/10.2.1/../../../../arm-none-eabi/lib/thumb/v7-m/nofp\libc_nano.a(lib_a-wbuf.o)
 .ARM.attributes
                0x0000030b       0x2d c:/program files (x86)/gnu arm embedded toolchain/10 2020-q4-major/bin/../lib/gcc/arm-none-eabi/10.2.1/../../../../arm-none-eabi/lib/thumb/v7-m/nofp\libc_nano.a(lib_a-wsetup.o)
 .ARM.attributes
                0x00000338       0x2d c:/program files (x86)/gnu arm embedded toolchain/10 2020-q4-major/bin/../lib/gcc/arm-none-eabi/10.2.1/../../../../arm-none-eabi/lib/thumb/v7-m/nofp\libc_nano.a(lib_a-fflush.o)
 .ARM.attributes
                0x00000365       0x2d c:/program files (x86)/gnu arm embedded toolchain/10 2020-q4-major/bin/../lib/gcc/arm-none-eabi/10.2.1/../../../../arm-none-eabi/lib/thumb/v7-m/nofp\libc_nano.a(lib_a-findfp.o)
 .ARM.attributes
                0x00000392       0x2d c:/program files (x86)/gnu arm embedded toolchain/10 2020-q4-major/bin/../lib/gcc/arm-none-eabi/10.2.1/../../../../arm-none-eabi/lib/thumb/v7-m/nofp\libc_nano.a(lib_a-fwalk.o)
 .ARM.attributes
                0x000003bf       0x2d c:/program files (x86)/gnu arm embedded toolchain/10 2020-q4-major/bin/../lib/gcc/arm-none-eabi/10.2.1/../../../../arm-none-eabi/lib/thumb/v7-m/nofp\libc_nano.a(lib_a-lock.o)
 .ARM.attributes
                0x000003ec       0x2d c:/program files (x86)/gnu arm embedded toolchain/10 2020-q4-major/bin/../lib/gcc/arm-none-eabi/10.2.1/../../../../arm-none-eabi/lib/thumb/v7-m/nofp\libc_nano.a(lib_a-makebuf.o)
 .ARM.attributes
                0x00000419       0x2d c:/program files (x86)/gnu arm embedded toolchain/10 2020-q4-major/bin/../lib/gcc/arm-none-eabi/10.2.1/../../../../arm-none-eabi/lib/thumb/v7-m/nofp\libc_nano.a(lib_a-nano-freer.o)
 .ARM.attributes
                0x00000446       0x2d c:/program files (x86)/gnu arm embedded toolchain/10 2020-q4-major/bin/../lib/gcc/arm-none-eabi/10.2.1/../../../../arm-none-eabi/lib/thumb/v7-m/nofp\libc_nano.a(lib_a-nano-mallocr.o)
 .ARM.attributes
                0x00000473       0x2d c:/program files (x86)/gnu arm embedded toolchain/10 2020-q4-major/bin/../lib/gcc/arm-none-eabi/10.2.1/../../../../arm-none-eabi/lib/thumb/v7-m/nofp\libc_nano.a(lib_a-sbrkr.o)
 .ARM.attributes
                0x000004a0       0x2d c:/program files (x86)/gnu arm embedded toolchain/10 2020-q4-major/bin/../lib/gcc/arm-none-eabi/10.2.1/../../../../arm-none-eabi/lib/thumb/v7-m/nofp\libc_nano.a(lib_a-stdio.o)
 .ARM.attributes
                0x000004cd       0x2d c:/program files (x86)/gnu arm embedded toolchain/10 2020-q4-major/bin/../lib/gcc/arm-none-eabi/10.2.1/../../../../arm-none-eabi/lib/thumb/v7-m/nofp\libc_nano.a(lib_a-writer.o)
 .ARM.attributes
                0x000004fa       0x2d c:/program files (x86)/gnu arm embedded toolchain/10 2020-q4-major/bin/../lib/gcc/arm-none-eabi/10.2.1/../../../../arm-none-eabi/lib/thumb/v7-m/nofp\libc_nano.a(lib_a-closer.o)
 .ARM.attributes
                0x00000527       0x2d c:/program files (x86)/gnu arm embedded toolchain/10 2020-q4-major/bin/../lib/gcc/arm-none-eabi/10.2.1/../../../../arm-none-eabi/lib/thumb/v7-m/nofp\libc_nano.a(lib_a-fstatr.o)
 .ARM.attributes
                0x00000554       0x2d c:/program files (x86)/gnu arm embedded toolchain/10 2020-q4-major/bin/../lib/gcc/arm-none-eabi/10.2.1/../../../../arm-none-eabi/lib/thumb/v7-m/nofp\libc_nano.a(lib_a-isattyr.o)
 .ARM.attributes
                0x00000581       0x2d c:/program files (x86)/gnu arm embedded toolchain/10 2020-q4-major/bin/../lib/gcc/arm-none-eabi/10.2.1/../../../../arm-none-eabi/lib/thumb/v7-m/nofp\libc_nano.a(lib_a-lseekr.o)
 .ARM.attributes
                0x000005ae       0x2d c:/program files (x86)/gnu arm embedded toolchain/10 2020-q4-major/bin/../lib/gcc/arm-none-eabi/10.2.1/../../../../arm-none-eabi/lib/thumb/v7-m/nofp\libc_nano.a(lib_a-mlock.o)
 .ARM.attributes
                0x000005db       0x2d c:/program files (x86)/gnu arm embedded toolchain/10 2020-q4-major/bin/../lib/gcc/arm-none-eabi/10.2.1/../../../../arm-none-eabi/lib/thumb/v7-m/nofp\libc_nano.a(lib_a-readr.o)
 .ARM.attributes
                0x00000608       0x2d c:/program files (x86)/gnu arm embedded toolchain/10 2020-q4-major/bin/../lib/gcc/arm-none-eabi/10.2.1/../../../../arm-none-eabi/lib/thumb/v7-m/nofp\libc_nano.a(lib_a-reent.o)
 .ARM.attributes
                0x00000635       0x2d c:/program files (x86)/gnu arm embedded toolchain/10 2020-q4-major/bin/../lib/gcc/arm-none-eabi/10.2.1/../../../../arm-none-eabi/lib/thumb/v7-m/nofp\libnosys.a(close.o)
 .ARM.attributes
                0x00000662       0x2d c:/program files (x86)/gnu arm embedded toolchain/10 2020-q4-major/bin/../lib/gcc/arm-none-eabi/10.2.1/../../../../arm-none-eabi/lib/thumb/v7-m/nofp\libnosys.a(fstat.o)
 .ARM.attributes
                0x0000068f       0x2d c:/program files (x86)/gnu arm embedded toolchain/10 2020-q4-major/bin/../lib/gcc/arm-none-eabi/10.2.1/../../../../arm-none-eabi/lib/thumb/v7-m/nofp\libnosys.a(isatty.o)
 .ARM.attributes
                0x000006bc       0x2d c:/program files (x86)/gnu arm embedded toolchain/10 2020-q4-major/bin/../lib/gcc/arm-none-eabi/10.2.1/../../../../arm-none-eabi/lib/thumb/v7-m/nofp\libnosys.a(lseek.o)
 .ARM.attributes
                0x000006e9       0x2d c:/program files (x86)/gnu arm embedded toolchain/10 2020-q4-major/bin/../lib/gcc/arm-none-eabi/10.2.1/../../../../arm-none-eabi/lib/thumb/v7-m/nofp\libnosys.a(read.o)
 .ARM.attributes
                0x00000716       0x2d c:/program files (x86)/gnu arm embedded toolchain/10 2020-q4-major/bin/../lib/gcc/arm-none-eabi/10.2.1/../../../../arm-none-eabi/lib/thumb/v7-m/nofp\libnosys.a(sbrk.o)
 .ARM.attributes
                0x00000743       0x2d c:/program files (x86)/gnu arm embedded toolchain/10 2020-q4-major/bin/../lib/gcc/arm-none-eabi/10.2.1/../../../../arm-none-eabi/lib/thumb/v7-m/nofp\libnosys.a(write.o)
 .ARM.attributes
                0x00000770       0x1d c:/program files (x86)/gnu arm embedded toolchain/10 2020-q4-major/bin/../lib/gcc/arm-none-eabi/10.2.1/thumb/v7-m/nofp/crtn.o
OUTPUT(./OBJS/Debug/Template.elf elf32-littlearm)
LOAD linker stubs
LOAD c:/program files (x86)/gnu arm embedded toolchain/10 2020-q4-major/bin/../lib/gcc/arm-none-eabi/10.2.1/../../../../arm-none-eabi/lib/thumb/v7-m/nofp\libc.a
LOAD c:/program files (x86)/gnu arm embedded toolchain/10 2020-q4-major/bin/../lib/gcc/arm-none-eabi/10.2.1/../../../../arm-none-eabi/lib/thumb/v7-m/nofp\libm.a
LOAD c:/program files (x86)/gnu arm embedded toolchain/10 2020-q4-major/bin/../lib/gcc/arm-none-eabi/10.2.1/thumb/v7-m/nofp\libgcc.a

.debug_info     0x00000000     0x39e6
 .debug_info    0x00000000      0x52c ./OBJS/Debug/misc.o
 .debug_info    0x0000052c      0x97f ./OBJS/Debug/stm32f10x_rcc.o
 .debug_info    0x00000eab      0xc08 ./OBJS/Debug/stm32f10x_usart.o
 .debug_info    0x00001ab3      0x49c ./OBJS/Debug/system_stm32f10x.o
 .debug_info    0x00001f4f      0x1d0 ./OBJS/Debug/clock_config.o
 .debug_info    0x0000211f      0x251 ./OBJS/Debug/led.o
 .debug_info    0x00002370      0x244 ./OBJS/Debug/main.o
 .debug_info    0x000025b4     0x1153 ./OBJS/Debug/usart.o
 .debug_info    0x00003707      0x2bd ./OBJS/Debug/stm32f10x_it.o
 .debug_info    0x000039c4       0x22 ./OBJS/Debug/startup_stm32f10x_hd.o

.debug_abbrev   0x00000000      0xe55
 .debug_abbrev  0x00000000      0x198 ./OBJS/Debug/misc.o
 .debug_abbrev  0x00000198      0x204 ./OBJS/Debug/stm32f10x_rcc.o
 .debug_abbrev  0x0000039c      0x1dc ./OBJS/Debug/stm32f10x_usart.o
 .debug_abbrev  0x00000578      0x1b8 ./OBJS/Debug/system_stm32f10x.o
 .debug_abbrev  0x00000730      0x118 ./OBJS/Debug/clock_config.o
 .debug_abbrev  0x00000848       0xf4 ./OBJS/Debug/led.o
 .debug_abbrev  0x0000093c       0xe7 ./OBJS/Debug/main.o
 .debug_abbrev  0x00000a23      0x2fe ./OBJS/Debug/usart.o
 .debug_abbrev  0x00000d21      0x122 ./OBJS/Debug/stm32f10x_it.o
 .debug_abbrev  0x00000e43       0x12 ./OBJS/Debug/startup_stm32f10x_hd.o

.debug_loc      0x00000000     0x12e8
 .debug_loc     0x00000000      0x16b ./OBJS/Debug/misc.o
 .debug_loc     0x0000016b      0x654 ./OBJS/Debug/stm32f10x_rcc.o
 .debug_loc     0x000007bf      0x80c ./OBJS/Debug/stm32f10x_usart.o
 .debug_loc     0x00000fcb       0xff ./OBJS/Debug/system_stm32f10x.o
 .debug_loc     0x000010ca       0x64 ./OBJS/Debug/clock_config.o
 .debug_loc     0x0000112e      0x198 ./OBJS/Debug/usart.o
 .debug_loc     0x000012c6       0x22 ./OBJS/Debug/stm32f10x_it.o

.debug_aranges  0x00000000      0x3e8
 .debug_aranges
                0x00000000       0x40 ./OBJS/Debug/misc.o
 .debug_aranges
                0x00000040      0x118 ./OBJS/Debug/stm32f10x_rcc.o
 .debug_aranges
                0x00000158      0x100 ./OBJS/Debug/stm32f10x_usart.o
 .debug_aranges
                0x00000258       0x38 ./OBJS/Debug/system_stm32f10x.o
 .debug_aranges
                0x00000290       0x30 ./OBJS/Debug/clock_config.o
 .debug_aranges
                0x000002c0       0x28 ./OBJS/Debug/led.o
 .debug_aranges
                0x000002e8       0x20 ./OBJS/Debug/main.o
 .debug_aranges
                0x00000308       0x50 ./OBJS/Debug/usart.o
 .debug_aranges
                0x00000358       0x68 ./OBJS/Debug/stm32f10x_it.o
 .debug_aranges
                0x000003c0       0x28 ./OBJS/Debug/startup_stm32f10x_hd.o

.debug_ranges   0x00000000      0x350
 .debug_ranges  0x00000000       0x30 ./OBJS/Debug/misc.o
 .debug_ranges  0x00000030      0x108 ./OBJS/Debug/stm32f10x_rcc.o
 .debug_ranges  0x00000138       0xf0 ./OBJS/Debug/stm32f10x_usart.o
 .debug_ranges  0x00000228       0x28 ./OBJS/Debug/system_stm32f10x.o
 .debug_ranges  0x00000250       0x20 ./OBJS/Debug/clock_config.o
 .debug_ranges  0x00000270       0x18 ./OBJS/Debug/led.o
 .debug_ranges  0x00000288       0x10 ./OBJS/Debug/main.o
 .debug_ranges  0x00000298       0x40 ./OBJS/Debug/usart.o
 .debug_ranges  0x000002d8       0x58 ./OBJS/Debug/stm32f10x_it.o
 .debug_ranges  0x00000330       0x20 ./OBJS/Debug/startup_stm32f10x_hd.o

.debug_line     0x00000000     0x2674
 .debug_line    0x00000000      0x2db ./OBJS/Debug/misc.o
 .debug_line    0x000002db      0x893 ./OBJS/Debug/stm32f10x_rcc.o
 .debug_line    0x00000b6e      0x8bc ./OBJS/Debug/stm32f10x_usart.o
 .debug_line    0x0000142a      0x3e8 ./OBJS/Debug/system_stm32f10x.o
 .debug_line    0x00001812      0x2d5 ./OBJS/Debug/clock_config.o
 .debug_line    0x00001ae7      0x22f ./OBJS/Debug/led.o
 .debug_line    0x00001d16      0x1d3 ./OBJS/Debug/main.o
 .debug_line    0x00001ee9      0x45c ./OBJS/Debug/usart.o
 .debug_line    0x00002345      0x295 ./OBJS/Debug/stm32f10x_it.o
 .debug_line    0x000025da       0x9a ./OBJS/Debug/startup_stm32f10x_hd.o

.debug_str      0x00000000     0x1718
 .debug_str     0x00000000      0x395 ./OBJS/Debug/misc.o
                                0x3da (size before relaxing)
 .debug_str     0x00000395      0x45e ./OBJS/Debug/stm32f10x_rcc.o
                                0x63c (size before relaxing)
 .debug_str     0x000007f3      0x433 ./OBJS/Debug/stm32f10x_usart.o
                                0x6f2 (size before relaxing)
 .debug_str     0x00000c26       0xa1 ./OBJS/Debug/system_stm32f10x.o
                                0x2fe (size before relaxing)
 .debug_str     0x00000cc7       0x34 ./OBJS/Debug/clock_config.o
                                0x1f2 (size before relaxing)
 .debug_str     0x00000cfb       0x69 ./OBJS/Debug/led.o
                                0x229 (size before relaxing)
 .debug_str     0x00000d64       0x39 ./OBJS/Debug/main.o
                                0x1f9 (size before relaxing)
 .debug_str     0x00000d9d      0x85b ./OBJS/Debug/usart.o
                                0xc5e (size before relaxing)
 .debug_str     0x000015f8       0xd3 ./OBJS/Debug/stm32f10x_it.o
                                0x2ee (size before relaxing)
 .debug_str     0x000016cb       0x4d ./OBJS/Debug/startup_stm32f10x_hd.o
                                 0x7b (size before relaxing)

.comment        0x00000000       0x4d
 .comment       0x00000000       0x4d ./OBJS/Debug/misc.o
                                 0x4e (size before relaxing)
 .comment       0x0000004d       0x4e ./OBJS/Debug/stm32f10x_rcc.o
 .comment       0x0000004d       0x4e ./OBJS/Debug/stm32f10x_usart.o
 .comment       0x0000004d       0x4e ./OBJS/Debug/system_stm32f10x.o
 .comment       0x0000004d       0x4e ./OBJS/Debug/clock_config.o
 .comment       0x0000004d       0x4e ./OBJS/Debug/led.o
 .comment       0x0000004d       0x4e ./OBJS/Debug/main.o
 .comment       0x0000004d       0x4e ./OBJS/Debug/usart.o
 .comment       0x0000004d       0x4e ./OBJS/Debug/stm32f10x_it.o

.debug_frame    0x00000000      0xf04
 .debug_frame   0x00000000       0x60 ./OBJS/Debug/misc.o
 .debug_frame   0x00000060      0x228 ./OBJS/Debug/stm32f10x_rcc.o
 .debug_frame   0x00000288      0x204 ./OBJS/Debug/stm32f10x_usart.o
 .debug_frame   0x0000048c       0x6c ./OBJS/Debug/system_stm32f10x.o
 .debug_frame   0x000004f8       0x40 ./OBJS/Debug/clock_config.o
 .debug_frame   0x00000538       0x30 ./OBJS/Debug/led.o
 .debug_frame   0x00000568       0x28 ./OBJS/Debug/main.o
 .debug_frame   0x00000590       0xb8 ./OBJS/Debug/usart.o
 .debug_frame   0x00000648       0xb8 ./OBJS/Debug/stm32f10x_it.o
 .debug_frame   0x00000700       0x4c c:/program files (x86)/gnu arm embedded toolchain/10 2020-q4-major/bin/../lib/gcc/arm-none-eabi/10.2.1/thumb/v7-m/nofp\libgcc.a(_arm_addsubsf3.o)
 .debug_frame   0x0000074c       0x38 c:/program files (x86)/gnu arm embedded toolchain/10 2020-q4-major/bin/../lib/gcc/arm-none-eabi/10.2.1/thumb/v7-m/nofp\libgcc.a(_arm_muldivsf3.o)
 .debug_frame   0x00000784       0x24 c:/program files (x86)/gnu arm embedded toolchain/10 2020-q4-major/bin/../lib/gcc/arm-none-eabi/10.2.1/thumb/v7-m/nofp\libgcc.a(_arm_fixunssfsi.o)
 .debug_frame   0x000007a8       0x20 c:/program files (x86)/gnu arm embedded toolchain/10 2020-q4-major/bin/../lib/gcc/arm-none-eabi/10.2.1/../../../../arm-none-eabi/lib/thumb/v7-m/nofp\libc_nano.a(lib_a-memset.o)
 .debug_frame   0x000007c8       0x3c c:/program files (x86)/gnu arm embedded toolchain/10 2020-q4-major/bin/../lib/gcc/arm-none-eabi/10.2.1/../../../../arm-none-eabi/lib/thumb/v7-m/nofp\libc_nano.a(lib_a-puts.o)
 .debug_frame   0x00000804       0x40 c:/program files (x86)/gnu arm embedded toolchain/10 2020-q4-major/bin/../lib/gcc/arm-none-eabi/10.2.1/../../../../arm-none-eabi/lib/thumb/v7-m/nofp\libc_nano.a(lib_a-wbuf.o)
 .debug_frame   0x00000844       0x2c c:/program files (x86)/gnu arm embedded toolchain/10 2020-q4-major/bin/../lib/gcc/arm-none-eabi/10.2.1/../../../../arm-none-eabi/lib/thumb/v7-m/nofp\libc_nano.a(lib_a-wsetup.o)
 .debug_frame   0x00000870       0x5c c:/program files (x86)/gnu arm embedded toolchain/10 2020-q4-major/bin/../lib/gcc/arm-none-eabi/10.2.1/../../../../arm-none-eabi/lib/thumb/v7-m/nofp\libc_nano.a(lib_a-fflush.o)
 .debug_frame   0x000008cc      0x14c c:/program files (x86)/gnu arm embedded toolchain/10 2020-q4-major/bin/../lib/gcc/arm-none-eabi/10.2.1/../../../../arm-none-eabi/lib/thumb/v7-m/nofp\libc_nano.a(lib_a-findfp.o)
 .debug_frame   0x00000a18       0x54 c:/program files (x86)/gnu arm embedded toolchain/10 2020-q4-major/bin/../lib/gcc/arm-none-eabi/10.2.1/../../../../arm-none-eabi/lib/thumb/v7-m/nofp\libc_nano.a(lib_a-fwalk.o)
 .debug_frame   0x00000a6c       0xb0 c:/program files (x86)/gnu arm embedded toolchain/10 2020-q4-major/bin/../lib/gcc/arm-none-eabi/10.2.1/../../../../arm-none-eabi/lib/thumb/v7-m/nofp\libc_nano.a(lib_a-lock.o)
 .debug_frame   0x00000b1c       0x58 c:/program files (x86)/gnu arm embedded toolchain/10 2020-q4-major/bin/../lib/gcc/arm-none-eabi/10.2.1/../../../../arm-none-eabi/lib/thumb/v7-m/nofp\libc_nano.a(lib_a-makebuf.o)
 .debug_frame   0x00000b74       0x38 c:/program files (x86)/gnu arm embedded toolchain/10 2020-q4-major/bin/../lib/gcc/arm-none-eabi/10.2.1/../../../../arm-none-eabi/lib/thumb/v7-m/nofp\libc_nano.a(lib_a-nano-freer.o)
 .debug_frame   0x00000bac       0x30 c:/program files (x86)/gnu arm embedded toolchain/10 2020-q4-major/bin/../lib/gcc/arm-none-eabi/10.2.1/../../../../arm-none-eabi/lib/thumb/v7-m/nofp\libc_nano.a(lib_a-nano-mallocr.o)
 .debug_frame   0x00000bdc       0x2c c:/program files (x86)/gnu arm embedded toolchain/10 2020-q4-major/bin/../lib/gcc/arm-none-eabi/10.2.1/../../../../arm-none-eabi/lib/thumb/v7-m/nofp\libc_nano.a(lib_a-sbrkr.o)
 .debug_frame   0x00000c08       0x88 c:/program files (x86)/gnu arm embedded toolchain/10 2020-q4-major/bin/../lib/gcc/arm-none-eabi/10.2.1/../../../../arm-none-eabi/lib/thumb/v7-m/nofp\libc_nano.a(lib_a-stdio.o)
 .debug_frame   0x00000c90       0x2c c:/program files (x86)/gnu arm embedded toolchain/10 2020-q4-major/bin/../lib/gcc/arm-none-eabi/10.2.1/../../../../arm-none-eabi/lib/thumb/v7-m/nofp\libc_nano.a(lib_a-writer.o)
 .debug_frame   0x00000cbc       0x2c c:/program files (x86)/gnu arm embedded toolchain/10 2020-q4-major/bin/../lib/gcc/arm-none-eabi/10.2.1/../../../../arm-none-eabi/lib/thumb/v7-m/nofp\libc_nano.a(lib_a-closer.o)
 .debug_frame   0x00000ce8       0x2c c:/program files (x86)/gnu arm embedded toolchain/10 2020-q4-major/bin/../lib/gcc/arm-none-eabi/10.2.1/../../../../arm-none-eabi/lib/thumb/v7-m/nofp\libc_nano.a(lib_a-fstatr.o)
 .debug_frame   0x00000d14       0x2c c:/program files (x86)/gnu arm embedded toolchain/10 2020-q4-major/bin/../lib/gcc/arm-none-eabi/10.2.1/../../../../arm-none-eabi/lib/thumb/v7-m/nofp\libc_nano.a(lib_a-isattyr.o)
 .debug_frame   0x00000d40       0x2c c:/program files (x86)/gnu arm embedded toolchain/10 2020-q4-major/bin/../lib/gcc/arm-none-eabi/10.2.1/../../../../arm-none-eabi/lib/thumb/v7-m/nofp\libc_nano.a(lib_a-lseekr.o)
 .debug_frame   0x00000d6c       0x30 c:/program files (x86)/gnu arm embedded toolchain/10 2020-q4-major/bin/../lib/gcc/arm-none-eabi/10.2.1/../../../../arm-none-eabi/lib/thumb/v7-m/nofp\libc_nano.a(lib_a-mlock.o)
 .debug_frame   0x00000d9c       0x2c c:/program files (x86)/gnu arm embedded toolchain/10 2020-q4-major/bin/../lib/gcc/arm-none-eabi/10.2.1/../../../../arm-none-eabi/lib/thumb/v7-m/nofp\libc_nano.a(lib_a-readr.o)
 .debug_frame   0x00000dc8       0x5c c:/program files (x86)/gnu arm embedded toolchain/10 2020-q4-major/bin/../lib/gcc/arm-none-eabi/10.2.1/../../../../arm-none-eabi/lib/thumb/v7-m/nofp\libc_nano.a(lib_a-reent.o)
 .debug_frame   0x00000e24       0x20 c:/program files (x86)/gnu arm embedded toolchain/10 2020-q4-major/bin/../lib/gcc/arm-none-eabi/10.2.1/../../../../arm-none-eabi/lib/thumb/v7-m/nofp\libnosys.a(close.o)
 .debug_frame   0x00000e44       0x20 c:/program files (x86)/gnu arm embedded toolchain/10 2020-q4-major/bin/../lib/gcc/arm-none-eabi/10.2.1/../../../../arm-none-eabi/lib/thumb/v7-m/nofp\libnosys.a(fstat.o)
 .debug_frame   0x00000e64       0x20 c:/program files (x86)/gnu arm embedded toolchain/10 2020-q4-major/bin/../lib/gcc/arm-none-eabi/10.2.1/../../../../arm-none-eabi/lib/thumb/v7-m/nofp\libnosys.a(isatty.o)
 .debug_frame   0x00000e84       0x20 c:/program files (x86)/gnu arm embedded toolchain/10 2020-q4-major/bin/../lib/gcc/arm-none-eabi/10.2.1/../../../../arm-none-eabi/lib/thumb/v7-m/nofp\libnosys.a(lseek.o)
 .debug_frame   0x00000ea4       0x20 c:/program files (x86)/gnu arm embedded toolchain/10 2020-q4-major/bin/../lib/gcc/arm-none-eabi/10.2.1/../../../../arm-none-eabi/lib/thumb/v7-m/nofp\libnosys.a(read.o)
 .debug_frame   0x00000ec4       0x20 c:/program files (x86)/gnu arm embedded toolchain/10 2020-q4-major/bin/../lib/gcc/arm-none-eabi/10.2.1/../../../../arm-none-eabi/lib/thumb/v7-m/nofp\libnosys.a(sbrk.o)
 .debug_frame   0x00000ee4       0x20 c:/program files (x86)/gnu arm embedded toolchain/10 2020-q4-major/bin/../lib/gcc/arm-none-eabi/10.2.1/../../../../arm-none-eabi/lib/thumb/v7-m/nofp\libnosys.a(write.o)

.stab           0x00000000       0x9c
 .stab          0x00000000       0x24 c:/program files (x86)/gnu arm embedded toolchain/10 2020-q4-major/bin/../lib/gcc/arm-none-eabi/10.2.1/../../../../arm-none-eabi/lib/thumb/v7-m/nofp\libnosys.a(close.o)
 .stab          0x00000024       0x18 c:/program files (x86)/gnu arm embedded toolchain/10 2020-q4-major/bin/../lib/gcc/arm-none-eabi/10.2.1/../../../../arm-none-eabi/lib/thumb/v7-m/nofp\libnosys.a(fstat.o)
                                 0x24 (size before relaxing)
 .stab          0x0000003c       0x18 c:/program files (x86)/gnu arm embedded toolchain/10 2020-q4-major/bin/../lib/gcc/arm-none-eabi/10.2.1/../../../../arm-none-eabi/lib/thumb/v7-m/nofp\libnosys.a(isatty.o)
                                 0x24 (size before relaxing)
 .stab          0x00000054       0x18 c:/program files (x86)/gnu arm embedded toolchain/10 2020-q4-major/bin/../lib/gcc/arm-none-eabi/10.2.1/../../../../arm-none-eabi/lib/thumb/v7-m/nofp\libnosys.a(lseek.o)
                                 0x24 (size before relaxing)
 .stab          0x0000006c       0x18 c:/program files (x86)/gnu arm embedded toolchain/10 2020-q4-major/bin/../lib/gcc/arm-none-eabi/10.2.1/../../../../arm-none-eabi/lib/thumb/v7-m/nofp\libnosys.a(read.o)
                                 0x24 (size before relaxing)
 .stab          0x00000084       0x18 c:/program files (x86)/gnu arm embedded toolchain/10 2020-q4-major/bin/../lib/gcc/arm-none-eabi/10.2.1/../../../../arm-none-eabi/lib/thumb/v7-m/nofp\libnosys.a(write.o)
                                 0x24 (size before relaxing)

.stabstr        0x00000000      0x14d
 .stabstr       0x00000000      0x14d c:/program files (x86)/gnu arm embedded toolchain/10 2020-q4-major/bin/../lib/gcc/arm-none-eabi/10.2.1/../../../../arm-none-eabi/lib/thumb/v7-m/nofp\libnosys.a(close.o)
