Archive member included to satisfy reference by file (symbol)

d:/gnu arm embedded toolchain/10 2020-q4-major/bin/../lib/gcc/arm-none-eabi/10.2.1/../../../../arm-none-eabi/lib/thumb/v7-m/nofp\libc_nano.a(lib_a-exit.o)
                              d:/gnu arm embedded toolchain/10 2020-q4-major/bin/../lib/gcc/arm-none-eabi/10.2.1/../../../../arm-none-eabi/lib/thumb/v7-m/nofp/crt0.o (exit)
d:/gnu arm embedded toolchain/10 2020-q4-major/bin/../lib/gcc/arm-none-eabi/10.2.1/../../../../arm-none-eabi/lib/thumb/v7-m/nofp\libc_nano.a(lib_a-impure.o)
                              d:/gnu arm embedded toolchain/10 2020-q4-major/bin/../lib/gcc/arm-none-eabi/10.2.1/../../../../arm-none-eabi/lib/thumb/v7-m/nofp\libc_nano.a(lib_a-exit.o) (_global_impure_ptr)
d:/gnu arm embedded toolchain/10 2020-q4-major/bin/../lib/gcc/arm-none-eabi/10.2.1/../../../../arm-none-eabi/lib/thumb/v7-m/nofp\libc_nano.a(lib_a-init.o)
                              d:/gnu arm embedded toolchain/10 2020-q4-major/bin/../lib/gcc/arm-none-eabi/10.2.1/../../../../arm-none-eabi/lib/thumb/v7-m/nofp/crt0.o (__libc_init_array)
d:/gnu arm embedded toolchain/10 2020-q4-major/bin/../lib/gcc/arm-none-eabi/10.2.1/../../../../arm-none-eabi/lib/thumb/v7-m/nofp\libc_nano.a(lib_a-memset.o)
                              d:/gnu arm embedded toolchain/10 2020-q4-major/bin/../lib/gcc/arm-none-eabi/10.2.1/../../../../arm-none-eabi/lib/thumb/v7-m/nofp/crt0.o (memset)
d:/gnu arm embedded toolchain/10 2020-q4-major/bin/../lib/gcc/arm-none-eabi/10.2.1/../../../../arm-none-eabi/lib/thumb/v7-m/nofp\libnosys.a(_exit.o)
                              d:/gnu arm embedded toolchain/10 2020-q4-major/bin/../lib/gcc/arm-none-eabi/10.2.1/../../../../arm-none-eabi/lib/thumb/v7-m/nofp\libc_nano.a(lib_a-exit.o) (_exit)

Discarded input sections

 .text          0x00000000        0x0 d:/gnu arm embedded toolchain/10 2020-q4-major/bin/../lib/gcc/arm-none-eabi/10.2.1/thumb/v7-m/nofp/crti.o
 .data          0x00000000        0x0 d:/gnu arm embedded toolchain/10 2020-q4-major/bin/../lib/gcc/arm-none-eabi/10.2.1/thumb/v7-m/nofp/crti.o
 .bss           0x00000000        0x0 d:/gnu arm embedded toolchain/10 2020-q4-major/bin/../lib/gcc/arm-none-eabi/10.2.1/thumb/v7-m/nofp/crti.o
 .data          0x00000000        0x4 d:/gnu arm embedded toolchain/10 2020-q4-major/bin/../lib/gcc/arm-none-eabi/10.2.1/thumb/v7-m/nofp/crtbegin.o
 .rodata        0x00000000       0x24 d:/gnu arm embedded toolchain/10 2020-q4-major/bin/../lib/gcc/arm-none-eabi/10.2.1/thumb/v7-m/nofp/crtbegin.o
 .text          0x00000000       0x7c d:/gnu arm embedded toolchain/10 2020-q4-major/bin/../lib/gcc/arm-none-eabi/10.2.1/../../../../arm-none-eabi/lib/thumb/v7-m/nofp/crt0.o
 .data          0x00000000        0x0 d:/gnu arm embedded toolchain/10 2020-q4-major/bin/../lib/gcc/arm-none-eabi/10.2.1/../../../../arm-none-eabi/lib/thumb/v7-m/nofp/crt0.o
 .bss           0x00000000        0x0 d:/gnu arm embedded toolchain/10 2020-q4-major/bin/../lib/gcc/arm-none-eabi/10.2.1/../../../../arm-none-eabi/lib/thumb/v7-m/nofp/crt0.o
 .ARM.extab     0x00000000        0x0 d:/gnu arm embedded toolchain/10 2020-q4-major/bin/../lib/gcc/arm-none-eabi/10.2.1/../../../../arm-none-eabi/lib/thumb/v7-m/nofp/crt0.o
 .ARM.exidx     0x00000000       0x10 d:/gnu arm embedded toolchain/10 2020-q4-major/bin/../lib/gcc/arm-none-eabi/10.2.1/../../../../arm-none-eabi/lib/thumb/v7-m/nofp/crt0.o
 .ARM.attributes
                0x00000000       0x1b d:/gnu arm embedded toolchain/10 2020-q4-major/bin/../lib/gcc/arm-none-eabi/10.2.1/../../../../arm-none-eabi/lib/thumb/v7-m/nofp/crt0.o
 .text          0x00000000        0x0 ./OBJS/Debug/misc.o
 .data          0x00000000        0x0 ./OBJS/Debug/misc.o
 .bss           0x00000000        0x0 ./OBJS/Debug/misc.o
 .text.NVIC_SetVectorTable
                0x00000000       0x14 ./OBJS/Debug/misc.o
 .text.NVIC_SystemLPConfig
                0x00000000       0x1c ./OBJS/Debug/misc.o
 .text          0x00000000        0x0 ./OBJS/Debug/stm32f10x_adc.o
 .data          0x00000000        0x0 ./OBJS/Debug/stm32f10x_adc.o
 .bss           0x00000000        0x0 ./OBJS/Debug/stm32f10x_adc.o
 .text.ADC_DeInit
                0x00000000       0x64 ./OBJS/Debug/stm32f10x_adc.o
 .text.ADC_Init
                0x00000000       0x4c ./OBJS/Debug/stm32f10x_adc.o
 .text.ADC_StructInit
                0x00000000       0x12 ./OBJS/Debug/stm32f10x_adc.o
 .text.ADC_Cmd  0x00000000       0x16 ./OBJS/Debug/stm32f10x_adc.o
 .text.ADC_DMACmd
                0x00000000       0x16 ./OBJS/Debug/stm32f10x_adc.o
 .text.ADC_ITConfig
                0x00000000       0x16 ./OBJS/Debug/stm32f10x_adc.o
 .text.ADC_ResetCalibration
                0x00000000        0xa ./OBJS/Debug/stm32f10x_adc.o
 .text.ADC_GetResetCalibrationStatus
                0x00000000       0x10 ./OBJS/Debug/stm32f10x_adc.o
 .text.ADC_StartCalibration
                0x00000000        0xa ./OBJS/Debug/stm32f10x_adc.o
 .text.ADC_GetCalibrationStatus
                0x00000000       0x10 ./OBJS/Debug/stm32f10x_adc.o
 .text.ADC_SoftwareStartConvCmd
                0x00000000       0x16 ./OBJS/Debug/stm32f10x_adc.o
 .text.ADC_GetSoftwareStartConvStatus
                0x00000000       0x10 ./OBJS/Debug/stm32f10x_adc.o
 .text.ADC_DiscModeChannelCountConfig
                0x00000000       0x10 ./OBJS/Debug/stm32f10x_adc.o
 .text.ADC_DiscModeCmd
                0x00000000       0x16 ./OBJS/Debug/stm32f10x_adc.o
 .text.ADC_RegularChannelConfig
                0x00000000       0x98 ./OBJS/Debug/stm32f10x_adc.o
 .text.ADC_ExternalTrigConvCmd
                0x00000000       0x16 ./OBJS/Debug/stm32f10x_adc.o
 .text.ADC_GetConversionValue
                0x00000000        0x6 ./OBJS/Debug/stm32f10x_adc.o
 .text.ADC_GetDualModeConversionValue
                0x00000000        0xc ./OBJS/Debug/stm32f10x_adc.o
 .text.ADC_AutoInjectedConvCmd
                0x00000000       0x16 ./OBJS/Debug/stm32f10x_adc.o
 .text.ADC_InjectedDiscModeCmd
                0x00000000       0x16 ./OBJS/Debug/stm32f10x_adc.o
 .text.ADC_ExternalTrigInjectedConvConfig
                0x00000000        0xc ./OBJS/Debug/stm32f10x_adc.o
 .text.ADC_ExternalTrigInjectedConvCmd
                0x00000000       0x16 ./OBJS/Debug/stm32f10x_adc.o
 .text.ADC_SoftwareStartInjectedConvCmd
                0x00000000       0x16 ./OBJS/Debug/stm32f10x_adc.o
 .text.ADC_GetSoftwareStartInjectedConvCmdStatus
                0x00000000       0x10 ./OBJS/Debug/stm32f10x_adc.o
 .text.ADC_InjectedChannelConfig
                0x00000000       0x62 ./OBJS/Debug/stm32f10x_adc.o
 .text.ADC_InjectedSequencerLengthConfig
                0x00000000       0x10 ./OBJS/Debug/stm32f10x_adc.o
 .text.ADC_SetInjectedOffset
                0x00000000       0x16 ./OBJS/Debug/stm32f10x_adc.o
 .text.ADC_GetInjectedConversionValue
                0x00000000       0x1a ./OBJS/Debug/stm32f10x_adc.o
 .text.ADC_AnalogWatchdogCmd
                0x00000000       0x10 ./OBJS/Debug/stm32f10x_adc.o
 .text.ADC_AnalogWatchdogThresholdsConfig
                0x00000000        0x6 ./OBJS/Debug/stm32f10x_adc.o
 .text.ADC_AnalogWatchdogSingleChannelConfig
                0x00000000        0xc ./OBJS/Debug/stm32f10x_adc.o
 .text.ADC_TempSensorVrefintCmd
                0x00000000       0x20 ./OBJS/Debug/stm32f10x_adc.o
 .text.ADC_GetFlagStatus
                0x00000000        0xe ./OBJS/Debug/stm32f10x_adc.o
 .text.ADC_ClearFlag
                0x00000000        0x6 ./OBJS/Debug/stm32f10x_adc.o
 .text.ADC_GetITStatus
                0x00000000       0x1c ./OBJS/Debug/stm32f10x_adc.o
 .text.ADC_ClearITPendingBit
                0x00000000        0x8 ./OBJS/Debug/stm32f10x_adc.o
 .debug_info    0x00000000      0xd5c ./OBJS/Debug/stm32f10x_adc.o
 .debug_abbrev  0x00000000      0x1fa ./OBJS/Debug/stm32f10x_adc.o
 .debug_loc     0x00000000      0xa91 ./OBJS/Debug/stm32f10x_adc.o
 .debug_aranges
                0x00000000      0x138 ./OBJS/Debug/stm32f10x_adc.o
 .debug_ranges  0x00000000      0x128 ./OBJS/Debug/stm32f10x_adc.o
 .debug_line    0x00000000      0xa6b ./OBJS/Debug/stm32f10x_adc.o
 .debug_str     0x00000000      0x72f ./OBJS/Debug/stm32f10x_adc.o
 .comment       0x00000000       0x4e ./OBJS/Debug/stm32f10x_adc.o
 .debug_frame   0x00000000      0x28c ./OBJS/Debug/stm32f10x_adc.o
 .ARM.attributes
                0x00000000       0x2d ./OBJS/Debug/stm32f10x_adc.o
 .text          0x00000000        0x0 ./OBJS/Debug/stm32f10x_bkp.o
 .data          0x00000000        0x0 ./OBJS/Debug/stm32f10x_bkp.o
 .bss           0x00000000        0x0 ./OBJS/Debug/stm32f10x_bkp.o
 .text.BKP_DeInit
                0x00000000       0x10 ./OBJS/Debug/stm32f10x_bkp.o
 .text.BKP_TamperPinLevelConfig
                0x00000000        0xc ./OBJS/Debug/stm32f10x_bkp.o
 .text.BKP_TamperPinCmd
                0x00000000        0xc ./OBJS/Debug/stm32f10x_bkp.o
 .text.BKP_ITConfig
                0x00000000        0xc ./OBJS/Debug/stm32f10x_bkp.o
 .text.BKP_RTCOutputConfig
                0x00000000       0x14 ./OBJS/Debug/stm32f10x_bkp.o
 .text.BKP_SetRTCCalibrationValue
                0x00000000       0x14 ./OBJS/Debug/stm32f10x_bkp.o
 .text.BKP_WriteBackupRegister
                0x00000000       0x1c ./OBJS/Debug/stm32f10x_bkp.o
 .text.BKP_ReadBackupRegister
                0x00000000       0x20 ./OBJS/Debug/stm32f10x_bkp.o
 .text.BKP_GetFlagStatus
                0x00000000       0x10 ./OBJS/Debug/stm32f10x_bkp.o
 .text.BKP_ClearFlag
                0x00000000       0x14 ./OBJS/Debug/stm32f10x_bkp.o
 .text.BKP_GetITStatus
                0x00000000       0x10 ./OBJS/Debug/stm32f10x_bkp.o
 .text.BKP_ClearITPendingBit
                0x00000000       0x14 ./OBJS/Debug/stm32f10x_bkp.o
 .debug_info    0x00000000      0x83f ./OBJS/Debug/stm32f10x_bkp.o
 .debug_abbrev  0x00000000      0x1a8 ./OBJS/Debug/stm32f10x_bkp.o
 .debug_loc     0x00000000       0x90 ./OBJS/Debug/stm32f10x_bkp.o
 .debug_aranges
                0x00000000       0x78 ./OBJS/Debug/stm32f10x_bkp.o
 .debug_ranges  0x00000000       0x68 ./OBJS/Debug/stm32f10x_bkp.o
 .debug_line    0x00000000      0x32d ./OBJS/Debug/stm32f10x_bkp.o
 .debug_str     0x00000000      0x5e5 ./OBJS/Debug/stm32f10x_bkp.o
 .comment       0x00000000       0x4e ./OBJS/Debug/stm32f10x_bkp.o
 .debug_frame   0x00000000       0xe8 ./OBJS/Debug/stm32f10x_bkp.o
 .ARM.attributes
                0x00000000       0x2d ./OBJS/Debug/stm32f10x_bkp.o
 .text          0x00000000        0x0 ./OBJS/Debug/stm32f10x_can.o
 .data          0x00000000        0x0 ./OBJS/Debug/stm32f10x_can.o
 .bss           0x00000000        0x0 ./OBJS/Debug/stm32f10x_can.o
 .text.CheckITStatus
                0x00000000        0xc ./OBJS/Debug/stm32f10x_can.o
 .text.CAN_DeInit
                0x00000000       0x38 ./OBJS/Debug/stm32f10x_can.o
 .text.CAN_Init
                0x00000000      0x10e ./OBJS/Debug/stm32f10x_can.o
 .text.CAN_FilterInit
                0x00000000      0x10c ./OBJS/Debug/stm32f10x_can.o
 .text.CAN_StructInit
                0x00000000       0x20 ./OBJS/Debug/stm32f10x_can.o
 .text.CAN_SlaveStartBank
                0x00000000       0x3c ./OBJS/Debug/stm32f10x_can.o
 .text.CAN_DBGFreeze
                0x00000000       0x16 ./OBJS/Debug/stm32f10x_can.o
 .text.CAN_TTComModeCmd
                0x00000000       0x5e ./OBJS/Debug/stm32f10x_can.o
 .text.CAN_Transmit
                0x00000000       0xda ./OBJS/Debug/stm32f10x_can.o
 .text.CAN_TransmitStatus
                0x00000000       0x98 ./OBJS/Debug/stm32f10x_can.o
 .text.CAN_CancelTransmit
                0x00000000       0x2a ./OBJS/Debug/stm32f10x_can.o
 .text.CAN_Receive
                0x00000000       0xaa ./OBJS/Debug/stm32f10x_can.o
 .text.CAN_FIFORelease
                0x00000000       0x16 ./OBJS/Debug/stm32f10x_can.o
 .text.CAN_MessagePending
                0x00000000       0x1a ./OBJS/Debug/stm32f10x_can.o
 .text.CAN_OperatingModeRequest
                0x00000000       0xa2 ./OBJS/Debug/stm32f10x_can.o
 .text.CAN_Sleep
                0x00000000       0x1e ./OBJS/Debug/stm32f10x_can.o
 .text.CAN_WakeUp
                0x00000000       0x2a ./OBJS/Debug/stm32f10x_can.o
 .text.CAN_GetLastErrorCode
                0x00000000        0x8 ./OBJS/Debug/stm32f10x_can.o
 .text.CAN_GetReceiveErrorCounter
                0x00000000        0x6 ./OBJS/Debug/stm32f10x_can.o
 .text.CAN_GetLSBTransmitErrorCounter
                0x00000000        0x8 ./OBJS/Debug/stm32f10x_can.o
 .text.CAN_ITConfig
                0x00000000       0x14 ./OBJS/Debug/stm32f10x_can.o
 .text.CAN_GetFlagStatus
                0x00000000       0x72 ./OBJS/Debug/stm32f10x_can.o
 .text.CAN_ClearFlag
                0x00000000       0x38 ./OBJS/Debug/stm32f10x_can.o
 .text.CAN_GetITStatus
                0x00000000      0x114 ./OBJS/Debug/stm32f10x_can.o
 .text.CAN_ClearITPendingBit
                0x00000000       0xc0 ./OBJS/Debug/stm32f10x_can.o
 .debug_info    0x00000000      0xe4b ./OBJS/Debug/stm32f10x_can.o
 .debug_abbrev  0x00000000      0x25b ./OBJS/Debug/stm32f10x_can.o
 .debug_loc     0x00000000     0x1038 ./OBJS/Debug/stm32f10x_can.o
 .debug_aranges
                0x00000000       0xe0 ./OBJS/Debug/stm32f10x_can.o
 .debug_ranges  0x00000000       0xd0 ./OBJS/Debug/stm32f10x_can.o
 .debug_line    0x00000000      0xe54 ./OBJS/Debug/stm32f10x_can.o
 .debug_str     0x00000000      0x762 ./OBJS/Debug/stm32f10x_can.o
 .comment       0x00000000       0x4e ./OBJS/Debug/stm32f10x_can.o
 .debug_frame   0x00000000      0x1e8 ./OBJS/Debug/stm32f10x_can.o
 .ARM.attributes
                0x00000000       0x2d ./OBJS/Debug/stm32f10x_can.o
 .text          0x00000000        0x0 ./OBJS/Debug/stm32f10x_cec.o
 .data          0x00000000        0x0 ./OBJS/Debug/stm32f10x_cec.o
 .bss           0x00000000        0x0 ./OBJS/Debug/stm32f10x_cec.o
 .text.CEC_DeInit
                0x00000000       0x18 ./OBJS/Debug/stm32f10x_cec.o
 .text.CEC_Init
                0x00000000       0x18 ./OBJS/Debug/stm32f10x_cec.o
 .text.CEC_Cmd  0x00000000       0x1c ./OBJS/Debug/stm32f10x_cec.o
 .text.CEC_ITConfig
                0x00000000        0xc ./OBJS/Debug/stm32f10x_cec.o
 .text.CEC_OwnAddressConfig
                0x00000000        0xc ./OBJS/Debug/stm32f10x_cec.o
 .text.CEC_SetPrescaler
                0x00000000        0xc ./OBJS/Debug/stm32f10x_cec.o
 .text.CEC_SendDataByte
                0x00000000        0xc ./OBJS/Debug/stm32f10x_cec.o
 .text.CEC_ReceiveDataByte
                0x00000000        0xc ./OBJS/Debug/stm32f10x_cec.o
 .text.CEC_StartOfMessage
                0x00000000       0x10 ./OBJS/Debug/stm32f10x_cec.o
 .text.CEC_EndOfMessageCmd
                0x00000000        0xc ./OBJS/Debug/stm32f10x_cec.o
 .text.CEC_GetFlagStatus
                0x00000000       0x28 ./OBJS/Debug/stm32f10x_cec.o
 .text.CEC_ClearFlag
                0x00000000       0x1c ./OBJS/Debug/stm32f10x_cec.o
 .text.CEC_GetITStatus
                0x00000000       0x20 ./OBJS/Debug/stm32f10x_cec.o
 .text.CEC_ClearITPendingBit
                0x00000000       0x1c ./OBJS/Debug/stm32f10x_cec.o
 .debug_info    0x00000000      0x4b2 ./OBJS/Debug/stm32f10x_cec.o
 .debug_abbrev  0x00000000      0x217 ./OBJS/Debug/stm32f10x_cec.o
 .debug_loc     0x00000000      0x294 ./OBJS/Debug/stm32f10x_cec.o
 .debug_aranges
                0x00000000       0x88 ./OBJS/Debug/stm32f10x_cec.o
 .debug_ranges  0x00000000       0x78 ./OBJS/Debug/stm32f10x_cec.o
 .debug_line    0x00000000      0x3e1 ./OBJS/Debug/stm32f10x_cec.o
 .debug_str     0x00000000      0x3aa ./OBJS/Debug/stm32f10x_cec.o
 .comment       0x00000000       0x4e ./OBJS/Debug/stm32f10x_cec.o
 .debug_frame   0x00000000       0xf8 ./OBJS/Debug/stm32f10x_cec.o
 .ARM.attributes
                0x00000000       0x2d ./OBJS/Debug/stm32f10x_cec.o
 .text          0x00000000        0x0 ./OBJS/Debug/stm32f10x_crc.o
 .data          0x00000000        0x0 ./OBJS/Debug/stm32f10x_crc.o
 .bss           0x00000000        0x0 ./OBJS/Debug/stm32f10x_crc.o
 .text.CRC_ResetDR
                0x00000000        0xc ./OBJS/Debug/stm32f10x_crc.o
 .text.CRC_CalcCRC
                0x00000000        0xc ./OBJS/Debug/stm32f10x_crc.o
 .text.CRC_CalcBlockCRC
                0x00000000       0x20 ./OBJS/Debug/stm32f10x_crc.o
 .text.CRC_GetCRC
                0x00000000        0xc ./OBJS/Debug/stm32f10x_crc.o
 .text.CRC_SetIDRegister
                0x00000000        0xc ./OBJS/Debug/stm32f10x_crc.o
 .text.CRC_GetIDRegister
                0x00000000        0xc ./OBJS/Debug/stm32f10x_crc.o
 .debug_info    0x00000000      0x203 ./OBJS/Debug/stm32f10x_crc.o
 .debug_abbrev  0x00000000      0x132 ./OBJS/Debug/stm32f10x_crc.o
 .debug_loc     0x00000000       0x6b ./OBJS/Debug/stm32f10x_crc.o
 .debug_aranges
                0x00000000       0x48 ./OBJS/Debug/stm32f10x_crc.o
 .debug_ranges  0x00000000       0x38 ./OBJS/Debug/stm32f10x_crc.o
 .debug_line    0x00000000      0x21f ./OBJS/Debug/stm32f10x_crc.o
 .debug_str     0x00000000      0x258 ./OBJS/Debug/stm32f10x_crc.o
 .comment       0x00000000       0x4e ./OBJS/Debug/stm32f10x_crc.o
 .debug_frame   0x00000000       0x70 ./OBJS/Debug/stm32f10x_crc.o
 .ARM.attributes
                0x00000000       0x2d ./OBJS/Debug/stm32f10x_crc.o
 .text          0x00000000        0x0 ./OBJS/Debug/stm32f10x_dac.o
 .data          0x00000000        0x0 ./OBJS/Debug/stm32f10x_dac.o
 .bss           0x00000000        0x0 ./OBJS/Debug/stm32f10x_dac.o
 .text.DAC_DeInit
                0x00000000       0x18 ./OBJS/Debug/stm32f10x_dac.o
 .text.DAC_Init
                0x00000000       0x30 ./OBJS/Debug/stm32f10x_dac.o
 .text.DAC_StructInit
                0x00000000        0xc ./OBJS/Debug/stm32f10x_dac.o
 .text.DAC_Cmd  0x00000000       0x28 ./OBJS/Debug/stm32f10x_dac.o
 .text.DAC_DMACmd
                0x00000000       0x2c ./OBJS/Debug/stm32f10x_dac.o
 .text.DAC_SoftwareTriggerCmd
                0x00000000       0x2c ./OBJS/Debug/stm32f10x_dac.o
 .text.DAC_DualSoftwareTriggerCmd
                0x00000000       0x20 ./OBJS/Debug/stm32f10x_dac.o
 .text.DAC_WaveGenerationCmd
                0x00000000       0x20 ./OBJS/Debug/stm32f10x_dac.o
 .text.DAC_SetChannel1Data
                0x00000000       0x20 ./OBJS/Debug/stm32f10x_dac.o
 .text.DAC_SetChannel2Data
                0x00000000       0x20 ./OBJS/Debug/stm32f10x_dac.o
 .text.DAC_SetDualChannelData
                0x00000000       0x18 ./OBJS/Debug/stm32f10x_dac.o
 .text.DAC_GetDataOutputValue
                0x00000000       0x24 ./OBJS/Debug/stm32f10x_dac.o
 .debug_info    0x00000000      0x559 ./OBJS/Debug/stm32f10x_dac.o
 .debug_abbrev  0x00000000      0x1e9 ./OBJS/Debug/stm32f10x_dac.o
 .debug_loc     0x00000000      0x39a ./OBJS/Debug/stm32f10x_dac.o
 .debug_aranges
                0x00000000       0x78 ./OBJS/Debug/stm32f10x_dac.o
 .debug_ranges  0x00000000       0x68 ./OBJS/Debug/stm32f10x_dac.o
 .debug_line    0x00000000      0x438 ./OBJS/Debug/stm32f10x_dac.o
 .debug_str     0x00000000      0x3e3 ./OBJS/Debug/stm32f10x_dac.o
 .comment       0x00000000       0x4e ./OBJS/Debug/stm32f10x_dac.o
 .debug_frame   0x00000000       0xfc ./OBJS/Debug/stm32f10x_dac.o
 .ARM.attributes
                0x00000000       0x2d ./OBJS/Debug/stm32f10x_dac.o
 .text          0x00000000        0x0 ./OBJS/Debug/stm32f10x_dbgmcu.o
 .data          0x00000000        0x0 ./OBJS/Debug/stm32f10x_dbgmcu.o
 .bss           0x00000000        0x0 ./OBJS/Debug/stm32f10x_dbgmcu.o
 .text.DBGMCU_GetREVID
                0x00000000        0xc ./OBJS/Debug/stm32f10x_dbgmcu.o
 .text.DBGMCU_GetDEVID
                0x00000000       0x10 ./OBJS/Debug/stm32f10x_dbgmcu.o
 .text.DBGMCU_Config
                0x00000000       0x1c ./OBJS/Debug/stm32f10x_dbgmcu.o
 .debug_info    0x00000000      0x14a ./OBJS/Debug/stm32f10x_dbgmcu.o
 .debug_abbrev  0x00000000       0xf9 ./OBJS/Debug/stm32f10x_dbgmcu.o
 .debug_loc     0x00000000       0x42 ./OBJS/Debug/stm32f10x_dbgmcu.o
 .debug_aranges
                0x00000000       0x30 ./OBJS/Debug/stm32f10x_dbgmcu.o
 .debug_ranges  0x00000000       0x20 ./OBJS/Debug/stm32f10x_dbgmcu.o
 .debug_line    0x00000000      0x19f ./OBJS/Debug/stm32f10x_dbgmcu.o
 .debug_str     0x00000000      0x20f ./OBJS/Debug/stm32f10x_dbgmcu.o
 .comment       0x00000000       0x4e ./OBJS/Debug/stm32f10x_dbgmcu.o
 .debug_frame   0x00000000       0x40 ./OBJS/Debug/stm32f10x_dbgmcu.o
 .ARM.attributes
                0x00000000       0x2d ./OBJS/Debug/stm32f10x_dbgmcu.o
 .text          0x00000000        0x0 ./OBJS/Debug/stm32f10x_dma.o
 .data          0x00000000        0x0 ./OBJS/Debug/stm32f10x_dma.o
 .bss           0x00000000        0x0 ./OBJS/Debug/stm32f10x_dma.o
 .text.DMA_DeInit
                0x00000000      0x128 ./OBJS/Debug/stm32f10x_dma.o
 .text.DMA_Init
                0x00000000       0x3e ./OBJS/Debug/stm32f10x_dma.o
 .text.DMA_StructInit
                0x00000000       0x1a ./OBJS/Debug/stm32f10x_dma.o
 .text.DMA_Cmd  0x00000000       0x1a ./OBJS/Debug/stm32f10x_dma.o
 .text.DMA_ITConfig
                0x00000000       0x14 ./OBJS/Debug/stm32f10x_dma.o
 .text.DMA_SetCurrDataCounter
                0x00000000        0x4 ./OBJS/Debug/stm32f10x_dma.o
 .text.DMA_GetCurrDataCounter
                0x00000000        0x6 ./OBJS/Debug/stm32f10x_dma.o
 .text.DMA_GetFlagStatus
                0x00000000       0x24 ./OBJS/Debug/stm32f10x_dma.o
 .text.DMA_ClearFlag
                0x00000000       0x1c ./OBJS/Debug/stm32f10x_dma.o
 .text.DMA_GetITStatus
                0x00000000       0x24 ./OBJS/Debug/stm32f10x_dma.o
 .text.DMA_ClearITPendingBit
                0x00000000       0x1c ./OBJS/Debug/stm32f10x_dma.o
 .debug_info    0x00000000      0x4b0 ./OBJS/Debug/stm32f10x_dma.o
 .debug_abbrev  0x00000000      0x19c ./OBJS/Debug/stm32f10x_dma.o
 .debug_loc     0x00000000      0x1f8 ./OBJS/Debug/stm32f10x_dma.o
 .debug_aranges
                0x00000000       0x70 ./OBJS/Debug/stm32f10x_dma.o
 .debug_ranges  0x00000000       0x60 ./OBJS/Debug/stm32f10x_dma.o
 .debug_line    0x00000000      0x4db ./OBJS/Debug/stm32f10x_dma.o
 .debug_str     0x00000000      0x3d4 ./OBJS/Debug/stm32f10x_dma.o
 .comment       0x00000000       0x4e ./OBJS/Debug/stm32f10x_dma.o
 .debug_frame   0x00000000       0xcc ./OBJS/Debug/stm32f10x_dma.o
 .ARM.attributes
                0x00000000       0x2d ./OBJS/Debug/stm32f10x_dma.o
 .text          0x00000000        0x0 ./OBJS/Debug/stm32f10x_exti.o
 .data          0x00000000        0x0 ./OBJS/Debug/stm32f10x_exti.o
 .bss           0x00000000        0x0 ./OBJS/Debug/stm32f10x_exti.o
 .text.EXTI_DeInit
                0x00000000       0x1c ./OBJS/Debug/stm32f10x_exti.o
 .text.EXTI_Init
                0x00000000       0x8c ./OBJS/Debug/stm32f10x_exti.o
 .text.EXTI_StructInit
                0x00000000        0xe ./OBJS/Debug/stm32f10x_exti.o
 .text.EXTI_GenerateSWInterrupt
                0x00000000       0x10 ./OBJS/Debug/stm32f10x_exti.o
 .text.EXTI_GetFlagStatus
                0x00000000       0x14 ./OBJS/Debug/stm32f10x_exti.o
 .text.EXTI_ClearFlag
                0x00000000        0xc ./OBJS/Debug/stm32f10x_exti.o
 .text.EXTI_GetITStatus
                0x00000000       0x20 ./OBJS/Debug/stm32f10x_exti.o
 .text.EXTI_ClearITPendingBit
                0x00000000        0xc ./OBJS/Debug/stm32f10x_exti.o
 .debug_info    0x00000000      0x370 ./OBJS/Debug/stm32f10x_exti.o
 .debug_abbrev  0x00000000      0x182 ./OBJS/Debug/stm32f10x_exti.o
 .debug_loc     0x00000000      0x17d ./OBJS/Debug/stm32f10x_exti.o
 .debug_aranges
                0x00000000       0x58 ./OBJS/Debug/stm32f10x_exti.o
 .debug_ranges  0x00000000       0x48 ./OBJS/Debug/stm32f10x_exti.o
 .debug_line    0x00000000      0x370 ./OBJS/Debug/stm32f10x_exti.o
 .debug_str     0x00000000      0x366 ./OBJS/Debug/stm32f10x_exti.o
 .comment       0x00000000       0x4e ./OBJS/Debug/stm32f10x_exti.o
 .debug_frame   0x00000000       0xa0 ./OBJS/Debug/stm32f10x_exti.o
 .ARM.attributes
                0x00000000       0x2d ./OBJS/Debug/stm32f10x_exti.o
 .text          0x00000000        0x0 ./OBJS/Debug/stm32f10x_flash.o
 .data          0x00000000        0x0 ./OBJS/Debug/stm32f10x_flash.o
 .bss           0x00000000        0x0 ./OBJS/Debug/stm32f10x_flash.o
 .text.FLASH_SetLatency
                0x00000000       0x14 ./OBJS/Debug/stm32f10x_flash.o
 .text.FLASH_HalfCycleAccessCmd
                0x00000000       0x18 ./OBJS/Debug/stm32f10x_flash.o
 .text.FLASH_PrefetchBufferCmd
                0x00000000       0x18 ./OBJS/Debug/stm32f10x_flash.o
 .text.FLASH_Unlock
                0x00000000       0x18 ./OBJS/Debug/stm32f10x_flash.o
 .text.FLASH_UnlockBank1
                0x00000000       0x18 ./OBJS/Debug/stm32f10x_flash.o
 .text.FLASH_Lock
                0x00000000       0x10 ./OBJS/Debug/stm32f10x_flash.o
 .text.FLASH_LockBank1
                0x00000000       0x10 ./OBJS/Debug/stm32f10x_flash.o
 .text.FLASH_GetUserOptionByte
                0x00000000        0xc ./OBJS/Debug/stm32f10x_flash.o
 .text.FLASH_GetWriteProtectionOptionByte
                0x00000000        0xc ./OBJS/Debug/stm32f10x_flash.o
 .text.FLASH_GetReadOutProtectionStatus
                0x00000000       0x18 ./OBJS/Debug/stm32f10x_flash.o
 .text.FLASH_GetPrefetchBufferStatus
                0x00000000       0x18 ./OBJS/Debug/stm32f10x_flash.o
 .text.FLASH_ITConfig
                0x00000000       0x1c ./OBJS/Debug/stm32f10x_flash.o
 .text.FLASH_GetFlagStatus
                0x00000000       0x28 ./OBJS/Debug/stm32f10x_flash.o
 .text.FLASH_ClearFlag
                0x00000000        0xc ./OBJS/Debug/stm32f10x_flash.o
 .text.FLASH_GetStatus
                0x00000000       0x34 ./OBJS/Debug/stm32f10x_flash.o
 .text.FLASH_GetBank1Status
                0x00000000       0x34 ./OBJS/Debug/stm32f10x_flash.o
 .text.FLASH_WaitForLastOperation
                0x00000000       0x20 ./OBJS/Debug/stm32f10x_flash.o
 .text.FLASH_ErasePage
                0x00000000       0x40 ./OBJS/Debug/stm32f10x_flash.o
 .text.FLASH_EraseAllPages
                0x00000000       0x3c ./OBJS/Debug/stm32f10x_flash.o
 .text.FLASH_EraseOptionBytes
                0x00000000       0x9c ./OBJS/Debug/stm32f10x_flash.o
 .text.FLASH_ProgramWord
                0x00000000       0x6c ./OBJS/Debug/stm32f10x_flash.o
 .text.FLASH_ProgramHalfWord
                0x00000000       0x3c ./OBJS/Debug/stm32f10x_flash.o
 .text.FLASH_ProgramOptionByteData
                0x00000000       0x50 ./OBJS/Debug/stm32f10x_flash.o
 .text.FLASH_EnableWriteProtection
                0x00000000       0xa8 ./OBJS/Debug/stm32f10x_flash.o
 .text.FLASH_ReadOutProtection
                0x00000000       0x9c ./OBJS/Debug/stm32f10x_flash.o
 .text.FLASH_UserOptionByteConfig
                0x00000000       0x64 ./OBJS/Debug/stm32f10x_flash.o
 .text.FLASH_WaitForLastBank1Operation
                0x00000000       0x20 ./OBJS/Debug/stm32f10x_flash.o
 .text.FLASH_EraseAllBank1Pages
                0x00000000       0x3c ./OBJS/Debug/stm32f10x_flash.o
 .debug_info    0x00000000      0xae1 ./OBJS/Debug/stm32f10x_flash.o
 .debug_abbrev  0x00000000      0x1cc ./OBJS/Debug/stm32f10x_flash.o
 .debug_loc     0x00000000      0x717 ./OBJS/Debug/stm32f10x_flash.o
 .debug_aranges
                0x00000000       0xf8 ./OBJS/Debug/stm32f10x_flash.o
 .debug_ranges  0x00000000       0xe8 ./OBJS/Debug/stm32f10x_flash.o
 .debug_line    0x00000000      0x9ec ./OBJS/Debug/stm32f10x_flash.o
 .debug_str     0x00000000      0x605 ./OBJS/Debug/stm32f10x_flash.o
 .comment       0x00000000       0x4e ./OBJS/Debug/stm32f10x_flash.o
 .debug_frame   0x00000000      0x254 ./OBJS/Debug/stm32f10x_flash.o
 .ARM.attributes
                0x00000000       0x2d ./OBJS/Debug/stm32f10x_flash.o
 .text          0x00000000        0x0 ./OBJS/Debug/stm32f10x_fsmc.o
 .data          0x00000000        0x0 ./OBJS/Debug/stm32f10x_fsmc.o
 .bss           0x00000000        0x0 ./OBJS/Debug/stm32f10x_fsmc.o
 .text.FSMC_NORSRAMDeInit
                0x00000000       0x36 ./OBJS/Debug/stm32f10x_fsmc.o
 .text.FSMC_NANDDeInit
                0x00000000       0x38 ./OBJS/Debug/stm32f10x_fsmc.o
 .text.FSMC_PCCARDDeInit
                0x00000000       0x22 ./OBJS/Debug/stm32f10x_fsmc.o
 .text.FSMC_NORSRAMInit
                0x00000000       0xc8 ./OBJS/Debug/stm32f10x_fsmc.o
 .text.FSMC_NANDInit
                0x00000000       0x76 ./OBJS/Debug/stm32f10x_fsmc.o
 .text.FSMC_PCCARDInit
                0x00000000       0x72 ./OBJS/Debug/stm32f10x_fsmc.o
 .text.FSMC_NORSRAMStructInit
                0x00000000       0x84 ./OBJS/Debug/stm32f10x_fsmc.o
 .text.FSMC_NANDStructInit
                0x00000000       0x36 ./OBJS/Debug/stm32f10x_fsmc.o
 .text.FSMC_PCCARDStructInit
                0x00000000       0x3c ./OBJS/Debug/stm32f10x_fsmc.o
 .text.FSMC_NORSRAMCmd
                0x00000000       0x2c ./OBJS/Debug/stm32f10x_fsmc.o
 .text.FSMC_NANDCmd
                0x00000000       0x50 ./OBJS/Debug/stm32f10x_fsmc.o
 .text.FSMC_PCCARDCmd
                0x00000000       0x2c ./OBJS/Debug/stm32f10x_fsmc.o
 .text.FSMC_NANDECCCmd
                0x00000000       0x50 ./OBJS/Debug/stm32f10x_fsmc.o
 .text.FSMC_GetECC
                0x00000000       0x16 ./OBJS/Debug/stm32f10x_fsmc.o
 .text.FSMC_ITConfig
                0x00000000       0x74 ./OBJS/Debug/stm32f10x_fsmc.o
 .text.FSMC_GetFlagStatus
                0x00000000       0x30 ./OBJS/Debug/stm32f10x_fsmc.o
 .text.FSMC_ClearFlag
                0x00000000       0x3c ./OBJS/Debug/stm32f10x_fsmc.o
 .text.FSMC_GetITStatus
                0x00000000       0x3a ./OBJS/Debug/stm32f10x_fsmc.o
 .text.FSMC_ClearITPendingBit
                0x00000000       0x3c ./OBJS/Debug/stm32f10x_fsmc.o
 .debug_info    0x00000000      0x9c6 ./OBJS/Debug/stm32f10x_fsmc.o
 .debug_abbrev  0x00000000      0x1c8 ./OBJS/Debug/stm32f10x_fsmc.o
 .debug_loc     0x00000000      0x663 ./OBJS/Debug/stm32f10x_fsmc.o
 .debug_aranges
                0x00000000       0xb0 ./OBJS/Debug/stm32f10x_fsmc.o
 .debug_ranges  0x00000000       0xa0 ./OBJS/Debug/stm32f10x_fsmc.o
 .debug_line    0x00000000      0xa06 ./OBJS/Debug/stm32f10x_fsmc.o
 .debug_str     0x00000000      0x797 ./OBJS/Debug/stm32f10x_fsmc.o
 .comment       0x00000000       0x4e ./OBJS/Debug/stm32f10x_fsmc.o
 .debug_frame   0x00000000      0x14c ./OBJS/Debug/stm32f10x_fsmc.o
 .ARM.attributes
                0x00000000       0x2d ./OBJS/Debug/stm32f10x_fsmc.o
 .text          0x00000000        0x0 ./OBJS/Debug/stm32f10x_gpio.o
 .data          0x00000000        0x0 ./OBJS/Debug/stm32f10x_gpio.o
 .bss           0x00000000        0x0 ./OBJS/Debug/stm32f10x_gpio.o
 .text.GPIO_DeInit
                0x00000000       0xcc ./OBJS/Debug/stm32f10x_gpio.o
 .text.GPIO_AFIODeInit
                0x00000000       0x14 ./OBJS/Debug/stm32f10x_gpio.o
 .text.GPIO_Init
                0x00000000       0xb2 ./OBJS/Debug/stm32f10x_gpio.o
 .text.GPIO_StructInit
                0x00000000       0x10 ./OBJS/Debug/stm32f10x_gpio.o
 .text.GPIO_ReadInputDataBit
                0x00000000        0xe ./OBJS/Debug/stm32f10x_gpio.o
 .text.GPIO_ReadInputData
                0x00000000        0x6 ./OBJS/Debug/stm32f10x_gpio.o
 .text.GPIO_ReadOutputDataBit
                0x00000000        0xe ./OBJS/Debug/stm32f10x_gpio.o
 .text.GPIO_ReadOutputData
                0x00000000        0x6 ./OBJS/Debug/stm32f10x_gpio.o
 .text.GPIO_SetBits
                0x00000000        0x4 ./OBJS/Debug/stm32f10x_gpio.o
 .text.GPIO_ResetBits
                0x00000000        0x4 ./OBJS/Debug/stm32f10x_gpio.o
 .text.GPIO_WriteBit
                0x00000000        0xa ./OBJS/Debug/stm32f10x_gpio.o
 .text.GPIO_Write
                0x00000000        0x4 ./OBJS/Debug/stm32f10x_gpio.o
 .text.GPIO_PinLockConfig
                0x00000000       0x10 ./OBJS/Debug/stm32f10x_gpio.o
 .text.GPIO_EventOutputConfig
                0x00000000       0x1c ./OBJS/Debug/stm32f10x_gpio.o
 .text.GPIO_EventOutputCmd
                0x00000000        0xc ./OBJS/Debug/stm32f10x_gpio.o
 .text.GPIO_PinRemapConfig
                0x00000000       0x7c ./OBJS/Debug/stm32f10x_gpio.o
 .text.GPIO_EXTILineConfig
                0x00000000       0x34 ./OBJS/Debug/stm32f10x_gpio.o
 .text.GPIO_ETH_MediaInterfaceConfig
                0x00000000        0xc ./OBJS/Debug/stm32f10x_gpio.o
 .debug_info    0x00000000      0x91e ./OBJS/Debug/stm32f10x_gpio.o
 .debug_abbrev  0x00000000      0x220 ./OBJS/Debug/stm32f10x_gpio.o
 .debug_loc     0x00000000      0x62c ./OBJS/Debug/stm32f10x_gpio.o
 .debug_aranges
                0x00000000       0xa8 ./OBJS/Debug/stm32f10x_gpio.o
 .debug_ranges  0x00000000       0x98 ./OBJS/Debug/stm32f10x_gpio.o
 .debug_line    0x00000000      0x6bd ./OBJS/Debug/stm32f10x_gpio.o
 .debug_str     0x00000000      0x54d ./OBJS/Debug/stm32f10x_gpio.o
 .comment       0x00000000       0x4e ./OBJS/Debug/stm32f10x_gpio.o
 .debug_frame   0x00000000      0x160 ./OBJS/Debug/stm32f10x_gpio.o
 .ARM.attributes
                0x00000000       0x2d ./OBJS/Debug/stm32f10x_gpio.o
 .text          0x00000000        0x0 ./OBJS/Debug/stm32f10x_i2c.o
 .data          0x00000000        0x0 ./OBJS/Debug/stm32f10x_i2c.o
 .bss           0x00000000        0x0 ./OBJS/Debug/stm32f10x_i2c.o
 .text.I2C_DeInit
                0x00000000       0x38 ./OBJS/Debug/stm32f10x_i2c.o
 .text.I2C_Init
                0x00000000       0xdc ./OBJS/Debug/stm32f10x_i2c.o
 .text.I2C_StructInit
                0x00000000       0x1c ./OBJS/Debug/stm32f10x_i2c.o
 .text.I2C_Cmd  0x00000000       0x1c ./OBJS/Debug/stm32f10x_i2c.o
 .text.I2C_DMACmd
                0x00000000       0x1c ./OBJS/Debug/stm32f10x_i2c.o
 .text.I2C_DMALastTransferCmd
                0x00000000       0x1c ./OBJS/Debug/stm32f10x_i2c.o
 .text.I2C_GenerateSTART
                0x00000000       0x1c ./OBJS/Debug/stm32f10x_i2c.o
 .text.I2C_GenerateSTOP
                0x00000000       0x1c ./OBJS/Debug/stm32f10x_i2c.o
 .text.I2C_AcknowledgeConfig
                0x00000000       0x1c ./OBJS/Debug/stm32f10x_i2c.o
 .text.I2C_OwnAddress2Config
                0x00000000       0x12 ./OBJS/Debug/stm32f10x_i2c.o
 .text.I2C_DualAddressCmd
                0x00000000       0x1c ./OBJS/Debug/stm32f10x_i2c.o
 .text.I2C_GeneralCallCmd
                0x00000000       0x1c ./OBJS/Debug/stm32f10x_i2c.o
 .text.I2C_ITConfig
                0x00000000       0x18 ./OBJS/Debug/stm32f10x_i2c.o
 .text.I2C_SendData
                0x00000000        0x4 ./OBJS/Debug/stm32f10x_i2c.o
 .text.I2C_ReceiveData
                0x00000000        0x6 ./OBJS/Debug/stm32f10x_i2c.o
 .text.I2C_Send7bitAddress
                0x00000000       0x12 ./OBJS/Debug/stm32f10x_i2c.o
 .text.I2C_ReadRegister
                0x00000000       0x18 ./OBJS/Debug/stm32f10x_i2c.o
 .text.I2C_SoftwareResetCmd
                0x00000000       0x1c ./OBJS/Debug/stm32f10x_i2c.o
 .text.I2C_NACKPositionConfig
                0x00000000       0x20 ./OBJS/Debug/stm32f10x_i2c.o
 .text.I2C_SMBusAlertConfig
                0x00000000       0x20 ./OBJS/Debug/stm32f10x_i2c.o
 .text.I2C_TransmitPEC
                0x00000000       0x1c ./OBJS/Debug/stm32f10x_i2c.o
 .text.I2C_PECPositionConfig
                0x00000000       0x20 ./OBJS/Debug/stm32f10x_i2c.o
 .text.I2C_CalculatePEC
                0x00000000       0x1c ./OBJS/Debug/stm32f10x_i2c.o
 .text.I2C_GetPEC
                0x00000000        0x8 ./OBJS/Debug/stm32f10x_i2c.o
 .text.I2C_ARPCmd
                0x00000000       0x1c ./OBJS/Debug/stm32f10x_i2c.o
 .text.I2C_StretchClockCmd
                0x00000000       0x1c ./OBJS/Debug/stm32f10x_i2c.o
 .text.I2C_FastModeDutyCycleConfig
                0x00000000       0x20 ./OBJS/Debug/stm32f10x_i2c.o
 .text.I2C_CheckEvent
                0x00000000       0x1c ./OBJS/Debug/stm32f10x_i2c.o
 .text.I2C_GetLastEvent
                0x00000000       0x10 ./OBJS/Debug/stm32f10x_i2c.o
 .text.I2C_GetFlagStatus
                0x00000000       0x38 ./OBJS/Debug/stm32f10x_i2c.o
 .text.I2C_ClearFlag
                0x00000000        0xc ./OBJS/Debug/stm32f10x_i2c.o
 .text.I2C_GetITStatus
                0x00000000       0x20 ./OBJS/Debug/stm32f10x_i2c.o
 .text.I2C_ClearITPendingBit
                0x00000000        0xc ./OBJS/Debug/stm32f10x_i2c.o
 .debug_info    0x00000000      0xc9a ./OBJS/Debug/stm32f10x_i2c.o
 .debug_abbrev  0x00000000      0x1ef ./OBJS/Debug/stm32f10x_i2c.o
 .debug_loc     0x00000000      0x773 ./OBJS/Debug/stm32f10x_i2c.o
 .debug_aranges
                0x00000000      0x120 ./OBJS/Debug/stm32f10x_i2c.o
 .debug_ranges  0x00000000      0x110 ./OBJS/Debug/stm32f10x_i2c.o
 .debug_line    0x00000000      0x91d ./OBJS/Debug/stm32f10x_i2c.o
 .debug_str     0x00000000      0x6ac ./OBJS/Debug/stm32f10x_i2c.o
 .comment       0x00000000       0x4e ./OBJS/Debug/stm32f10x_i2c.o
 .debug_frame   0x00000000      0x250 ./OBJS/Debug/stm32f10x_i2c.o
 .ARM.attributes
                0x00000000       0x2d ./OBJS/Debug/stm32f10x_i2c.o
 .text          0x00000000        0x0 ./OBJS/Debug/stm32f10x_iwdg.o
 .data          0x00000000        0x0 ./OBJS/Debug/stm32f10x_iwdg.o
 .bss           0x00000000        0x0 ./OBJS/Debug/stm32f10x_iwdg.o
 .text.IWDG_WriteAccessCmd
                0x00000000        0xc ./OBJS/Debug/stm32f10x_iwdg.o
 .text.IWDG_SetPrescaler
                0x00000000        0xc ./OBJS/Debug/stm32f10x_iwdg.o
 .text.IWDG_SetReload
                0x00000000        0xc ./OBJS/Debug/stm32f10x_iwdg.o
 .text.IWDG_ReloadCounter
                0x00000000       0x10 ./OBJS/Debug/stm32f10x_iwdg.o
 .text.IWDG_Enable
                0x00000000       0x10 ./OBJS/Debug/stm32f10x_iwdg.o
 .text.IWDG_GetFlagStatus
                0x00000000       0x14 ./OBJS/Debug/stm32f10x_iwdg.o
 .debug_info    0x00000000      0x201 ./OBJS/Debug/stm32f10x_iwdg.o
 .debug_abbrev  0x00000000      0x13b ./OBJS/Debug/stm32f10x_iwdg.o
 .debug_loc     0x00000000       0x65 ./OBJS/Debug/stm32f10x_iwdg.o
 .debug_aranges
                0x00000000       0x48 ./OBJS/Debug/stm32f10x_iwdg.o
 .debug_ranges  0x00000000       0x38 ./OBJS/Debug/stm32f10x_iwdg.o
 .debug_line    0x00000000      0x1ef ./OBJS/Debug/stm32f10x_iwdg.o
 .debug_str     0x00000000      0x279 ./OBJS/Debug/stm32f10x_iwdg.o
 .comment       0x00000000       0x4e ./OBJS/Debug/stm32f10x_iwdg.o
 .debug_frame   0x00000000       0x70 ./OBJS/Debug/stm32f10x_iwdg.o
 .ARM.attributes
                0x00000000       0x2d ./OBJS/Debug/stm32f10x_iwdg.o
 .text          0x00000000        0x0 ./OBJS/Debug/stm32f10x_pwr.o
 .data          0x00000000        0x0 ./OBJS/Debug/stm32f10x_pwr.o
 .bss           0x00000000        0x0 ./OBJS/Debug/stm32f10x_pwr.o
 .text.PWR_DeInit
                0x00000000       0x18 ./OBJS/Debug/stm32f10x_pwr.o
 .text.PWR_BackupAccessCmd
                0x00000000        0xc ./OBJS/Debug/stm32f10x_pwr.o
 .text.PWR_PVDCmd
                0x00000000        0xc ./OBJS/Debug/stm32f10x_pwr.o
 .text.PWR_PVDLevelConfig
                0x00000000       0x14 ./OBJS/Debug/stm32f10x_pwr.o
 .text.PWR_WakeUpPinCmd
                0x00000000        0xc ./OBJS/Debug/stm32f10x_pwr.o
 .text.PWR_EnterSTOPMode
                0x00000000       0x34 ./OBJS/Debug/stm32f10x_pwr.o
 .text.PWR_EnterSTANDBYMode
                0x00000000       0x28 ./OBJS/Debug/stm32f10x_pwr.o
 .text.PWR_GetFlagStatus
                0x00000000       0x14 ./OBJS/Debug/stm32f10x_pwr.o
 .text.PWR_ClearFlag
                0x00000000       0x10 ./OBJS/Debug/stm32f10x_pwr.o
 .debug_info    0x00000000      0x4d2 ./OBJS/Debug/stm32f10x_pwr.o
 .debug_abbrev  0x00000000      0x1ee ./OBJS/Debug/stm32f10x_pwr.o
 .debug_loc     0x00000000       0xbc ./OBJS/Debug/stm32f10x_pwr.o
 .debug_aranges
                0x00000000       0x60 ./OBJS/Debug/stm32f10x_pwr.o
 .debug_ranges  0x00000000       0x50 ./OBJS/Debug/stm32f10x_pwr.o
 .debug_line    0x00000000      0x330 ./OBJS/Debug/stm32f10x_pwr.o
 .debug_str     0x00000000      0x346 ./OBJS/Debug/stm32f10x_pwr.o
 .comment       0x00000000       0x4e ./OBJS/Debug/stm32f10x_pwr.o
 .debug_frame   0x00000000       0xa8 ./OBJS/Debug/stm32f10x_pwr.o
 .ARM.attributes
                0x00000000       0x2d ./OBJS/Debug/stm32f10x_pwr.o
 .text          0x00000000        0x0 ./OBJS/Debug/stm32f10x_rcc.o
 .data          0x00000000        0x0 ./OBJS/Debug/stm32f10x_rcc.o
 .bss           0x00000000        0x0 ./OBJS/Debug/stm32f10x_rcc.o
 .text.RCC_DeInit
                0x00000000       0x40 ./OBJS/Debug/stm32f10x_rcc.o
 .text.RCC_AdjustHSICalibrationValue
                0x00000000       0x14 ./OBJS/Debug/stm32f10x_rcc.o
 .text.RCC_HSICmd
                0x00000000        0xc ./OBJS/Debug/stm32f10x_rcc.o
 .text.RCC_PLLConfig
                0x00000000       0x14 ./OBJS/Debug/stm32f10x_rcc.o
 .text.RCC_PLLCmd
                0x00000000        0xc ./OBJS/Debug/stm32f10x_rcc.o
 .text.RCC_SYSCLKConfig
                0x00000000       0x14 ./OBJS/Debug/stm32f10x_rcc.o
 .text.RCC_GetSYSCLKSource
                0x00000000       0x10 ./OBJS/Debug/stm32f10x_rcc.o
 .text.RCC_HCLKConfig
                0x00000000       0x14 ./OBJS/Debug/stm32f10x_rcc.o
 .text.RCC_PCLK1Config
                0x00000000       0x14 ./OBJS/Debug/stm32f10x_rcc.o
 .text.RCC_PCLK2Config
                0x00000000       0x14 ./OBJS/Debug/stm32f10x_rcc.o
 .text.RCC_ITConfig
                0x00000000       0x1c ./OBJS/Debug/stm32f10x_rcc.o
 .text.RCC_USBCLKConfig
                0x00000000        0xc ./OBJS/Debug/stm32f10x_rcc.o
 .text.RCC_ADCCLKConfig
                0x00000000       0x14 ./OBJS/Debug/stm32f10x_rcc.o
 .text.RCC_LSEConfig
                0x00000000       0x30 ./OBJS/Debug/stm32f10x_rcc.o
 .text.RCC_LSICmd
                0x00000000        0xc ./OBJS/Debug/stm32f10x_rcc.o
 .text.RCC_RTCCLKConfig
                0x00000000       0x10 ./OBJS/Debug/stm32f10x_rcc.o
 .text.RCC_RTCCLKCmd
                0x00000000        0xc ./OBJS/Debug/stm32f10x_rcc.o
 .text.RCC_AHBPeriphClockCmd
                0x00000000       0x1c ./OBJS/Debug/stm32f10x_rcc.o
 .text.RCC_APB2PeriphClockCmd
                0x00000000       0x1c ./OBJS/Debug/stm32f10x_rcc.o
 .text.RCC_APB1PeriphClockCmd
                0x00000000       0x1c ./OBJS/Debug/stm32f10x_rcc.o
 .text.RCC_APB2PeriphResetCmd
                0x00000000       0x1c ./OBJS/Debug/stm32f10x_rcc.o
 .text.RCC_APB1PeriphResetCmd
                0x00000000       0x1c ./OBJS/Debug/stm32f10x_rcc.o
 .text.RCC_BackupResetCmd
                0x00000000        0xc ./OBJS/Debug/stm32f10x_rcc.o
 .text.RCC_ClockSecuritySystemCmd
                0x00000000        0xc ./OBJS/Debug/stm32f10x_rcc.o
 .text.RCC_MCOConfig
                0x00000000        0xc ./OBJS/Debug/stm32f10x_rcc.o
 .text.RCC_GetFlagStatus
                0x00000000       0x34 ./OBJS/Debug/stm32f10x_rcc.o
 .text.RCC_WaitForHSEStartUp
                0x00000000       0x30 ./OBJS/Debug/stm32f10x_rcc.o
 .text.RCC_ClearFlag
                0x00000000       0x10 ./OBJS/Debug/stm32f10x_rcc.o
 .text.RCC_GetITStatus
                0x00000000       0x14 ./OBJS/Debug/stm32f10x_rcc.o
 .text.RCC_ClearITPendingBit
                0x00000000        0xc ./OBJS/Debug/stm32f10x_rcc.o
 .text          0x00000000        0x0 ./OBJS/Debug/stm32f10x_rtc.o
 .data          0x00000000        0x0 ./OBJS/Debug/stm32f10x_rtc.o
 .bss           0x00000000        0x0 ./OBJS/Debug/stm32f10x_rtc.o
 .text.RTC_ITConfig
                0x00000000       0x20 ./OBJS/Debug/stm32f10x_rtc.o
 .text.RTC_EnterConfigMode
                0x00000000       0x14 ./OBJS/Debug/stm32f10x_rtc.o
 .text.RTC_ExitConfigMode
                0x00000000       0x14 ./OBJS/Debug/stm32f10x_rtc.o
 .text.RTC_GetCounter
                0x00000000       0x14 ./OBJS/Debug/stm32f10x_rtc.o
 .text.RTC_SetCounter
                0x00000000       0x1c ./OBJS/Debug/stm32f10x_rtc.o
 .text.RTC_SetPrescaler
                0x00000000       0x20 ./OBJS/Debug/stm32f10x_rtc.o
 .text.RTC_SetAlarm
                0x00000000       0x1c ./OBJS/Debug/stm32f10x_rtc.o
 .text.RTC_GetDivider
                0x00000000       0x18 ./OBJS/Debug/stm32f10x_rtc.o
 .text.RTC_WaitForLastTask
                0x00000000       0x10 ./OBJS/Debug/stm32f10x_rtc.o
 .text.RTC_WaitForSynchro
                0x00000000       0x20 ./OBJS/Debug/stm32f10x_rtc.o
 .text.RTC_GetFlagStatus
                0x00000000       0x14 ./OBJS/Debug/stm32f10x_rtc.o
 .text.RTC_ClearFlag
                0x00000000       0x14 ./OBJS/Debug/stm32f10x_rtc.o
 .text.RTC_GetITStatus
                0x00000000       0x20 ./OBJS/Debug/stm32f10x_rtc.o
 .text.RTC_ClearITPendingBit
                0x00000000       0x14 ./OBJS/Debug/stm32f10x_rtc.o
 .debug_info    0x00000000      0x4bd ./OBJS/Debug/stm32f10x_rtc.o
 .debug_abbrev  0x00000000      0x1cd ./OBJS/Debug/stm32f10x_rtc.o
 .debug_loc     0x00000000      0x27b ./OBJS/Debug/stm32f10x_rtc.o
 .debug_aranges
                0x00000000       0x88 ./OBJS/Debug/stm32f10x_rtc.o
 .debug_ranges  0x00000000       0x78 ./OBJS/Debug/stm32f10x_rtc.o
 .debug_line    0x00000000      0x3a8 ./OBJS/Debug/stm32f10x_rtc.o
 .debug_str     0x00000000      0x3bf ./OBJS/Debug/stm32f10x_rtc.o
 .comment       0x00000000       0x4e ./OBJS/Debug/stm32f10x_rtc.o
 .debug_frame   0x00000000      0x108 ./OBJS/Debug/stm32f10x_rtc.o
 .ARM.attributes
                0x00000000       0x2d ./OBJS/Debug/stm32f10x_rtc.o
 .text          0x00000000        0x0 ./OBJS/Debug/stm32f10x_sdio.o
 .data          0x00000000        0x0 ./OBJS/Debug/stm32f10x_sdio.o
 .bss           0x00000000        0x0 ./OBJS/Debug/stm32f10x_sdio.o
 .text.SDIO_DeInit
                0x00000000       0x24 ./OBJS/Debug/stm32f10x_sdio.o
 .text.SDIO_Init
                0x00000000       0x30 ./OBJS/Debug/stm32f10x_sdio.o
 .text.SDIO_StructInit
                0x00000000       0x10 ./OBJS/Debug/stm32f10x_sdio.o
 .text.SDIO_ClockCmd
                0x00000000        0xc ./OBJS/Debug/stm32f10x_sdio.o
 .text.SDIO_SetPowerState
                0x00000000       0x18 ./OBJS/Debug/stm32f10x_sdio.o
 .text.SDIO_GetPowerState
                0x00000000       0x10 ./OBJS/Debug/stm32f10x_sdio.o
 .text.SDIO_ITConfig
                0x00000000       0x1c ./OBJS/Debug/stm32f10x_sdio.o
 .text.SDIO_DMACmd
                0x00000000        0xc ./OBJS/Debug/stm32f10x_sdio.o
 .text.SDIO_SendCommand
                0x00000000       0x2c ./OBJS/Debug/stm32f10x_sdio.o
 .text.SDIO_CmdStructInit
                0x00000000        0xe ./OBJS/Debug/stm32f10x_sdio.o
 .text.SDIO_GetCommandResponse
                0x00000000        0xc ./OBJS/Debug/stm32f10x_sdio.o
 .text.SDIO_GetResponse
                0x00000000       0x18 ./OBJS/Debug/stm32f10x_sdio.o
 .text.SDIO_DataConfig
                0x00000000       0x2c ./OBJS/Debug/stm32f10x_sdio.o
 .text.SDIO_DataStructInit
                0x00000000       0x14 ./OBJS/Debug/stm32f10x_sdio.o
 .text.SDIO_GetDataCounter
                0x00000000        0xc ./OBJS/Debug/stm32f10x_sdio.o
 .text.SDIO_ReadData
                0x00000000        0xc ./OBJS/Debug/stm32f10x_sdio.o
 .text.SDIO_WriteData
                0x00000000        0xc ./OBJS/Debug/stm32f10x_sdio.o
 .text.SDIO_GetFIFOCount
                0x00000000        0xc ./OBJS/Debug/stm32f10x_sdio.o
 .text.SDIO_StartSDIOReadWait
                0x00000000        0xc ./OBJS/Debug/stm32f10x_sdio.o
 .text.SDIO_StopSDIOReadWait
                0x00000000        0xc ./OBJS/Debug/stm32f10x_sdio.o
 .text.SDIO_SetSDIOReadWaitMode
                0x00000000        0xc ./OBJS/Debug/stm32f10x_sdio.o
 .text.SDIO_SetSDIOOperation
                0x00000000        0xc ./OBJS/Debug/stm32f10x_sdio.o
 .text.SDIO_SendSDIOSuspendCmd
                0x00000000        0xc ./OBJS/Debug/stm32f10x_sdio.o
 .text.SDIO_CommandCompletionCmd
                0x00000000        0xc ./OBJS/Debug/stm32f10x_sdio.o
 .text.SDIO_CEATAITCmd
                0x00000000       0x14 ./OBJS/Debug/stm32f10x_sdio.o
 .text.SDIO_SendCEATACmd
                0x00000000        0xc ./OBJS/Debug/stm32f10x_sdio.o
 .text.SDIO_GetFlagStatus
                0x00000000       0x14 ./OBJS/Debug/stm32f10x_sdio.o
 .text.SDIO_ClearFlag
                0x00000000        0xc ./OBJS/Debug/stm32f10x_sdio.o
 .text.SDIO_GetITStatus
                0x00000000       0x14 ./OBJS/Debug/stm32f10x_sdio.o
 .text.SDIO_ClearITPendingBit
                0x00000000        0xc ./OBJS/Debug/stm32f10x_sdio.o
 .debug_info    0x00000000      0x86e ./OBJS/Debug/stm32f10x_sdio.o
 .debug_abbrev  0x00000000      0x1f6 ./OBJS/Debug/stm32f10x_sdio.o
 .debug_loc     0x00000000      0x26f ./OBJS/Debug/stm32f10x_sdio.o
 .debug_aranges
                0x00000000      0x108 ./OBJS/Debug/stm32f10x_sdio.o
 .debug_ranges  0x00000000       0xf8 ./OBJS/Debug/stm32f10x_sdio.o
 .debug_line    0x00000000      0x67f ./OBJS/Debug/stm32f10x_sdio.o
 .debug_str     0x00000000      0x64d ./OBJS/Debug/stm32f10x_sdio.o
 .comment       0x00000000       0x4e ./OBJS/Debug/stm32f10x_sdio.o
 .debug_frame   0x00000000      0x21c ./OBJS/Debug/stm32f10x_sdio.o
 .ARM.attributes
                0x00000000       0x2d ./OBJS/Debug/stm32f10x_sdio.o
 .text          0x00000000        0x0 ./OBJS/Debug/stm32f10x_spi.o
 .data          0x00000000        0x0 ./OBJS/Debug/stm32f10x_spi.o
 .bss           0x00000000        0x0 ./OBJS/Debug/stm32f10x_spi.o
 .text.SPI_I2S_DeInit
                0x00000000       0x64 ./OBJS/Debug/stm32f10x_spi.o
 .text.SPI_Init
                0x00000000       0x4e ./OBJS/Debug/stm32f10x_spi.o
 .text.I2S_Init
                0x00000000       0xb8 ./OBJS/Debug/stm32f10x_spi.o
 .text.SPI_StructInit
                0x00000000       0x18 ./OBJS/Debug/stm32f10x_spi.o
 .text.I2S_StructInit
                0x00000000       0x12 ./OBJS/Debug/stm32f10x_spi.o
 .text.SPI_Cmd  0x00000000       0x1c ./OBJS/Debug/stm32f10x_spi.o
 .text.I2S_Cmd  0x00000000       0x1c ./OBJS/Debug/stm32f10x_spi.o
 .text.SPI_I2S_ITConfig
                0x00000000       0x20 ./OBJS/Debug/stm32f10x_spi.o
 .text.SPI_I2S_DMACmd
                0x00000000       0x18 ./OBJS/Debug/stm32f10x_spi.o
 .text.SPI_I2S_SendData
                0x00000000        0x4 ./OBJS/Debug/stm32f10x_spi.o
 .text.SPI_I2S_ReceiveData
                0x00000000        0x6 ./OBJS/Debug/stm32f10x_spi.o
 .text.SPI_NSSInternalSoftwareConfig
                0x00000000       0x22 ./OBJS/Debug/stm32f10x_spi.o
 .text.SPI_SSOutputCmd
                0x00000000       0x1c ./OBJS/Debug/stm32f10x_spi.o
 .text.SPI_DataSizeConfig
                0x00000000       0x16 ./OBJS/Debug/stm32f10x_spi.o
 .text.SPI_TransmitCRC
                0x00000000        0xc ./OBJS/Debug/stm32f10x_spi.o
 .text.SPI_CalculateCRC
                0x00000000       0x1c ./OBJS/Debug/stm32f10x_spi.o
 .text.SPI_GetCRC
                0x00000000       0x10 ./OBJS/Debug/stm32f10x_spi.o
 .text.SPI_GetCRCPolynomial
                0x00000000        0x6 ./OBJS/Debug/stm32f10x_spi.o
 .text.SPI_BiDirectionalLineConfig
                0x00000000       0x20 ./OBJS/Debug/stm32f10x_spi.o
 .text.SPI_I2S_GetFlagStatus
                0x00000000        0xe ./OBJS/Debug/stm32f10x_spi.o
 .text.SPI_I2S_ClearFlag
                0x00000000        0x8 ./OBJS/Debug/stm32f10x_spi.o
 .text.SPI_I2S_GetITStatus
                0x00000000       0x2c ./OBJS/Debug/stm32f10x_spi.o
 .text.SPI_I2S_ClearITPendingBit
                0x00000000       0x12 ./OBJS/Debug/stm32f10x_spi.o
 .debug_info    0x00000000      0xaa1 ./OBJS/Debug/stm32f10x_spi.o
 .debug_abbrev  0x00000000      0x1f2 ./OBJS/Debug/stm32f10x_spi.o
 .debug_loc     0x00000000      0x6e3 ./OBJS/Debug/stm32f10x_spi.o
 .debug_aranges
                0x00000000       0xd0 ./OBJS/Debug/stm32f10x_spi.o
 .debug_ranges  0x00000000       0xc0 ./OBJS/Debug/stm32f10x_spi.o
 .debug_line    0x00000000      0x733 ./OBJS/Debug/stm32f10x_spi.o
 .debug_str     0x00000000      0x65a ./OBJS/Debug/stm32f10x_spi.o
 .comment       0x00000000       0x4e ./OBJS/Debug/stm32f10x_spi.o
 .debug_frame   0x00000000      0x1b0 ./OBJS/Debug/stm32f10x_spi.o
 .ARM.attributes
                0x00000000       0x2d ./OBJS/Debug/stm32f10x_spi.o
 .text          0x00000000        0x0 ./OBJS/Debug/stm32f10x_tim.o
 .data          0x00000000        0x0 ./OBJS/Debug/stm32f10x_tim.o
 .bss           0x00000000        0x0 ./OBJS/Debug/stm32f10x_tim.o
 .text.TI1_Config
                0x00000000       0x88 ./OBJS/Debug/stm32f10x_tim.o
 .text.TI2_Config
                0x00000000       0x94 ./OBJS/Debug/stm32f10x_tim.o
 .text.TI3_Config
                0x00000000       0x84 ./OBJS/Debug/stm32f10x_tim.o
 .text.TI4_Config
                0x00000000       0x98 ./OBJS/Debug/stm32f10x_tim.o
 .text.TIM_DeInit
                0x00000000      0x20c ./OBJS/Debug/stm32f10x_tim.o
 .text.TIM_TimeBaseInit
                0x00000000       0x94 ./OBJS/Debug/stm32f10x_tim.o
 .text.TIM_OC1Init
                0x00000000       0x8c ./OBJS/Debug/stm32f10x_tim.o
 .text.TIM_OC2Init
                0x00000000       0x98 ./OBJS/Debug/stm32f10x_tim.o
 .text.TIM_OC3Init
                0x00000000       0x94 ./OBJS/Debug/stm32f10x_tim.o
 .text.TIM_OC4Init
                0x00000000       0x80 ./OBJS/Debug/stm32f10x_tim.o
 .text.TIM_BDTRConfig
                0x00000000       0x2c ./OBJS/Debug/stm32f10x_tim.o
 .text.TIM_TimeBaseStructInit
                0x00000000       0x12 ./OBJS/Debug/stm32f10x_tim.o
 .text.TIM_OCStructInit
                0x00000000       0x14 ./OBJS/Debug/stm32f10x_tim.o
 .text.TIM_ICStructInit
                0x00000000       0x10 ./OBJS/Debug/stm32f10x_tim.o
 .text.TIM_BDTRStructInit
                0x00000000       0x12 ./OBJS/Debug/stm32f10x_tim.o
 .text.TIM_Cmd  0x00000000       0x1c ./OBJS/Debug/stm32f10x_tim.o
 .text.TIM_CtrlPWMOutputs
                0x00000000       0x24 ./OBJS/Debug/stm32f10x_tim.o
 .text.TIM_ITConfig
                0x00000000       0x18 ./OBJS/Debug/stm32f10x_tim.o
 .text.TIM_GenerateEvent
                0x00000000        0x4 ./OBJS/Debug/stm32f10x_tim.o
 .text.TIM_DMAConfig
                0x00000000        0x8 ./OBJS/Debug/stm32f10x_tim.o
 .text.TIM_DMACmd
                0x00000000       0x18 ./OBJS/Debug/stm32f10x_tim.o
 .text.TIM_InternalClockConfig
                0x00000000        0xe ./OBJS/Debug/stm32f10x_tim.o
 .text.TIM_ETRConfig
                0x00000000       0x18 ./OBJS/Debug/stm32f10x_tim.o
 .text.TIM_ETRClockMode1Config
                0x00000000       0x14 ./OBJS/Debug/stm32f10x_tim.o
 .text.TIM_ETRClockMode2Config
                0x00000000       0x14 ./OBJS/Debug/stm32f10x_tim.o
 .text.TIM_PrescalerConfig
                0x00000000        0x6 ./OBJS/Debug/stm32f10x_tim.o
 .text.TIM_CounterModeConfig
                0x00000000        0xe ./OBJS/Debug/stm32f10x_tim.o
 .text.TIM_SelectInputTrigger
                0x00000000        0xe ./OBJS/Debug/stm32f10x_tim.o
 .text.TIM_ITRxExternalClockConfig
                0x00000000       0x14 ./OBJS/Debug/stm32f10x_tim.o
 .text.TIM_TIxExternalClockConfig
                0x00000000       0x2e ./OBJS/Debug/stm32f10x_tim.o
 .text.TIM_EncoderInterfaceConfig
                0x00000000       0x46 ./OBJS/Debug/stm32f10x_tim.o
 .text.TIM_ForcedOC1Config
                0x00000000        0xe ./OBJS/Debug/stm32f10x_tim.o
 .text.TIM_ForcedOC2Config
                0x00000000       0x12 ./OBJS/Debug/stm32f10x_tim.o
 .text.TIM_ForcedOC3Config
                0x00000000        0xe ./OBJS/Debug/stm32f10x_tim.o
 .text.TIM_ForcedOC4Config
                0x00000000       0x12 ./OBJS/Debug/stm32f10x_tim.o
 .text.TIM_ARRPreloadConfig
                0x00000000       0x1c ./OBJS/Debug/stm32f10x_tim.o
 .text.TIM_SelectCOM
                0x00000000       0x1c ./OBJS/Debug/stm32f10x_tim.o
 .text.TIM_SelectCCDMA
                0x00000000       0x1c ./OBJS/Debug/stm32f10x_tim.o
 .text.TIM_CCPreloadControl
                0x00000000       0x1c ./OBJS/Debug/stm32f10x_tim.o
 .text.TIM_OC1PreloadConfig
                0x00000000        0xe ./OBJS/Debug/stm32f10x_tim.o
 .text.TIM_OC2PreloadConfig
                0x00000000       0x12 ./OBJS/Debug/stm32f10x_tim.o
 .text.TIM_OC3PreloadConfig
                0x00000000        0xe ./OBJS/Debug/stm32f10x_tim.o
 .text.TIM_OC4PreloadConfig
                0x00000000       0x12 ./OBJS/Debug/stm32f10x_tim.o
 .text.TIM_OC1FastConfig
                0x00000000        0xe ./OBJS/Debug/stm32f10x_tim.o
 .text.TIM_OC2FastConfig
                0x00000000       0x12 ./OBJS/Debug/stm32f10x_tim.o
 .text.TIM_OC3FastConfig
                0x00000000        0xe ./OBJS/Debug/stm32f10x_tim.o
 .text.TIM_OC4FastConfig
                0x00000000       0x12 ./OBJS/Debug/stm32f10x_tim.o
 .text.TIM_ClearOC1Ref
                0x00000000        0xe ./OBJS/Debug/stm32f10x_tim.o
 .text.TIM_ClearOC2Ref
                0x00000000       0x10 ./OBJS/Debug/stm32f10x_tim.o
 .text.TIM_ClearOC3Ref
                0x00000000        0xe ./OBJS/Debug/stm32f10x_tim.o
 .text.TIM_ClearOC4Ref
                0x00000000       0x10 ./OBJS/Debug/stm32f10x_tim.o
 .text.TIM_OC1PolarityConfig
                0x00000000        0xe ./OBJS/Debug/stm32f10x_tim.o
 .text.TIM_OC1NPolarityConfig
                0x00000000        0xe ./OBJS/Debug/stm32f10x_tim.o
 .text.TIM_OC2PolarityConfig
                0x00000000       0x12 ./OBJS/Debug/stm32f10x_tim.o
 .text.TIM_OC2NPolarityConfig
                0x00000000       0x12 ./OBJS/Debug/stm32f10x_tim.o
 .text.TIM_OC3PolarityConfig
                0x00000000       0x12 ./OBJS/Debug/stm32f10x_tim.o
 .text.TIM_OC3NPolarityConfig
                0x00000000       0x12 ./OBJS/Debug/stm32f10x_tim.o
 .text.TIM_OC4PolarityConfig
                0x00000000       0x12 ./OBJS/Debug/stm32f10x_tim.o
 .text.TIM_CCxCmd
                0x00000000       0x22 ./OBJS/Debug/stm32f10x_tim.o
 .text.TIM_CCxNCmd
                0x00000000       0x22 ./OBJS/Debug/stm32f10x_tim.o
 .text.TIM_SelectOCxM
                0x00000000       0x5e ./OBJS/Debug/stm32f10x_tim.o
 .text.TIM_UpdateDisableConfig
                0x00000000       0x1c ./OBJS/Debug/stm32f10x_tim.o
 .text.TIM_UpdateRequestConfig
                0x00000000       0x1c ./OBJS/Debug/stm32f10x_tim.o
 .text.TIM_SelectHallSensor
                0x00000000       0x1c ./OBJS/Debug/stm32f10x_tim.o
 .text.TIM_SelectOnePulseMode
                0x00000000       0x16 ./OBJS/Debug/stm32f10x_tim.o
 .text.TIM_SelectOutputTrigger
                0x00000000       0x16 ./OBJS/Debug/stm32f10x_tim.o
 .text.TIM_SelectSlaveMode
                0x00000000       0x16 ./OBJS/Debug/stm32f10x_tim.o
 .text.TIM_SelectMasterSlaveMode
                0x00000000       0x16 ./OBJS/Debug/stm32f10x_tim.o
 .text.TIM_SetCounter
                0x00000000        0x4 ./OBJS/Debug/stm32f10x_tim.o
 .text.TIM_SetAutoreload
                0x00000000        0x4 ./OBJS/Debug/stm32f10x_tim.o
 .text.TIM_SetCompare1
                0x00000000        0x4 ./OBJS/Debug/stm32f10x_tim.o
 .text.TIM_SetCompare2
                0x00000000        0x4 ./OBJS/Debug/stm32f10x_tim.o
 .text.TIM_SetCompare3
                0x00000000        0x4 ./OBJS/Debug/stm32f10x_tim.o
 .text.TIM_SetCompare4
                0x00000000        0x6 ./OBJS/Debug/stm32f10x_tim.o
 .text.TIM_SetIC1Prescaler
                0x00000000       0x16 ./OBJS/Debug/stm32f10x_tim.o
 .text.TIM_SetIC2Prescaler
                0x00000000       0x1a ./OBJS/Debug/stm32f10x_tim.o
 .text.TIM_PWMIConfig
                0x00000000       0x6c ./OBJS/Debug/stm32f10x_tim.o
 .text.TIM_SetIC3Prescaler
                0x00000000       0x16 ./OBJS/Debug/stm32f10x_tim.o
 .text.TIM_SetIC4Prescaler
                0x00000000       0x1a ./OBJS/Debug/stm32f10x_tim.o
 .text.TIM_ICInit
                0x00000000       0x62 ./OBJS/Debug/stm32f10x_tim.o
 .text.TIM_SetClockDivision
                0x00000000       0x16 ./OBJS/Debug/stm32f10x_tim.o
 .text.TIM_GetCapture1
                0x00000000        0x6 ./OBJS/Debug/stm32f10x_tim.o
 .text.TIM_GetCapture2
                0x00000000        0x6 ./OBJS/Debug/stm32f10x_tim.o
 .text.TIM_GetCapture3
                0x00000000        0x6 ./OBJS/Debug/stm32f10x_tim.o
 .text.TIM_GetCapture4
                0x00000000        0x8 ./OBJS/Debug/stm32f10x_tim.o
 .text.TIM_GetCounter
                0x00000000        0x6 ./OBJS/Debug/stm32f10x_tim.o
 .text.TIM_GetPrescaler
                0x00000000        0x6 ./OBJS/Debug/stm32f10x_tim.o
 .text.TIM_GetFlagStatus
                0x00000000        0xe ./OBJS/Debug/stm32f10x_tim.o
 .text.TIM_ClearFlag
                0x00000000        0x8 ./OBJS/Debug/stm32f10x_tim.o
 .text.TIM_GetITStatus
                0x00000000       0x18 ./OBJS/Debug/stm32f10x_tim.o
 .text.TIM_ClearITPendingBit
                0x00000000        0x8 ./OBJS/Debug/stm32f10x_tim.o
 .debug_info    0x00000000     0x2500 ./OBJS/Debug/stm32f10x_tim.o
 .debug_abbrev  0x00000000      0x206 ./OBJS/Debug/stm32f10x_tim.o
 .debug_loc     0x00000000     0x1a55 ./OBJS/Debug/stm32f10x_tim.o
 .debug_aranges
                0x00000000      0x2f0 ./OBJS/Debug/stm32f10x_tim.o
 .debug_ranges  0x00000000      0x2e0 ./OBJS/Debug/stm32f10x_tim.o
 .debug_line    0x00000000     0x1a24 ./OBJS/Debug/stm32f10x_tim.o
 .debug_str     0x00000000      0xe28 ./OBJS/Debug/stm32f10x_tim.o
 .comment       0x00000000       0x4e ./OBJS/Debug/stm32f10x_tim.o
 .debug_frame   0x00000000      0x66c ./OBJS/Debug/stm32f10x_tim.o
 .ARM.attributes
                0x00000000       0x2d ./OBJS/Debug/stm32f10x_tim.o
 .text          0x00000000        0x0 ./OBJS/Debug/stm32f10x_usart.o
 .data          0x00000000        0x0 ./OBJS/Debug/stm32f10x_usart.o
 .bss           0x00000000        0x0 ./OBJS/Debug/stm32f10x_usart.o
 .text.USART_DeInit
                0x00000000       0xa4 ./OBJS/Debug/stm32f10x_usart.o
 .text.USART_StructInit
                0x00000000       0x16 ./OBJS/Debug/stm32f10x_usart.o
 .text.USART_ClockInit
                0x00000000       0x26 ./OBJS/Debug/stm32f10x_usart.o
 .text.USART_ClockStructInit
                0x00000000        0xc ./OBJS/Debug/stm32f10x_usart.o
 .text.USART_Cmd
                0x00000000       0x1c ./OBJS/Debug/stm32f10x_usart.o
 .text.USART_ITConfig
                0x00000000       0x36 ./OBJS/Debug/stm32f10x_usart.o
 .text.USART_DMACmd
                0x00000000       0x18 ./OBJS/Debug/stm32f10x_usart.o
 .text.USART_SetAddress
                0x00000000       0x16 ./OBJS/Debug/stm32f10x_usart.o
 .text.USART_WakeUpConfig
                0x00000000       0x16 ./OBJS/Debug/stm32f10x_usart.o
 .text.USART_ReceiverWakeUpCmd
                0x00000000       0x1c ./OBJS/Debug/stm32f10x_usart.o
 .text.USART_LINBreakDetectLengthConfig
                0x00000000       0x16 ./OBJS/Debug/stm32f10x_usart.o
 .text.USART_LINCmd
                0x00000000       0x1c ./OBJS/Debug/stm32f10x_usart.o
 .text.USART_SendBreak
                0x00000000        0xc ./OBJS/Debug/stm32f10x_usart.o
 .text.USART_SetGuardTime
                0x00000000       0x12 ./OBJS/Debug/stm32f10x_usart.o
 .text.USART_SetPrescaler
                0x00000000       0x12 ./OBJS/Debug/stm32f10x_usart.o
 .text.USART_SmartCardCmd
                0x00000000       0x1c ./OBJS/Debug/stm32f10x_usart.o
 .text.USART_SmartCardNACKCmd
                0x00000000       0x1c ./OBJS/Debug/stm32f10x_usart.o
 .text.USART_HalfDuplexCmd
                0x00000000       0x1c ./OBJS/Debug/stm32f10x_usart.o
 .text.USART_OverSampling8Cmd
                0x00000000       0x1c ./OBJS/Debug/stm32f10x_usart.o
 .text.USART_OneBitMethodCmd
                0x00000000       0x1c ./OBJS/Debug/stm32f10x_usart.o
 .text.USART_IrDAConfig
                0x00000000       0x16 ./OBJS/Debug/stm32f10x_usart.o
 .text.USART_IrDACmd
                0x00000000       0x1c ./OBJS/Debug/stm32f10x_usart.o
 .text.USART_ClearFlag
                0x00000000        0x8 ./OBJS/Debug/stm32f10x_usart.o
 .text.USART_ClearITPendingBit
                0x00000000       0x10 ./OBJS/Debug/stm32f10x_usart.o
 .text          0x00000000        0x0 ./OBJS/Debug/stm32f10x_wwdg.o
 .data          0x00000000        0x0 ./OBJS/Debug/stm32f10x_wwdg.o
 .bss           0x00000000        0x0 ./OBJS/Debug/stm32f10x_wwdg.o
 .text.WWDG_DeInit
                0x00000000       0x18 ./OBJS/Debug/stm32f10x_wwdg.o
 .text.WWDG_SetPrescaler
                0x00000000       0x14 ./OBJS/Debug/stm32f10x_wwdg.o
 .text.WWDG_SetWindowValue
                0x00000000       0x28 ./OBJS/Debug/stm32f10x_wwdg.o
 .text.WWDG_EnableIT
                0x00000000       0x10 ./OBJS/Debug/stm32f10x_wwdg.o
 .text.WWDG_SetCounter
                0x00000000       0x10 ./OBJS/Debug/stm32f10x_wwdg.o
 .text.WWDG_Enable
                0x00000000       0x10 ./OBJS/Debug/stm32f10x_wwdg.o
 .text.WWDG_GetFlagStatus
                0x00000000        0xc ./OBJS/Debug/stm32f10x_wwdg.o
 .text.WWDG_ClearFlag
                0x00000000        0xc ./OBJS/Debug/stm32f10x_wwdg.o
 .debug_info    0x00000000      0x27d ./OBJS/Debug/stm32f10x_wwdg.o
 .debug_abbrev  0x00000000      0x167 ./OBJS/Debug/stm32f10x_wwdg.o
 .debug_loc     0x00000000       0x92 ./OBJS/Debug/stm32f10x_wwdg.o
 .debug_aranges
                0x00000000       0x58 ./OBJS/Debug/stm32f10x_wwdg.o
 .debug_ranges  0x00000000       0x48 ./OBJS/Debug/stm32f10x_wwdg.o
 .debug_line    0x00000000      0x289 ./OBJS/Debug/stm32f10x_wwdg.o
 .debug_str     0x00000000      0x291 ./OBJS/Debug/stm32f10x_wwdg.o
 .comment       0x00000000       0x4e ./OBJS/Debug/stm32f10x_wwdg.o
 .debug_frame   0x00000000       0xa0 ./OBJS/Debug/stm32f10x_wwdg.o
 .ARM.attributes
                0x00000000       0x2d ./OBJS/Debug/stm32f10x_wwdg.o
 .text          0x00000000        0x0 ./OBJS/Debug/system_stm32f10x.o
 .data          0x00000000        0x0 ./OBJS/Debug/system_stm32f10x.o
 .bss           0x00000000        0x0 ./OBJS/Debug/system_stm32f10x.o
 .text.SystemCoreClockUpdate
                0x00000000       0x94 ./OBJS/Debug/system_stm32f10x.o
 .data.AHBPrescTable
                0x00000000       0x10 ./OBJS/Debug/system_stm32f10x.o
 .text          0x00000000        0x0 ./OBJS/Debug/clock_config.o
 .data          0x00000000        0x0 ./OBJS/Debug/clock_config.o
 .bss           0x00000000        0x0 ./OBJS/Debug/clock_config.o
 .text.delay_us
                0x00000000       0x40 ./OBJS/Debug/clock_config.o
 .text.delay_s  0x00000000       0x40 ./OBJS/Debug/clock_config.o
 .text          0x00000000        0x0 ./OBJS/Debug/led.o
 .data          0x00000000        0x0 ./OBJS/Debug/led.o
 .bss           0x00000000        0x0 ./OBJS/Debug/led.o
 .text          0x00000000        0x0 ./OBJS/Debug/main.o
 .data          0x00000000        0x0 ./OBJS/Debug/main.o
 .bss           0x00000000        0x0 ./OBJS/Debug/main.o
 .text          0x00000000        0x0 ./OBJS/Debug/spi.o
 .data          0x00000000        0x0 ./OBJS/Debug/spi.o
 .bss           0x00000000        0x0 ./OBJS/Debug/spi.o
 .text.SPI_InitCfg
                0x00000000       0x64 ./OBJS/Debug/spi.o
 .debug_info    0x00000000      0x2e7 ./OBJS/Debug/spi.o
 .debug_abbrev  0x00000000       0x98 ./OBJS/Debug/spi.o
 .debug_aranges
                0x00000000       0x20 ./OBJS/Debug/spi.o
 .debug_ranges  0x00000000       0x10 ./OBJS/Debug/spi.o
 .debug_line    0x00000000      0x15d ./OBJS/Debug/spi.o
 .debug_str     0x00000000      0x270 ./OBJS/Debug/spi.o
 .comment       0x00000000       0x4e ./OBJS/Debug/spi.o
 .debug_frame   0x00000000       0x20 ./OBJS/Debug/spi.o
 .ARM.attributes
                0x00000000       0x2d ./OBJS/Debug/spi.o
 .text          0x00000000        0x0 ./OBJS/Debug/usart_1.o
 .data          0x00000000        0x0 ./OBJS/Debug/usart_1.o
 .bss           0x00000000        0x0 ./OBJS/Debug/usart_1.o
 .text.Usart_SendByte
                0x00000000       0x28 ./OBJS/Debug/usart_1.o
 .text.Usart_SendHalfWord
                0x00000000       0x30 ./OBJS/Debug/usart_1.o
 .text          0x00000000       0x14 ./OBJS/Debug/startup_stm32f10x_hd.o
 .data          0x00000000        0x0 ./OBJS/Debug/startup_stm32f10x_hd.o
 .bss           0x00000000        0x0 ./OBJS/Debug/startup_stm32f10x_hd.o
 .text          0x00000000        0x0 d:/gnu arm embedded toolchain/10 2020-q4-major/bin/../lib/gcc/arm-none-eabi/10.2.1/../../../../arm-none-eabi/lib/thumb/v7-m/nofp\libc_nano.a(lib_a-exit.o)
 .data          0x00000000        0x0 d:/gnu arm embedded toolchain/10 2020-q4-major/bin/../lib/gcc/arm-none-eabi/10.2.1/../../../../arm-none-eabi/lib/thumb/v7-m/nofp\libc_nano.a(lib_a-exit.o)
 .bss           0x00000000        0x0 d:/gnu arm embedded toolchain/10 2020-q4-major/bin/../lib/gcc/arm-none-eabi/10.2.1/../../../../arm-none-eabi/lib/thumb/v7-m/nofp\libc_nano.a(lib_a-exit.o)
 .text.exit     0x00000000       0x28 d:/gnu arm embedded toolchain/10 2020-q4-major/bin/../lib/gcc/arm-none-eabi/10.2.1/../../../../arm-none-eabi/lib/thumb/v7-m/nofp\libc_nano.a(lib_a-exit.o)
 .debug_frame   0x00000000       0x28 d:/gnu arm embedded toolchain/10 2020-q4-major/bin/../lib/gcc/arm-none-eabi/10.2.1/../../../../arm-none-eabi/lib/thumb/v7-m/nofp\libc_nano.a(lib_a-exit.o)
 .ARM.attributes
                0x00000000       0x2d d:/gnu arm embedded toolchain/10 2020-q4-major/bin/../lib/gcc/arm-none-eabi/10.2.1/../../../../arm-none-eabi/lib/thumb/v7-m/nofp\libc_nano.a(lib_a-exit.o)
 .text          0x00000000        0x0 d:/gnu arm embedded toolchain/10 2020-q4-major/bin/../lib/gcc/arm-none-eabi/10.2.1/../../../../arm-none-eabi/lib/thumb/v7-m/nofp\libc_nano.a(lib_a-impure.o)
 .data          0x00000000        0x0 d:/gnu arm embedded toolchain/10 2020-q4-major/bin/../lib/gcc/arm-none-eabi/10.2.1/../../../../arm-none-eabi/lib/thumb/v7-m/nofp\libc_nano.a(lib_a-impure.o)
 .bss           0x00000000        0x0 d:/gnu arm embedded toolchain/10 2020-q4-major/bin/../lib/gcc/arm-none-eabi/10.2.1/../../../../arm-none-eabi/lib/thumb/v7-m/nofp\libc_nano.a(lib_a-impure.o)
 .data._impure_ptr
                0x00000000        0x4 d:/gnu arm embedded toolchain/10 2020-q4-major/bin/../lib/gcc/arm-none-eabi/10.2.1/../../../../arm-none-eabi/lib/thumb/v7-m/nofp\libc_nano.a(lib_a-impure.o)
 .data.impure_data
                0x00000000       0x60 d:/gnu arm embedded toolchain/10 2020-q4-major/bin/../lib/gcc/arm-none-eabi/10.2.1/../../../../arm-none-eabi/lib/thumb/v7-m/nofp\libc_nano.a(lib_a-impure.o)
 .rodata._global_impure_ptr
                0x00000000        0x4 d:/gnu arm embedded toolchain/10 2020-q4-major/bin/../lib/gcc/arm-none-eabi/10.2.1/../../../../arm-none-eabi/lib/thumb/v7-m/nofp\libc_nano.a(lib_a-impure.o)
 .ARM.attributes
                0x00000000       0x2d d:/gnu arm embedded toolchain/10 2020-q4-major/bin/../lib/gcc/arm-none-eabi/10.2.1/../../../../arm-none-eabi/lib/thumb/v7-m/nofp\libc_nano.a(lib_a-impure.o)
 .text          0x00000000        0x0 d:/gnu arm embedded toolchain/10 2020-q4-major/bin/../lib/gcc/arm-none-eabi/10.2.1/../../../../arm-none-eabi/lib/thumb/v7-m/nofp\libc_nano.a(lib_a-init.o)
 .data          0x00000000        0x0 d:/gnu arm embedded toolchain/10 2020-q4-major/bin/../lib/gcc/arm-none-eabi/10.2.1/../../../../arm-none-eabi/lib/thumb/v7-m/nofp\libc_nano.a(lib_a-init.o)
 .bss           0x00000000        0x0 d:/gnu arm embedded toolchain/10 2020-q4-major/bin/../lib/gcc/arm-none-eabi/10.2.1/../../../../arm-none-eabi/lib/thumb/v7-m/nofp\libc_nano.a(lib_a-init.o)
 .text.__libc_init_array
                0x00000000       0x48 d:/gnu arm embedded toolchain/10 2020-q4-major/bin/../lib/gcc/arm-none-eabi/10.2.1/../../../../arm-none-eabi/lib/thumb/v7-m/nofp\libc_nano.a(lib_a-init.o)
 .debug_frame   0x00000000       0x2c d:/gnu arm embedded toolchain/10 2020-q4-major/bin/../lib/gcc/arm-none-eabi/10.2.1/../../../../arm-none-eabi/lib/thumb/v7-m/nofp\libc_nano.a(lib_a-init.o)
 .ARM.attributes
                0x00000000       0x2d d:/gnu arm embedded toolchain/10 2020-q4-major/bin/../lib/gcc/arm-none-eabi/10.2.1/../../../../arm-none-eabi/lib/thumb/v7-m/nofp\libc_nano.a(lib_a-init.o)
 .text          0x00000000        0x0 d:/gnu arm embedded toolchain/10 2020-q4-major/bin/../lib/gcc/arm-none-eabi/10.2.1/../../../../arm-none-eabi/lib/thumb/v7-m/nofp\libc_nano.a(lib_a-memset.o)
 .data          0x00000000        0x0 d:/gnu arm embedded toolchain/10 2020-q4-major/bin/../lib/gcc/arm-none-eabi/10.2.1/../../../../arm-none-eabi/lib/thumb/v7-m/nofp\libc_nano.a(lib_a-memset.o)
 .bss           0x00000000        0x0 d:/gnu arm embedded toolchain/10 2020-q4-major/bin/../lib/gcc/arm-none-eabi/10.2.1/../../../../arm-none-eabi/lib/thumb/v7-m/nofp\libc_nano.a(lib_a-memset.o)
 .text.memset   0x00000000       0x10 d:/gnu arm embedded toolchain/10 2020-q4-major/bin/../lib/gcc/arm-none-eabi/10.2.1/../../../../arm-none-eabi/lib/thumb/v7-m/nofp\libc_nano.a(lib_a-memset.o)
 .debug_frame   0x00000000       0x20 d:/gnu arm embedded toolchain/10 2020-q4-major/bin/../lib/gcc/arm-none-eabi/10.2.1/../../../../arm-none-eabi/lib/thumb/v7-m/nofp\libc_nano.a(lib_a-memset.o)
 .ARM.attributes
                0x00000000       0x2d d:/gnu arm embedded toolchain/10 2020-q4-major/bin/../lib/gcc/arm-none-eabi/10.2.1/../../../../arm-none-eabi/lib/thumb/v7-m/nofp\libc_nano.a(lib_a-memset.o)
 .text          0x00000000        0x0 d:/gnu arm embedded toolchain/10 2020-q4-major/bin/../lib/gcc/arm-none-eabi/10.2.1/../../../../arm-none-eabi/lib/thumb/v7-m/nofp\libnosys.a(_exit.o)
 .data          0x00000000        0x0 d:/gnu arm embedded toolchain/10 2020-q4-major/bin/../lib/gcc/arm-none-eabi/10.2.1/../../../../arm-none-eabi/lib/thumb/v7-m/nofp\libnosys.a(_exit.o)
 .bss           0x00000000        0x0 d:/gnu arm embedded toolchain/10 2020-q4-major/bin/../lib/gcc/arm-none-eabi/10.2.1/../../../../arm-none-eabi/lib/thumb/v7-m/nofp\libnosys.a(_exit.o)
 .text._exit    0x00000000        0x4 d:/gnu arm embedded toolchain/10 2020-q4-major/bin/../lib/gcc/arm-none-eabi/10.2.1/../../../../arm-none-eabi/lib/thumb/v7-m/nofp\libnosys.a(_exit.o)
 .debug_frame   0x00000000       0x20 d:/gnu arm embedded toolchain/10 2020-q4-major/bin/../lib/gcc/arm-none-eabi/10.2.1/../../../../arm-none-eabi/lib/thumb/v7-m/nofp\libnosys.a(_exit.o)
 .ARM.attributes
                0x00000000       0x2d d:/gnu arm embedded toolchain/10 2020-q4-major/bin/../lib/gcc/arm-none-eabi/10.2.1/../../../../arm-none-eabi/lib/thumb/v7-m/nofp\libnosys.a(_exit.o)
 .text          0x00000000        0x0 d:/gnu arm embedded toolchain/10 2020-q4-major/bin/../lib/gcc/arm-none-eabi/10.2.1/thumb/v7-m/nofp/crtend.o
 .data          0x00000000        0x0 d:/gnu arm embedded toolchain/10 2020-q4-major/bin/../lib/gcc/arm-none-eabi/10.2.1/thumb/v7-m/nofp/crtend.o
 .bss           0x00000000        0x0 d:/gnu arm embedded toolchain/10 2020-q4-major/bin/../lib/gcc/arm-none-eabi/10.2.1/thumb/v7-m/nofp/crtend.o
 .rodata        0x00000000       0x24 d:/gnu arm embedded toolchain/10 2020-q4-major/bin/../lib/gcc/arm-none-eabi/10.2.1/thumb/v7-m/nofp/crtend.o
 .eh_frame      0x00000000        0x4 d:/gnu arm embedded toolchain/10 2020-q4-major/bin/../lib/gcc/arm-none-eabi/10.2.1/thumb/v7-m/nofp/crtend.o
 .ARM.attributes
                0x00000000       0x2d d:/gnu arm embedded toolchain/10 2020-q4-major/bin/../lib/gcc/arm-none-eabi/10.2.1/thumb/v7-m/nofp/crtend.o
 .text          0x00000000        0x0 d:/gnu arm embedded toolchain/10 2020-q4-major/bin/../lib/gcc/arm-none-eabi/10.2.1/thumb/v7-m/nofp/crtn.o
 .data          0x00000000        0x0 d:/gnu arm embedded toolchain/10 2020-q4-major/bin/../lib/gcc/arm-none-eabi/10.2.1/thumb/v7-m/nofp/crtn.o
 .bss           0x00000000        0x0 d:/gnu arm embedded toolchain/10 2020-q4-major/bin/../lib/gcc/arm-none-eabi/10.2.1/thumb/v7-m/nofp/crtn.o

Memory Configuration

Name             Origin             Length             Attributes
RAM              0x20000000         0x0000c000         xrw
FLASH            0x08000000         0x00040000         xr
*default*        0x00000000         0xffffffff

Linker script and memory map

LOAD d:/gnu arm embedded toolchain/10 2020-q4-major/bin/../lib/gcc/arm-none-eabi/10.2.1/thumb/v7-m/nofp/crti.o
LOAD d:/gnu arm embedded toolchain/10 2020-q4-major/bin/../lib/gcc/arm-none-eabi/10.2.1/thumb/v7-m/nofp/crtbegin.o
LOAD d:/gnu arm embedded toolchain/10 2020-q4-major/bin/../lib/gcc/arm-none-eabi/10.2.1/../../../../arm-none-eabi/lib/thumb/v7-m/nofp/crt0.o
LOAD ./OBJS/Debug/misc.o
LOAD ./OBJS/Debug/stm32f10x_adc.o
LOAD ./OBJS/Debug/stm32f10x_bkp.o
LOAD ./OBJS/Debug/stm32f10x_can.o
LOAD ./OBJS/Debug/stm32f10x_cec.o
LOAD ./OBJS/Debug/stm32f10x_crc.o
LOAD ./OBJS/Debug/stm32f10x_dac.o
LOAD ./OBJS/Debug/stm32f10x_dbgmcu.o
LOAD ./OBJS/Debug/stm32f10x_dma.o
LOAD ./OBJS/Debug/stm32f10x_exti.o
LOAD ./OBJS/Debug/stm32f10x_flash.o
LOAD ./OBJS/Debug/stm32f10x_fsmc.o
LOAD ./OBJS/Debug/stm32f10x_gpio.o
LOAD ./OBJS/Debug/stm32f10x_i2c.o
LOAD ./OBJS/Debug/stm32f10x_iwdg.o
LOAD ./OBJS/Debug/stm32f10x_pwr.o
LOAD ./OBJS/Debug/stm32f10x_rcc.o
LOAD ./OBJS/Debug/stm32f10x_rtc.o
LOAD ./OBJS/Debug/stm32f10x_sdio.o
LOAD ./OBJS/Debug/stm32f10x_spi.o
LOAD ./OBJS/Debug/stm32f10x_tim.o
LOAD ./OBJS/Debug/stm32f10x_usart.o
LOAD ./OBJS/Debug/stm32f10x_wwdg.o
LOAD ./OBJS/Debug/system_stm32f10x.o
LOAD ./OBJS/Debug/clock_config.o
LOAD ./OBJS/Debug/led.o
LOAD ./OBJS/Debug/main.o
LOAD ./OBJS/Debug/spi.o
LOAD ./OBJS/Debug/usart_1.o
LOAD ./OBJS/Debug/startup_stm32f10x_hd.o
LOAD d:/gnu arm embedded toolchain/10 2020-q4-major/bin/../lib/gcc/arm-none-eabi/10.2.1/../../../../arm-none-eabi/lib/thumb/v7-m/nofp\libm.a
START GROUP
LOAD d:/gnu arm embedded toolchain/10 2020-q4-major/bin/../lib/gcc/arm-none-eabi/10.2.1/thumb/v7-m/nofp\libgcc.a
LOAD d:/gnu arm embedded toolchain/10 2020-q4-major/bin/../lib/gcc/arm-none-eabi/10.2.1/../../../../arm-none-eabi/lib/thumb/v7-m/nofp\libc_nano.a
END GROUP
START GROUP
LOAD d:/gnu arm embedded toolchain/10 2020-q4-major/bin/../lib/gcc/arm-none-eabi/10.2.1/thumb/v7-m/nofp\libgcc.a
LOAD d:/gnu arm embedded toolchain/10 2020-q4-major/bin/../lib/gcc/arm-none-eabi/10.2.1/../../../../arm-none-eabi/lib/thumb/v7-m/nofp\libc_nano.a
LOAD d:/gnu arm embedded toolchain/10 2020-q4-major/bin/../lib/gcc/arm-none-eabi/10.2.1/../../../../arm-none-eabi/lib/thumb/v7-m/nofp\libnosys.a
END GROUP
START GROUP
LOAD d:/gnu arm embedded toolchain/10 2020-q4-major/bin/../lib/gcc/arm-none-eabi/10.2.1/thumb/v7-m/nofp\libgcc.a
LOAD d:/gnu arm embedded toolchain/10 2020-q4-major/bin/../lib/gcc/arm-none-eabi/10.2.1/../../../../arm-none-eabi/lib/thumb/v7-m/nofp\libc_nano.a
LOAD d:/gnu arm embedded toolchain/10 2020-q4-major/bin/../lib/gcc/arm-none-eabi/10.2.1/../../../../arm-none-eabi/lib/thumb/v7-m/nofp\libnosys.a
END GROUP
LOAD d:/gnu arm embedded toolchain/10 2020-q4-major/bin/../lib/gcc/arm-none-eabi/10.2.1/thumb/v7-m/nofp/crtend.o
LOAD d:/gnu arm embedded toolchain/10 2020-q4-major/bin/../lib/gcc/arm-none-eabi/10.2.1/thumb/v7-m/nofp/crtn.o
                0x2000c000                _estack = 0x2000c000
                0x00000200                _Min_Heap_Size = 0x200
                0x00000400                _Min_Stack_Size = 0x400

.isr_vector     0x08000000      0x1e4
                0x08000000                . = ALIGN (0x4)
 *(.isr_vector)
 .isr_vector    0x08000000      0x1e4 ./OBJS/Debug/startup_stm32f10x_hd.o
                0x08000000                g_pfnVectors
                0x080001e4                . = ALIGN (0x4)

.text           0x080001e4      0x674
                0x080001e4                . = ALIGN (0x4)
 *(.text)
 .text          0x080001e4       0x40 d:/gnu arm embedded toolchain/10 2020-q4-major/bin/../lib/gcc/arm-none-eabi/10.2.1/thumb/v7-m/nofp/crtbegin.o
 *(.text*)
 .text.NVIC_PriorityGroupConfig
                0x08000224       0x14 ./OBJS/Debug/misc.o
                0x08000224                NVIC_PriorityGroupConfig
 .text.NVIC_Init
                0x08000238       0x64 ./OBJS/Debug/misc.o
                0x08000238                NVIC_Init
 .text.SysTick_CLKSourceConfig
                0x0800029c       0x20 ./OBJS/Debug/misc.o
                0x0800029c                SysTick_CLKSourceConfig
 .text.RCC_HSEConfig
                0x080002bc       0x3c ./OBJS/Debug/stm32f10x_rcc.o
                0x080002bc                RCC_HSEConfig
 .text.RCC_GetClocksFreq
                0x080002f8       0xbc ./OBJS/Debug/stm32f10x_rcc.o
                0x080002f8                RCC_GetClocksFreq
 .text.USART_Init
                0x080003b4       0xc4 ./OBJS/Debug/stm32f10x_usart.o
                0x080003b4                USART_Init
 .text.USART_SendData
                0x08000478        0x8 ./OBJS/Debug/stm32f10x_usart.o
                0x08000478                USART_SendData
 .text.USART_ReceiveData
                0x08000480        0x8 ./OBJS/Debug/stm32f10x_usart.o
                0x08000480                USART_ReceiveData
 .text.USART_GetFlagStatus
                0x08000488        0xe ./OBJS/Debug/stm32f10x_usart.o
                0x08000488                USART_GetFlagStatus
 .text.USART_GetITStatus
                0x08000496       0x4a ./OBJS/Debug/stm32f10x_usart.o
                0x08000496                USART_GetITStatus
 .text.SetSysClockTo72
                0x080004e0       0xc4 ./OBJS/Debug/system_stm32f10x.o
 .text.SetSysClock
                0x080005a4        0x8 ./OBJS/Debug/system_stm32f10x.o
 .text.SystemInit
                0x080005ac       0x50 ./OBJS/Debug/system_stm32f10x.o
                0x080005ac                SystemInit
 .text.delay_ms
                0x080005fc       0x40 ./OBJS/Debug/clock_config.o
                0x080005fc                delay_ms
 .text.LED_Init
                0x0800063c       0x40 ./OBJS/Debug/led.o
                0x0800063c                LED_Init
 .text.Led_Ctl  0x0800067c       0x40 ./OBJS/Debug/led.o
                0x0800067c                Led_Ctl
 .text.main     0x080006bc       0x60 ./OBJS/Debug/main.o
                0x080006bc                main
 .text.Usart1_InitCfg
                0x0800071c       0x80 ./OBJS/Debug/usart_1.o
                0x0800071c                Usart1_InitCfg
 .text.Usart_SendString
                0x0800079c       0x34 ./OBJS/Debug/usart_1.o
                0x0800079c                Usart_SendString
 .text.USART1_IRQHandler
                0x080007d0       0x28 ./OBJS/Debug/usart_1.o
                0x080007d0                USART1_IRQHandler
 .text.Reset_Handler
                0x080007f8       0x44 ./OBJS/Debug/startup_stm32f10x_hd.o
                0x080007f8                Reset_Handler
 .text.Default_Handler
                0x0800083c        0x2 ./OBJS/Debug/startup_stm32f10x_hd.o
                0x0800083c                EXTI2_IRQHandler
                0x0800083c                TIM8_TRG_COM_IRQHandler
                0x0800083c                TIM8_CC_IRQHandler
                0x0800083c                DebugMon_Handler
                0x0800083c                TIM1_CC_IRQHandler
                0x0800083c                HardFault_Handler
                0x0800083c                TIM6_IRQHandler
                0x0800083c                SysTick_Handler
                0x0800083c                PVD_IRQHandler
                0x0800083c                SDIO_IRQHandler
                0x0800083c                PendSV_Handler
                0x0800083c                NMI_Handler
                0x0800083c                EXTI3_IRQHandler
                0x0800083c                EXTI0_IRQHandler
                0x0800083c                I2C2_EV_IRQHandler
                0x0800083c                UsageFault_Handler
                0x0800083c                ADC1_2_IRQHandler
                0x0800083c                SPI1_IRQHandler
                0x0800083c                TAMPER_IRQHandler
                0x0800083c                TIM8_UP_IRQHandler
                0x0800083c                DMA2_Channel2_IRQHandler
                0x0800083c                DMA1_Channel4_IRQHandler
                0x0800083c                USART3_IRQHandler
                0x0800083c                RTC_IRQHandler
                0x0800083c                DMA1_Channel7_IRQHandler
                0x0800083c                CAN1_RX1_IRQHandler
                0x0800083c                UART5_IRQHandler
                0x0800083c                ADC3_IRQHandler
                0x0800083c                TIM4_IRQHandler
                0x0800083c                DMA2_Channel1_IRQHandler
                0x0800083c                I2C1_EV_IRQHandler
                0x0800083c                DMA1_Channel6_IRQHandler
                0x0800083c                UART4_IRQHandler
                0x0800083c                TIM3_IRQHandler
                0x0800083c                RCC_IRQHandler
                0x0800083c                TIM1_TRG_COM_IRQHandler
                0x0800083c                DMA1_Channel1_IRQHandler
                0x0800083c                Default_Handler
                0x0800083c                EXTI15_10_IRQHandler
                0x0800083c                TIM7_IRQHandler
                0x0800083c                TIM5_IRQHandler
                0x0800083c                EXTI9_5_IRQHandler
                0x0800083c                SPI2_IRQHandler
                0x0800083c                MemManage_Handler
                0x0800083c                SVC_Handler
                0x0800083c                DMA1_Channel5_IRQHandler
                0x0800083c                EXTI4_IRQHandler
                0x0800083c                USB_LP_CAN1_RX0_IRQHandler
                0x0800083c                USB_HP_CAN1_TX_IRQHandler
                0x0800083c                DMA1_Channel3_IRQHandler
                0x0800083c                FSMC_IRQHandler
                0x0800083c                TIM1_UP_IRQHandler
                0x0800083c                WWDG_IRQHandler
                0x0800083c                TIM2_IRQHandler
                0x0800083c                TIM1_BRK_IRQHandler
                0x0800083c                EXTI1_IRQHandler
                0x0800083c                RTCAlarm_IRQHandler
                0x0800083c                DMA2_Channel4_5_IRQHandler
                0x0800083c                USART2_IRQHandler
                0x0800083c                I2C2_ER_IRQHandler
                0x0800083c                DMA1_Channel2_IRQHandler
                0x0800083c                TIM8_BRK_IRQHandler
                0x0800083c                CAN1_SCE_IRQHandler
                0x0800083c                FLASH_IRQHandler
                0x0800083c                BusFault_Handler
                0x0800083c                SPI3_IRQHandler
                0x0800083c                I2C1_ER_IRQHandler
                0x0800083c                USBWakeUp_IRQHandler
                0x0800083c                DMA2_Channel3_IRQHandler
 *(.glue_7)
 .glue_7        0x0800083e        0x0 linker stubs
 *(.glue_7t)
 .glue_7t       0x0800083e        0x0 linker stubs
 *(.eh_frame)
 *fill*         0x0800083e        0x2 
 .eh_frame      0x08000840        0x0 d:/gnu arm embedded toolchain/10 2020-q4-major/bin/../lib/gcc/arm-none-eabi/10.2.1/thumb/v7-m/nofp/crtbegin.o
 *(.init)
 .init          0x08000840        0x4 d:/gnu arm embedded toolchain/10 2020-q4-major/bin/../lib/gcc/arm-none-eabi/10.2.1/thumb/v7-m/nofp/crti.o
                0x08000840                _init
 .init          0x08000844        0x8 d:/gnu arm embedded toolchain/10 2020-q4-major/bin/../lib/gcc/arm-none-eabi/10.2.1/thumb/v7-m/nofp/crtn.o
 *(.fini)
 .fini          0x0800084c        0x4 d:/gnu arm embedded toolchain/10 2020-q4-major/bin/../lib/gcc/arm-none-eabi/10.2.1/thumb/v7-m/nofp/crti.o
                0x0800084c                _fini
 .fini          0x08000850        0x8 d:/gnu arm embedded toolchain/10 2020-q4-major/bin/../lib/gcc/arm-none-eabi/10.2.1/thumb/v7-m/nofp/crtn.o
                0x08000858                . = ALIGN (0x4)
                0x08000858                _etext = .

.vfp11_veneer   0x08000858        0x0
 .vfp11_veneer  0x08000858        0x0 linker stubs

.v4_bx          0x08000858        0x0
 .v4_bx         0x08000858        0x0 linker stubs

.iplt           0x08000858        0x0
 .iplt          0x08000858        0x0 d:/gnu arm embedded toolchain/10 2020-q4-major/bin/../lib/gcc/arm-none-eabi/10.2.1/thumb/v7-m/nofp/crtbegin.o

.rodata         0x08000858       0x18
                0x08000858                . = ALIGN (0x4)
 *(.rodata)
 *(.rodata*)
 .rodata.main.str1.4
                0x08000858       0x17 ./OBJS/Debug/main.o
                0x08000870                . = ALIGN (0x4)
 *fill*         0x0800086f        0x1 

.rel.dyn        0x08000870        0x0
 .rel.iplt      0x08000870        0x0 d:/gnu arm embedded toolchain/10 2020-q4-major/bin/../lib/gcc/arm-none-eabi/10.2.1/thumb/v7-m/nofp/crtbegin.o

.ARM.extab
 *(.ARM.extab* .gnu.linkonce.armextab.*)

.ARM            0x08000870        0x0
                0x08000870                __exidx_start = .
 *(.ARM.exidx*)
                0x08000870                __exidx_end = .

.preinit_array  0x08000870        0x0
                0x08000870                PROVIDE (__preinit_array_start = .)
 *(.preinit_array*)
                0x08000870                PROVIDE (__preinit_array_end = .)

.init_array     0x08000870        0x4
                0x08000870                PROVIDE (__init_array_start = .)
 *(SORT_BY_NAME(.init_array.*))
 *(.init_array*)
 .init_array    0x08000870        0x4 d:/gnu arm embedded toolchain/10 2020-q4-major/bin/../lib/gcc/arm-none-eabi/10.2.1/thumb/v7-m/nofp/crtbegin.o
                0x08000874                PROVIDE (__init_array_end = .)

.fini_array     0x08000874        0x4
                [!provide]                PROVIDE (__fini_array_start = .)
 *(SORT_BY_NAME(.fini_array.*))
 *(.fini_array*)
 .fini_array    0x08000874        0x4 d:/gnu arm embedded toolchain/10 2020-q4-major/bin/../lib/gcc/arm-none-eabi/10.2.1/thumb/v7-m/nofp/crtbegin.o
                [!provide]                PROVIDE (__fini_array_end = .)
                0x08000878                _sidata = LOADADDR (.data)

.data           0x20000000       0x18 load address 0x08000878
                0x20000000                . = ALIGN (0x4)
                0x20000000                _sdata = .
 *(.data)
 *(.data*)
 .data.ADCPrescTable
                0x20000000        0x4 ./OBJS/Debug/stm32f10x_rcc.o
 .data.APBAHBPrescTable
                0x20000004       0x10 ./OBJS/Debug/stm32f10x_rcc.o
 .data.SystemCoreClock
                0x20000014        0x4 ./OBJS/Debug/system_stm32f10x.o
                0x20000014                SystemCoreClock
                0x20000018                . = ALIGN (0x4)
                0x20000018                _edata = .

.igot.plt       0x20000018        0x0 load address 0x08000890
 .igot.plt      0x20000018        0x0 d:/gnu arm embedded toolchain/10 2020-q4-major/bin/../lib/gcc/arm-none-eabi/10.2.1/thumb/v7-m/nofp/crtbegin.o
                0x20000018                . = ALIGN (0x4)

.bss            0x20000018       0x1c load address 0x08000890
                0x20000018                _sbss = .
                0x20000018                __bss_start__ = _sbss
 *(.bss)
 .bss           0x20000018       0x1c d:/gnu arm embedded toolchain/10 2020-q4-major/bin/../lib/gcc/arm-none-eabi/10.2.1/thumb/v7-m/nofp/crtbegin.o
 *(.bss*)
 *(COMMON)
                0x20000034                . = ALIGN (0x4)
                0x20000034                _ebss = .
                0x20000034                __bss_end__ = _ebss

._user_heap_stack
                0x20000034      0x604 load address 0x08000890
                0x20000038                . = ALIGN (0x8)
 *fill*         0x20000034        0x4 
                [!provide]                PROVIDE (end = .)
                [!provide]                PROVIDE (_end = .)
                0x20000238                . = (. + _Min_Heap_Size)
 *fill*         0x20000038      0x200 
                0x20000638                . = (. + _Min_Stack_Size)
 *fill*         0x20000238      0x400 
                0x20000638                . = ALIGN (0x8)

/DISCARD/
 libc.a(*)
 libm.a(*)
 libgcc.a(*)

.ARM.attributes
                0x00000000       0x29
 *(.ARM.attributes)
 .ARM.attributes
                0x00000000       0x1d d:/gnu arm embedded toolchain/10 2020-q4-major/bin/../lib/gcc/arm-none-eabi/10.2.1/thumb/v7-m/nofp/crti.o
 .ARM.attributes
                0x0000001d       0x2d d:/gnu arm embedded toolchain/10 2020-q4-major/bin/../lib/gcc/arm-none-eabi/10.2.1/thumb/v7-m/nofp/crtbegin.o
 .ARM.attributes
                0x0000004a       0x2d ./OBJS/Debug/misc.o
 .ARM.attributes
                0x00000077       0x2d ./OBJS/Debug/stm32f10x_rcc.o
 .ARM.attributes
                0x000000a4       0x2d ./OBJS/Debug/stm32f10x_usart.o
 .ARM.attributes
                0x000000d1       0x2d ./OBJS/Debug/system_stm32f10x.o
 .ARM.attributes
                0x000000fe       0x2d ./OBJS/Debug/clock_config.o
 .ARM.attributes
                0x0000012b       0x2d ./OBJS/Debug/led.o
 .ARM.attributes
                0x00000158       0x2d ./OBJS/Debug/main.o
 .ARM.attributes
                0x00000185       0x2d ./OBJS/Debug/usart_1.o
 .ARM.attributes
                0x000001b2       0x21 ./OBJS/Debug/startup_stm32f10x_hd.o
 .ARM.attributes
                0x000001d3       0x1d d:/gnu arm embedded toolchain/10 2020-q4-major/bin/../lib/gcc/arm-none-eabi/10.2.1/thumb/v7-m/nofp/crtn.o
OUTPUT(./OBJS/Debug/USART.elf elf32-littlearm)
LOAD linker stubs
LOAD d:/gnu arm embedded toolchain/10 2020-q4-major/bin/../lib/gcc/arm-none-eabi/10.2.1/../../../../arm-none-eabi/lib/thumb/v7-m/nofp\libc.a
LOAD d:/gnu arm embedded toolchain/10 2020-q4-major/bin/../lib/gcc/arm-none-eabi/10.2.1/../../../../arm-none-eabi/lib/thumb/v7-m/nofp\libm.a
LOAD d:/gnu arm embedded toolchain/10 2020-q4-major/bin/../lib/gcc/arm-none-eabi/10.2.1/thumb/v7-m/nofp\libgcc.a

.debug_info     0x00000000     0x2ee8
 .debug_info    0x00000000      0x52c ./OBJS/Debug/misc.o
 .debug_info    0x0000052c      0x97f ./OBJS/Debug/stm32f10x_rcc.o
 .debug_info    0x00000eab      0xc08 ./OBJS/Debug/stm32f10x_usart.o
 .debug_info    0x00001ab3      0x49c ./OBJS/Debug/system_stm32f10x.o
 .debug_info    0x00001f4f      0x1d0 ./OBJS/Debug/clock_config.o
 .debug_info    0x0000211f      0x251 ./OBJS/Debug/led.o
 .debug_info    0x00002370      0x32f ./OBJS/Debug/main.o
 .debug_info    0x0000269f      0x827 ./OBJS/Debug/usart_1.o
 .debug_info    0x00002ec6       0x22 ./OBJS/Debug/startup_stm32f10x_hd.o

.debug_abbrev   0x00000000      0xc13
 .debug_abbrev  0x00000000      0x198 ./OBJS/Debug/misc.o
 .debug_abbrev  0x00000198      0x204 ./OBJS/Debug/stm32f10x_rcc.o
 .debug_abbrev  0x0000039c      0x1dc ./OBJS/Debug/stm32f10x_usart.o
 .debug_abbrev  0x00000578      0x1b8 ./OBJS/Debug/system_stm32f10x.o
 .debug_abbrev  0x00000730      0x118 ./OBJS/Debug/clock_config.o
 .debug_abbrev  0x00000848       0xf4 ./OBJS/Debug/led.o
 .debug_abbrev  0x0000093c      0x129 ./OBJS/Debug/main.o
 .debug_abbrev  0x00000a65      0x19c ./OBJS/Debug/usart_1.o
 .debug_abbrev  0x00000c01       0x12 ./OBJS/Debug/startup_stm32f10x_hd.o

.debug_loc      0x00000000     0x12f3
 .debug_loc     0x00000000      0x16b ./OBJS/Debug/misc.o
 .debug_loc     0x0000016b      0x654 ./OBJS/Debug/stm32f10x_rcc.o
 .debug_loc     0x000007bf      0x80c ./OBJS/Debug/stm32f10x_usart.o
 .debug_loc     0x00000fcb       0xff ./OBJS/Debug/system_stm32f10x.o
 .debug_loc     0x000010ca       0x64 ./OBJS/Debug/clock_config.o
 .debug_loc     0x0000112e      0x1c5 ./OBJS/Debug/usart_1.o

.debug_aranges  0x00000000      0x370
 .debug_aranges
                0x00000000       0x40 ./OBJS/Debug/misc.o
 .debug_aranges
                0x00000040      0x118 ./OBJS/Debug/stm32f10x_rcc.o
 .debug_aranges
                0x00000158      0x100 ./OBJS/Debug/stm32f10x_usart.o
 .debug_aranges
                0x00000258       0x38 ./OBJS/Debug/system_stm32f10x.o
 .debug_aranges
                0x00000290       0x30 ./OBJS/Debug/clock_config.o
 .debug_aranges
                0x000002c0       0x28 ./OBJS/Debug/led.o
 .debug_aranges
                0x000002e8       0x20 ./OBJS/Debug/main.o
 .debug_aranges
                0x00000308       0x40 ./OBJS/Debug/usart_1.o
 .debug_aranges
                0x00000348       0x28 ./OBJS/Debug/startup_stm32f10x_hd.o

.debug_ranges   0x00000000      0x2e8
 .debug_ranges  0x00000000       0x30 ./OBJS/Debug/misc.o
 .debug_ranges  0x00000030      0x108 ./OBJS/Debug/stm32f10x_rcc.o
 .debug_ranges  0x00000138       0xf0 ./OBJS/Debug/stm32f10x_usart.o
 .debug_ranges  0x00000228       0x28 ./OBJS/Debug/system_stm32f10x.o
 .debug_ranges  0x00000250       0x20 ./OBJS/Debug/clock_config.o
 .debug_ranges  0x00000270       0x18 ./OBJS/Debug/led.o
 .debug_ranges  0x00000288       0x10 ./OBJS/Debug/main.o
 .debug_ranges  0x00000298       0x30 ./OBJS/Debug/usart_1.o
 .debug_ranges  0x000002c8       0x20 ./OBJS/Debug/startup_stm32f10x_hd.o

.debug_line     0x00000000     0x21ea
 .debug_line    0x00000000      0x2b3 ./OBJS/Debug/misc.o
 .debug_line    0x000002b3      0x86b ./OBJS/Debug/stm32f10x_rcc.o
 .debug_line    0x00000b1e      0x894 ./OBJS/Debug/stm32f10x_usart.o
 .debug_line    0x000013b2      0x3c0 ./OBJS/Debug/system_stm32f10x.o
 .debug_line    0x00001772      0x2ad ./OBJS/Debug/clock_config.o
 .debug_line    0x00001a1f      0x207 ./OBJS/Debug/led.o
 .debug_line    0x00001c26      0x1dd ./OBJS/Debug/main.o
 .debug_line    0x00001e03      0x34d ./OBJS/Debug/usart_1.o
 .debug_line    0x00002150       0x9a ./OBJS/Debug/startup_stm32f10x_hd.o

.debug_str      0x00000000     0x126c
 .debug_str     0x00000000      0x390 ./OBJS/Debug/misc.o
                                0x3d5 (size before relaxing)
 .debug_str     0x00000390      0x45e ./OBJS/Debug/stm32f10x_rcc.o
                                0x637 (size before relaxing)
 .debug_str     0x000007ee      0x433 ./OBJS/Debug/stm32f10x_usart.o
                                0x6ed (size before relaxing)
 .debug_str     0x00000c21       0xa1 ./OBJS/Debug/system_stm32f10x.o
                                0x2f9 (size before relaxing)
 .debug_str     0x00000cc2       0x39 ./OBJS/Debug/clock_config.o
                                0x1ed (size before relaxing)
 .debug_str     0x00000cfb       0x69 ./OBJS/Debug/led.o
                                0x224 (size before relaxing)
 .debug_str     0x00000d64       0x3e ./OBJS/Debug/main.o
                                0x26f (size before relaxing)
 .debug_str     0x00000da2      0x44e ./OBJS/Debug/usart_1.o
                                0x838 (size before relaxing)
 .debug_str     0x000011f0       0x7c ./OBJS/Debug/startup_stm32f10x_hd.o

.comment        0x00000000       0x4d
 .comment       0x00000000       0x4d ./OBJS/Debug/misc.o
                                 0x4e (size before relaxing)
 .comment       0x0000004d       0x4e ./OBJS/Debug/stm32f10x_rcc.o
 .comment       0x0000004d       0x4e ./OBJS/Debug/stm32f10x_usart.o
 .comment       0x0000004d       0x4e ./OBJS/Debug/system_stm32f10x.o
 .comment       0x0000004d       0x4e ./OBJS/Debug/clock_config.o
 .comment       0x0000004d       0x4e ./OBJS/Debug/led.o
 .comment       0x0000004d       0x4e ./OBJS/Debug/main.o
 .comment       0x0000004d       0x4e ./OBJS/Debug/usart_1.o

.debug_frame    0x00000000      0x628
 .debug_frame   0x00000000       0x60 ./OBJS/Debug/misc.o
 .debug_frame   0x00000060      0x228 ./OBJS/Debug/stm32f10x_rcc.o
 .debug_frame   0x00000288      0x204 ./OBJS/Debug/stm32f10x_usart.o
 .debug_frame   0x0000048c       0x6c ./OBJS/Debug/system_stm32f10x.o
 .debug_frame   0x000004f8       0x40 ./OBJS/Debug/clock_config.o
 .debug_frame   0x00000538       0x30 ./OBJS/Debug/led.o
 .debug_frame   0x00000568       0x28 ./OBJS/Debug/main.o
 .debug_frame   0x00000590       0x98 ./OBJS/Debug/usart_1.o
