Archive member included to satisfy reference by file (symbol)

c:/program files (x86)/gnu arm embedded toolchain/10 2020-q4-major/bin/../lib/gcc/arm-none-eabi/10.2.1/thumb/v6-m/nofp\libgcc.a(_udivsi3.o)
                              ./OBJS/Debug/system_stm32f0xx.o (__aeabi_uidiv)
c:/program files (x86)/gnu arm embedded toolchain/10 2020-q4-major/bin/../lib/gcc/arm-none-eabi/10.2.1/thumb/v6-m/nofp\libgcc.a(_dvmd_tls.o)
                              c:/program files (x86)/gnu arm embedded toolchain/10 2020-q4-major/bin/../lib/gcc/arm-none-eabi/10.2.1/thumb/v6-m/nofp\libgcc.a(_udivsi3.o) (__aeabi_idiv0)
c:/program files (x86)/gnu arm embedded toolchain/10 2020-q4-major/bin/../lib/gcc/arm-none-eabi/10.2.1/../../../../arm-none-eabi/lib/thumb/v6-m/nofp\libc_nano.a(lib_a-exit.o)
                              c:/program files (x86)/gnu arm embedded toolchain/10 2020-q4-major/bin/../lib/gcc/arm-none-eabi/10.2.1/../../../../arm-none-eabi/lib/thumb/v6-m/nofp/crt0.o (exit)
c:/program files (x86)/gnu arm embedded toolchain/10 2020-q4-major/bin/../lib/gcc/arm-none-eabi/10.2.1/../../../../arm-none-eabi/lib/thumb/v6-m/nofp\libc_nano.a(lib_a-impure.o)
                              c:/program files (x86)/gnu arm embedded toolchain/10 2020-q4-major/bin/../lib/gcc/arm-none-eabi/10.2.1/../../../../arm-none-eabi/lib/thumb/v6-m/nofp\libc_nano.a(lib_a-exit.o) (_global_impure_ptr)
c:/program files (x86)/gnu arm embedded toolchain/10 2020-q4-major/bin/../lib/gcc/arm-none-eabi/10.2.1/../../../../arm-none-eabi/lib/thumb/v6-m/nofp\libc_nano.a(lib_a-init.o)
                              c:/program files (x86)/gnu arm embedded toolchain/10 2020-q4-major/bin/../lib/gcc/arm-none-eabi/10.2.1/../../../../arm-none-eabi/lib/thumb/v6-m/nofp/crt0.o (__libc_init_array)
c:/program files (x86)/gnu arm embedded toolchain/10 2020-q4-major/bin/../lib/gcc/arm-none-eabi/10.2.1/../../../../arm-none-eabi/lib/thumb/v6-m/nofp\libc_nano.a(lib_a-memset.o)
                              c:/program files (x86)/gnu arm embedded toolchain/10 2020-q4-major/bin/../lib/gcc/arm-none-eabi/10.2.1/../../../../arm-none-eabi/lib/thumb/v6-m/nofp/crt0.o (memset)
c:/program files (x86)/gnu arm embedded toolchain/10 2020-q4-major/bin/../lib/gcc/arm-none-eabi/10.2.1/../../../../arm-none-eabi/lib/thumb/v6-m/nofp\libnosys.a(_exit.o)
                              c:/program files (x86)/gnu arm embedded toolchain/10 2020-q4-major/bin/../lib/gcc/arm-none-eabi/10.2.1/../../../../arm-none-eabi/lib/thumb/v6-m/nofp\libc_nano.a(lib_a-exit.o) (_exit)

Discarded input sections

 .text          0x00000000        0x0 c:/program files (x86)/gnu arm embedded toolchain/10 2020-q4-major/bin/../lib/gcc/arm-none-eabi/10.2.1/thumb/v6-m/nofp/crti.o
 .data          0x00000000        0x0 c:/program files (x86)/gnu arm embedded toolchain/10 2020-q4-major/bin/../lib/gcc/arm-none-eabi/10.2.1/thumb/v6-m/nofp/crti.o
 .bss           0x00000000        0x0 c:/program files (x86)/gnu arm embedded toolchain/10 2020-q4-major/bin/../lib/gcc/arm-none-eabi/10.2.1/thumb/v6-m/nofp/crti.o
 .data          0x00000000        0x4 c:/program files (x86)/gnu arm embedded toolchain/10 2020-q4-major/bin/../lib/gcc/arm-none-eabi/10.2.1/thumb/v6-m/nofp/crtbegin.o
 .rodata        0x00000000       0x24 c:/program files (x86)/gnu arm embedded toolchain/10 2020-q4-major/bin/../lib/gcc/arm-none-eabi/10.2.1/thumb/v6-m/nofp/crtbegin.o
 .text          0x00000000       0x80 c:/program files (x86)/gnu arm embedded toolchain/10 2020-q4-major/bin/../lib/gcc/arm-none-eabi/10.2.1/../../../../arm-none-eabi/lib/thumb/v6-m/nofp/crt0.o
 .data          0x00000000        0x0 c:/program files (x86)/gnu arm embedded toolchain/10 2020-q4-major/bin/../lib/gcc/arm-none-eabi/10.2.1/../../../../arm-none-eabi/lib/thumb/v6-m/nofp/crt0.o
 .bss           0x00000000        0x0 c:/program files (x86)/gnu arm embedded toolchain/10 2020-q4-major/bin/../lib/gcc/arm-none-eabi/10.2.1/../../../../arm-none-eabi/lib/thumb/v6-m/nofp/crt0.o
 .ARM.extab     0x00000000        0x0 c:/program files (x86)/gnu arm embedded toolchain/10 2020-q4-major/bin/../lib/gcc/arm-none-eabi/10.2.1/../../../../arm-none-eabi/lib/thumb/v6-m/nofp/crt0.o
 .ARM.exidx     0x00000000       0x10 c:/program files (x86)/gnu arm embedded toolchain/10 2020-q4-major/bin/../lib/gcc/arm-none-eabi/10.2.1/../../../../arm-none-eabi/lib/thumb/v6-m/nofp/crt0.o
 .ARM.attributes
                0x00000000       0x1b c:/program files (x86)/gnu arm embedded toolchain/10 2020-q4-major/bin/../lib/gcc/arm-none-eabi/10.2.1/../../../../arm-none-eabi/lib/thumb/v6-m/nofp/crt0.o
 .text          0x00000000        0x0 ./OBJS/Debug/system_stm32f0xx.o
 .data          0x00000000        0x0 ./OBJS/Debug/system_stm32f0xx.o
 .bss           0x00000000        0x0 ./OBJS/Debug/system_stm32f0xx.o
 .text.SetSysClock
                0x00000000       0xb4 ./OBJS/Debug/system_stm32f0xx.o
 .text.SystemInit
                0x00000000       0x64 ./OBJS/Debug/system_stm32f0xx.o
 .text.SystemCoreClockUpdate
                0x00000000       0x98 ./OBJS/Debug/system_stm32f0xx.o
 .data.AHBPrescTable
                0x00000000       0x10 ./OBJS/Debug/system_stm32f0xx.o
 .data.SystemCoreClock
                0x00000000        0x4 ./OBJS/Debug/system_stm32f0xx.o
 .debug_info    0x00000000      0x364 ./OBJS/Debug/system_stm32f0xx.o
 .debug_abbrev  0x00000000      0x17a ./OBJS/Debug/system_stm32f0xx.o
 .debug_loc     0x00000000      0x16b ./OBJS/Debug/system_stm32f0xx.o
 .debug_aranges
                0x00000000       0x30 ./OBJS/Debug/system_stm32f0xx.o
 .debug_ranges  0x00000000       0x20 ./OBJS/Debug/system_stm32f0xx.o
 .debug_line    0x00000000      0x395 ./OBJS/Debug/system_stm32f0xx.o
 .debug_str     0x00000000      0x2ca ./OBJS/Debug/system_stm32f0xx.o
 .comment       0x00000000       0x4e ./OBJS/Debug/system_stm32f0xx.o
 .debug_frame   0x00000000       0x54 ./OBJS/Debug/system_stm32f0xx.o
 .ARM.attributes
                0x00000000       0x2c ./OBJS/Debug/system_stm32f0xx.o
 .text          0x00000000        0x0 ./OBJS/Debug/stm32f0xx_adc.o
 .data          0x00000000        0x0 ./OBJS/Debug/stm32f0xx_adc.o
 .bss           0x00000000        0x0 ./OBJS/Debug/stm32f0xx_adc.o
 .text.ADC_DeInit
                0x00000000       0x24 ./OBJS/Debug/stm32f0xx_adc.o
 .text.ADC_Init
                0x00000000       0x2c ./OBJS/Debug/stm32f0xx_adc.o
 .text.ADC_StructInit
                0x00000000       0x10 ./OBJS/Debug/stm32f0xx_adc.o
 .text.ADC_Cmd  0x00000000       0x18 ./OBJS/Debug/stm32f0xx_adc.o
 .text.ADC_ClockModeConfig
                0x00000000        0x4 ./OBJS/Debug/stm32f0xx_adc.o
 .text.ADC_JitterCmd
                0x00000000       0x14 ./OBJS/Debug/stm32f0xx_adc.o
 .text.ADC_AutoPowerOffCmd
                0x00000000       0x20 ./OBJS/Debug/stm32f0xx_adc.o
 .text.ADC_WaitModeCmd
                0x00000000       0x20 ./OBJS/Debug/stm32f0xx_adc.o
 .text.ADC_AnalogWatchdogCmd
                0x00000000       0x20 ./OBJS/Debug/stm32f0xx_adc.o
 .text.ADC_AnalogWatchdogThresholdsConfig
                0x00000000        0x8 ./OBJS/Debug/stm32f0xx_adc.o
 .text.ADC_AnalogWatchdogSingleChannelConfig
                0x00000000       0x10 ./OBJS/Debug/stm32f0xx_adc.o
 .text.ADC_AnalogWatchdogSingleChannelCmd
                0x00000000       0x20 ./OBJS/Debug/stm32f0xx_adc.o
 .text.ADC_TempSensorCmd
                0x00000000       0x28 ./OBJS/Debug/stm32f0xx_adc.o
 .text.ADC_VrefintCmd
                0x00000000       0x28 ./OBJS/Debug/stm32f0xx_adc.o
 .text.ADC_VbatCmd
                0x00000000       0x28 ./OBJS/Debug/stm32f0xx_adc.o
 .text.ADC_ChannelConfig
                0x00000000        0xa ./OBJS/Debug/stm32f0xx_adc.o
 .text.ADC_ContinuousModeCmd
                0x00000000       0x20 ./OBJS/Debug/stm32f0xx_adc.o
 .text.ADC_DiscModeCmd
                0x00000000       0x20 ./OBJS/Debug/stm32f0xx_adc.o
 .text.ADC_OverrunModeCmd
                0x00000000       0x20 ./OBJS/Debug/stm32f0xx_adc.o
 .text.ADC_GetCalibrationFactor
                0x00000000       0x2a ./OBJS/Debug/stm32f0xx_adc.o
 .text.ADC_StopOfConversion
                0x00000000        0xa ./OBJS/Debug/stm32f0xx_adc.o
 .text.ADC_StartOfConversion
                0x00000000        0xa ./OBJS/Debug/stm32f0xx_adc.o
 .text.ADC_GetConversionValue
                0x00000000        0x6 ./OBJS/Debug/stm32f0xx_adc.o
 .text.ADC_DMACmd
                0x00000000       0x18 ./OBJS/Debug/stm32f0xx_adc.o
 .text.ADC_DMARequestModeConfig
                0x00000000       0x10 ./OBJS/Debug/stm32f0xx_adc.o
 .text.ADC_ITConfig
                0x00000000       0x14 ./OBJS/Debug/stm32f0xx_adc.o
 .text.ADC_GetFlagStatus
                0x00000000       0x20 ./OBJS/Debug/stm32f0xx_adc.o
 .text.ADC_ClearFlag
                0x00000000        0x4 ./OBJS/Debug/stm32f0xx_adc.o
 .text.ADC_GetITStatus
                0x00000000       0x1a ./OBJS/Debug/stm32f0xx_adc.o
 .text.ADC_ClearITPendingBit
                0x00000000        0x4 ./OBJS/Debug/stm32f0xx_adc.o
 .debug_info    0x00000000      0x9c8 ./OBJS/Debug/stm32f0xx_adc.o
 .debug_abbrev  0x00000000      0x1df ./OBJS/Debug/stm32f0xx_adc.o
 .debug_loc     0x00000000      0x3d4 ./OBJS/Debug/stm32f0xx_adc.o
 .debug_aranges
                0x00000000      0x108 ./OBJS/Debug/stm32f0xx_adc.o
 .debug_ranges  0x00000000       0xf8 ./OBJS/Debug/stm32f0xx_adc.o
 .debug_line    0x00000000      0x789 ./OBJS/Debug/stm32f0xx_adc.o
 .debug_str     0x00000000      0x60c ./OBJS/Debug/stm32f0xx_adc.o
 .comment       0x00000000       0x4e ./OBJS/Debug/stm32f0xx_adc.o
 .debug_frame   0x00000000      0x200 ./OBJS/Debug/stm32f0xx_adc.o
 .ARM.attributes
                0x00000000       0x2c ./OBJS/Debug/stm32f0xx_adc.o
 .text          0x00000000        0x0 ./OBJS/Debug/stm32f0xx_can.o
 .data          0x00000000        0x0 ./OBJS/Debug/stm32f0xx_can.o
 .bss           0x00000000        0x0 ./OBJS/Debug/stm32f0xx_can.o
 .text.CheckITStatus
                0x00000000        0xc ./OBJS/Debug/stm32f0xx_can.o
 .text.CAN_DeInit
                0x00000000       0x18 ./OBJS/Debug/stm32f0xx_can.o
 .text.CAN_Init
                0x00000000      0x108 ./OBJS/Debug/stm32f0xx_can.o
 .text.CAN_FilterInit
                0x00000000      0x104 ./OBJS/Debug/stm32f0xx_can.o
 .text.CAN_StructInit
                0x00000000       0x20 ./OBJS/Debug/stm32f0xx_can.o
 .text.CAN_SlaveStartBank
                0x00000000       0x30 ./OBJS/Debug/stm32f0xx_can.o
 .text.CAN_DBGFreeze
                0x00000000       0x20 ./OBJS/Debug/stm32f0xx_can.o
 .text.CAN_TTComModeCmd
                0x00000000       0x58 ./OBJS/Debug/stm32f0xx_can.o
 .text.CAN_Transmit
                0x00000000       0xc6 ./OBJS/Debug/stm32f0xx_can.o
 .text.CAN_TransmitStatus
                0x00000000       0x90 ./OBJS/Debug/stm32f0xx_can.o
 .text.CAN_CancelTransmit
                0x00000000       0x30 ./OBJS/Debug/stm32f0xx_can.o
 .text.CAN_Receive
                0x00000000       0x9c ./OBJS/Debug/stm32f0xx_can.o
 .text.CAN_FIFORelease
                0x00000000       0x18 ./OBJS/Debug/stm32f0xx_can.o
 .text.CAN_MessagePending
                0x00000000       0x1c ./OBJS/Debug/stm32f0xx_can.o
 .text.CAN_OperatingModeRequest
                0x00000000       0xa0 ./OBJS/Debug/stm32f0xx_can.o
 .text.CAN_Sleep
                0x00000000       0x1c ./OBJS/Debug/stm32f0xx_can.o
 .text.CAN_WakeUp
                0x00000000       0x2c ./OBJS/Debug/stm32f0xx_can.o
 .text.CAN_GetLastErrorCode
                0x00000000        0x8 ./OBJS/Debug/stm32f0xx_can.o
 .text.CAN_GetReceiveErrorCounter
                0x00000000        0x6 ./OBJS/Debug/stm32f0xx_can.o
 .text.CAN_GetLSBTransmitErrorCounter
                0x00000000        0x8 ./OBJS/Debug/stm32f0xx_can.o
 .text.CAN_ITConfig
                0x00000000       0x14 ./OBJS/Debug/stm32f0xx_can.o
 .text.CAN_GetFlagStatus
                0x00000000       0x64 ./OBJS/Debug/stm32f0xx_can.o
 .text.CAN_ClearFlag
                0x00000000       0x30 ./OBJS/Debug/stm32f0xx_can.o
 .text.CAN_GetITStatus
                0x00000000      0x10c ./OBJS/Debug/stm32f0xx_can.o
 .rodata.CAN_GetITStatus
                0x00000000       0x84 ./OBJS/Debug/stm32f0xx_can.o
 .text.CAN_ClearITPendingBit
                0x00000000       0xa8 ./OBJS/Debug/stm32f0xx_can.o
 .debug_info    0x00000000      0xe2d ./OBJS/Debug/stm32f0xx_can.o
 .debug_abbrev  0x00000000      0x25b ./OBJS/Debug/stm32f0xx_can.o
 .debug_loc     0x00000000     0x10fc ./OBJS/Debug/stm32f0xx_can.o
 .debug_aranges
                0x00000000       0xe0 ./OBJS/Debug/stm32f0xx_can.o
 .debug_ranges  0x00000000       0xd0 ./OBJS/Debug/stm32f0xx_can.o
 .debug_line    0x00000000      0xebb ./OBJS/Debug/stm32f0xx_can.o
 .debug_str     0x00000000      0x768 ./OBJS/Debug/stm32f0xx_can.o
 .comment       0x00000000       0x4e ./OBJS/Debug/stm32f0xx_can.o
 .debug_frame   0x00000000      0x1ec ./OBJS/Debug/stm32f0xx_can.o
 .ARM.attributes
                0x00000000       0x2c ./OBJS/Debug/stm32f0xx_can.o
 .text          0x00000000        0x0 ./OBJS/Debug/stm32f0xx_cec.o
 .data          0x00000000        0x0 ./OBJS/Debug/stm32f0xx_cec.o
 .bss           0x00000000        0x0 ./OBJS/Debug/stm32f0xx_cec.o
 .text.CEC_DeInit
                0x00000000       0x18 ./OBJS/Debug/stm32f0xx_cec.o
 .text.CEC_Init
                0x00000000       0x34 ./OBJS/Debug/stm32f0xx_cec.o
 .text.CEC_StructInit
                0x00000000       0x12 ./OBJS/Debug/stm32f0xx_cec.o
 .text.CEC_Cmd  0x00000000       0x20 ./OBJS/Debug/stm32f0xx_cec.o
 .text.CEC_ListenModeCmd
                0x00000000       0x24 ./OBJS/Debug/stm32f0xx_cec.o
 .text.CEC_OwnAddressConfig
                0x00000000       0x14 ./OBJS/Debug/stm32f0xx_cec.o
 .text.CEC_OwnAddressClear
                0x00000000        0xc ./OBJS/Debug/stm32f0xx_cec.o
 .text.CEC_SendData
                0x00000000        0xc ./OBJS/Debug/stm32f0xx_cec.o
 .text.CEC_ReceiveData
                0x00000000        0xc ./OBJS/Debug/stm32f0xx_cec.o
 .text.CEC_StartOfMessage
                0x00000000       0x10 ./OBJS/Debug/stm32f0xx_cec.o
 .text.CEC_EndOfMessage
                0x00000000       0x10 ./OBJS/Debug/stm32f0xx_cec.o
 .text.CEC_ITConfig
                0x00000000       0x20 ./OBJS/Debug/stm32f0xx_cec.o
 .text.CEC_GetFlagStatus
                0x00000000       0x14 ./OBJS/Debug/stm32f0xx_cec.o
 .text.CEC_ClearFlag
                0x00000000        0xc ./OBJS/Debug/stm32f0xx_cec.o
 .text.CEC_GetITStatus
                0x00000000       0x20 ./OBJS/Debug/stm32f0xx_cec.o
 .text.CEC_ClearITPendingBit
                0x00000000        0xc ./OBJS/Debug/stm32f0xx_cec.o
 .debug_info    0x00000000      0x4dc ./OBJS/Debug/stm32f0xx_cec.o
 .debug_abbrev  0x00000000      0x217 ./OBJS/Debug/stm32f0xx_cec.o
 .debug_loc     0x00000000      0x21f ./OBJS/Debug/stm32f0xx_cec.o
 .debug_aranges
                0x00000000       0x98 ./OBJS/Debug/stm32f0xx_cec.o
 .debug_ranges  0x00000000       0x88 ./OBJS/Debug/stm32f0xx_cec.o
 .debug_line    0x00000000      0x457 ./OBJS/Debug/stm32f0xx_cec.o
 .debug_str     0x00000000      0x407 ./OBJS/Debug/stm32f0xx_cec.o
 .comment       0x00000000       0x4e ./OBJS/Debug/stm32f0xx_cec.o
 .debug_frame   0x00000000      0x120 ./OBJS/Debug/stm32f0xx_cec.o
 .ARM.attributes
                0x00000000       0x2c ./OBJS/Debug/stm32f0xx_cec.o
 .text          0x00000000        0x0 ./OBJS/Debug/stm32f0xx_comp.o
 .data          0x00000000        0x0 ./OBJS/Debug/stm32f0xx_comp.o
 .bss           0x00000000        0x0 ./OBJS/Debug/stm32f0xx_comp.o
 .text.COMP_DeInit
                0x00000000        0xc ./OBJS/Debug/stm32f0xx_comp.o
 .text.COMP_Init
                0x00000000       0x30 ./OBJS/Debug/stm32f0xx_comp.o
 .text.COMP_StructInit
                0x00000000       0x10 ./OBJS/Debug/stm32f0xx_comp.o
 .text.COMP_Cmd
                0x00000000       0x24 ./OBJS/Debug/stm32f0xx_comp.o
 .text.COMP_SwitchCmd
                0x00000000       0x20 ./OBJS/Debug/stm32f0xx_comp.o
 .text.COMP_GetOutputLevel
                0x00000000       0x20 ./OBJS/Debug/stm32f0xx_comp.o
 .text.COMP_WindowCmd
                0x00000000       0x28 ./OBJS/Debug/stm32f0xx_comp.o
 .text.COMP_LockConfig
                0x00000000       0x14 ./OBJS/Debug/stm32f0xx_comp.o
 .debug_info    0x00000000      0x2ab ./OBJS/Debug/stm32f0xx_comp.o
 .debug_abbrev  0x00000000      0x196 ./OBJS/Debug/stm32f0xx_comp.o
 .debug_loc     0x00000000       0xfd ./OBJS/Debug/stm32f0xx_comp.o
 .debug_aranges
                0x00000000       0x58 ./OBJS/Debug/stm32f0xx_comp.o
 .debug_ranges  0x00000000       0x48 ./OBJS/Debug/stm32f0xx_comp.o
 .debug_line    0x00000000      0x330 ./OBJS/Debug/stm32f0xx_comp.o
 .debug_str     0x00000000      0x2c7 ./OBJS/Debug/stm32f0xx_comp.o
 .comment       0x00000000       0x4e ./OBJS/Debug/stm32f0xx_comp.o
 .debug_frame   0x00000000       0x9c ./OBJS/Debug/stm32f0xx_comp.o
 .ARM.attributes
                0x00000000       0x2c ./OBJS/Debug/stm32f0xx_comp.o
 .text          0x00000000        0x0 ./OBJS/Debug/stm32f0xx_crc.o
 .data          0x00000000        0x0 ./OBJS/Debug/stm32f0xx_crc.o
 .bss           0x00000000        0x0 ./OBJS/Debug/stm32f0xx_crc.o
 .text.CRC_DeInit
                0x00000000       0x20 ./OBJS/Debug/stm32f0xx_crc.o
 .text.CRC_ResetDR
                0x00000000       0x10 ./OBJS/Debug/stm32f0xx_crc.o
 .text.CRC_PolynomialSizeSelect
                0x00000000       0x14 ./OBJS/Debug/stm32f0xx_crc.o
 .text.CRC_ReverseInputDataSelect
                0x00000000       0x14 ./OBJS/Debug/stm32f0xx_crc.o
 .text.CRC_ReverseOutputDataCmd
                0x00000000       0x20 ./OBJS/Debug/stm32f0xx_crc.o
 .text.CRC_SetInitRegister
                0x00000000        0xc ./OBJS/Debug/stm32f0xx_crc.o
 .text.CRC_SetPolynomial
                0x00000000        0xc ./OBJS/Debug/stm32f0xx_crc.o
 .text.CRC_CalcCRC
                0x00000000        0xc ./OBJS/Debug/stm32f0xx_crc.o
 .text.CRC_CalcCRC16bits
                0x00000000        0xc ./OBJS/Debug/stm32f0xx_crc.o
 .text.CRC_CalcCRC8bits
                0x00000000        0xc ./OBJS/Debug/stm32f0xx_crc.o
 .text.CRC_CalcBlockCRC
                0x00000000       0x20 ./OBJS/Debug/stm32f0xx_crc.o
 .text.CRC_GetCRC
                0x00000000        0xc ./OBJS/Debug/stm32f0xx_crc.o
 .text.CRC_SetIDRegister
                0x00000000        0xc ./OBJS/Debug/stm32f0xx_crc.o
 .text.CRC_GetIDRegister
                0x00000000        0xc ./OBJS/Debug/stm32f0xx_crc.o
 .debug_info    0x00000000      0x3b3 ./OBJS/Debug/stm32f0xx_crc.o
 .debug_abbrev  0x00000000      0x1c1 ./OBJS/Debug/stm32f0xx_crc.o
 .debug_loc     0x00000000       0xf7 ./OBJS/Debug/stm32f0xx_crc.o
 .debug_aranges
                0x00000000       0x88 ./OBJS/Debug/stm32f0xx_crc.o
 .debug_ranges  0x00000000       0x78 ./OBJS/Debug/stm32f0xx_crc.o
 .debug_line    0x00000000      0x3a2 ./OBJS/Debug/stm32f0xx_crc.o
 .debug_str     0x00000000      0x37b ./OBJS/Debug/stm32f0xx_crc.o
 .comment       0x00000000       0x4e ./OBJS/Debug/stm32f0xx_crc.o
 .debug_frame   0x00000000       0xf8 ./OBJS/Debug/stm32f0xx_crc.o
 .ARM.attributes
                0x00000000       0x2c ./OBJS/Debug/stm32f0xx_crc.o
 .text          0x00000000        0x0 ./OBJS/Debug/stm32f0xx_crs.o
 .data          0x00000000        0x0 ./OBJS/Debug/stm32f0xx_crs.o
 .bss           0x00000000        0x0 ./OBJS/Debug/stm32f0xx_crs.o
 .text.CRS_DeInit
                0x00000000       0x18 ./OBJS/Debug/stm32f0xx_crs.o
 .text.CRS_AdjustHSI48CalibrationValue
                0x00000000       0x1c ./OBJS/Debug/stm32f0xx_crs.o
 .text.CRS_FrequencyErrorCounterCmd
                0x00000000       0x20 ./OBJS/Debug/stm32f0xx_crs.o
 .text.CRS_AutomaticCalibrationCmd
                0x00000000       0x20 ./OBJS/Debug/stm32f0xx_crs.o
 .text.CRS_SoftwareSynchronizationGenerate
                0x00000000       0x10 ./OBJS/Debug/stm32f0xx_crs.o
 .text.CRS_FrequencyErrorCounterReload
                0x00000000       0x18 ./OBJS/Debug/stm32f0xx_crs.o
 .text.CRS_FrequencyErrorLimitConfig
                0x00000000       0x1c ./OBJS/Debug/stm32f0xx_crs.o
 .text.CRS_SynchronizationPrescalerConfig
                0x00000000       0x1c ./OBJS/Debug/stm32f0xx_crs.o
 .text.CRS_SynchronizationSourceConfig
                0x00000000       0x1c ./OBJS/Debug/stm32f0xx_crs.o
 .text.CRS_SynchronizationPolarityConfig
                0x00000000       0x18 ./OBJS/Debug/stm32f0xx_crs.o
 .text.CRS_GetReloadValue
                0x00000000       0x10 ./OBJS/Debug/stm32f0xx_crs.o
 .text.CRS_GetHSI48CalibrationValue
                0x00000000       0x10 ./OBJS/Debug/stm32f0xx_crs.o
 .text.CRS_GetFrequencyErrorValue
                0x00000000       0x10 ./OBJS/Debug/stm32f0xx_crs.o
 .text.CRS_GetFrequencyErrorDirection
                0x00000000       0x10 ./OBJS/Debug/stm32f0xx_crs.o
 .text.CRS_ITConfig
                0x00000000       0x1c ./OBJS/Debug/stm32f0xx_crs.o
 .text.CRS_GetFlagStatus
                0x00000000       0x10 ./OBJS/Debug/stm32f0xx_crs.o
 .text.CRS_ClearFlag
                0x00000000       0x24 ./OBJS/Debug/stm32f0xx_crs.o
 .text.CRS_GetITStatus
                0x00000000       0x10 ./OBJS/Debug/stm32f0xx_crs.o
 .text.CRS_ClearITPendingBit
                0x00000000       0x24 ./OBJS/Debug/stm32f0xx_crs.o
 .debug_info    0x00000000      0x437 ./OBJS/Debug/stm32f0xx_crs.o
 .debug_abbrev  0x00000000      0x1b2 ./OBJS/Debug/stm32f0xx_crs.o
 .debug_loc     0x00000000      0x125 ./OBJS/Debug/stm32f0xx_crs.o
 .debug_aranges
                0x00000000       0xb0 ./OBJS/Debug/stm32f0xx_crs.o
 .debug_ranges  0x00000000       0xa0 ./OBJS/Debug/stm32f0xx_crs.o
 .debug_line    0x00000000      0x456 ./OBJS/Debug/stm32f0xx_crs.o
 .debug_str     0x00000000      0x470 ./OBJS/Debug/stm32f0xx_crs.o
 .comment       0x00000000       0x4e ./OBJS/Debug/stm32f0xx_crs.o
 .debug_frame   0x00000000      0x148 ./OBJS/Debug/stm32f0xx_crs.o
 .ARM.attributes
                0x00000000       0x2c ./OBJS/Debug/stm32f0xx_crs.o
 .text          0x00000000        0x0 ./OBJS/Debug/stm32f0xx_dac.o
 .data          0x00000000        0x0 ./OBJS/Debug/stm32f0xx_dac.o
 .bss           0x00000000        0x0 ./OBJS/Debug/stm32f0xx_dac.o
 .text.DAC_DeInit
                0x00000000       0x18 ./OBJS/Debug/stm32f0xx_dac.o
 .text.DAC_Init
                0x00000000       0x2c ./OBJS/Debug/stm32f0xx_dac.o
 .text.DAC_StructInit
                0x00000000        0xc ./OBJS/Debug/stm32f0xx_dac.o
 .text.DAC_Cmd  0x00000000       0x24 ./OBJS/Debug/stm32f0xx_dac.o
 .text.DAC_SoftwareTriggerCmd
                0x00000000       0x28 ./OBJS/Debug/stm32f0xx_dac.o
 .text.DAC_DualSoftwareTriggerCmd
                0x00000000       0x20 ./OBJS/Debug/stm32f0xx_dac.o
 .text.DAC_WaveGenerationCmd
                0x00000000       0x20 ./OBJS/Debug/stm32f0xx_dac.o
 .text.DAC_SetChannel1Data
                0x00000000       0x20 ./OBJS/Debug/stm32f0xx_dac.o
 .text.DAC_SetChannel2Data
                0x00000000       0x20 ./OBJS/Debug/stm32f0xx_dac.o
 .text.DAC_SetDualChannelData
                0x00000000       0x1c ./OBJS/Debug/stm32f0xx_dac.o
 .text.DAC_GetDataOutputValue
                0x00000000       0x24 ./OBJS/Debug/stm32f0xx_dac.o
 .text.DAC_DMACmd
                0x00000000       0x28 ./OBJS/Debug/stm32f0xx_dac.o
 .text.DAC_ITConfig
                0x00000000       0x20 ./OBJS/Debug/stm32f0xx_dac.o
 .text.DAC_GetFlagStatus
                0x00000000       0x18 ./OBJS/Debug/stm32f0xx_dac.o
 .text.DAC_ClearFlag
                0x00000000        0xc ./OBJS/Debug/stm32f0xx_dac.o
 .text.DAC_GetITStatus
                0x00000000       0x24 ./OBJS/Debug/stm32f0xx_dac.o
 .text.DAC_ClearITPendingBit
                0x00000000        0xc ./OBJS/Debug/stm32f0xx_dac.o
 .debug_info    0x00000000      0x72b ./OBJS/Debug/stm32f0xx_dac.o
 .debug_abbrev  0x00000000      0x1f2 ./OBJS/Debug/stm32f0xx_dac.o
 .debug_loc     0x00000000      0x5cc ./OBJS/Debug/stm32f0xx_dac.o
 .debug_aranges
                0x00000000       0xa0 ./OBJS/Debug/stm32f0xx_dac.o
 .debug_ranges  0x00000000       0x90 ./OBJS/Debug/stm32f0xx_dac.o
 .debug_line    0x00000000      0x56f ./OBJS/Debug/stm32f0xx_dac.o
 .debug_str     0x00000000      0x47d ./OBJS/Debug/stm32f0xx_dac.o
 .comment       0x00000000       0x4e ./OBJS/Debug/stm32f0xx_dac.o
 .debug_frame   0x00000000      0x140 ./OBJS/Debug/stm32f0xx_dac.o
 .ARM.attributes
                0x00000000       0x2c ./OBJS/Debug/stm32f0xx_dac.o
 .text          0x00000000        0x0 ./OBJS/Debug/stm32f0xx_dbgmcu.o
 .data          0x00000000        0x0 ./OBJS/Debug/stm32f0xx_dbgmcu.o
 .bss           0x00000000        0x0 ./OBJS/Debug/stm32f0xx_dbgmcu.o
 .text.DBGMCU_GetREVID
                0x00000000        0xc ./OBJS/Debug/stm32f0xx_dbgmcu.o
 .text.DBGMCU_GetDEVID
                0x00000000       0x10 ./OBJS/Debug/stm32f0xx_dbgmcu.o
 .text.DBGMCU_Config
                0x00000000       0x1c ./OBJS/Debug/stm32f0xx_dbgmcu.o
 .text.DBGMCU_APB1PeriphConfig
                0x00000000       0x1c ./OBJS/Debug/stm32f0xx_dbgmcu.o
 .text.DBGMCU_APB2PeriphConfig
                0x00000000       0x1c ./OBJS/Debug/stm32f0xx_dbgmcu.o
 .debug_info    0x00000000      0x1d8 ./OBJS/Debug/stm32f0xx_dbgmcu.o
 .debug_abbrev  0x00000000       0xf9 ./OBJS/Debug/stm32f0xx_dbgmcu.o
 .debug_loc     0x00000000       0x96 ./OBJS/Debug/stm32f0xx_dbgmcu.o
 .debug_aranges
                0x00000000       0x40 ./OBJS/Debug/stm32f0xx_dbgmcu.o
 .debug_ranges  0x00000000       0x30 ./OBJS/Debug/stm32f0xx_dbgmcu.o
 .debug_line    0x00000000      0x22c ./OBJS/Debug/stm32f0xx_dbgmcu.o
 .debug_str     0x00000000      0x253 ./OBJS/Debug/stm32f0xx_dbgmcu.o
 .comment       0x00000000       0x4e ./OBJS/Debug/stm32f0xx_dbgmcu.o
 .debug_frame   0x00000000       0x60 ./OBJS/Debug/stm32f0xx_dbgmcu.o
 .ARM.attributes
                0x00000000       0x2c ./OBJS/Debug/stm32f0xx_dbgmcu.o
 .text          0x00000000        0x0 ./OBJS/Debug/stm32f0xx_dma.o
 .data          0x00000000        0x0 ./OBJS/Debug/stm32f0xx_dma.o
 .bss           0x00000000        0x0 ./OBJS/Debug/stm32f0xx_dma.o
 .text.DMA_DeInit
                0x00000000      0x138 ./OBJS/Debug/stm32f0xx_dma.o
 .text.DMA_Init
                0x00000000       0x3c ./OBJS/Debug/stm32f0xx_dma.o
 .text.DMA_StructInit
                0x00000000       0x1a ./OBJS/Debug/stm32f0xx_dma.o
 .text.DMA_Cmd  0x00000000       0x1c ./OBJS/Debug/stm32f0xx_dma.o
 .text.DMA_RemapConfig
                0x00000000       0x1e ./OBJS/Debug/stm32f0xx_dma.o
 .text.DMA_SetCurrDataCounter
                0x00000000        0x4 ./OBJS/Debug/stm32f0xx_dma.o
 .text.DMA_GetCurrDataCounter
                0x00000000        0x6 ./OBJS/Debug/stm32f0xx_dma.o
 .text.DMA_ITConfig
                0x00000000       0x14 ./OBJS/Debug/stm32f0xx_dma.o
 .text.DMA_GetFlagStatus
                0x00000000       0x24 ./OBJS/Debug/stm32f0xx_dma.o
 .text.DMA_ClearFlag
                0x00000000       0x18 ./OBJS/Debug/stm32f0xx_dma.o
 .text.DMA_GetITStatus
                0x00000000       0x24 ./OBJS/Debug/stm32f0xx_dma.o
 .text.DMA_ClearITPendingBit
                0x00000000       0x18 ./OBJS/Debug/stm32f0xx_dma.o
 .debug_info    0x00000000      0x51e ./OBJS/Debug/stm32f0xx_dma.o
 .debug_abbrev  0x00000000      0x1ae ./OBJS/Debug/stm32f0xx_dma.o
 .debug_loc     0x00000000      0x229 ./OBJS/Debug/stm32f0xx_dma.o
 .debug_aranges
                0x00000000       0x78 ./OBJS/Debug/stm32f0xx_dma.o
 .debug_ranges  0x00000000       0x68 ./OBJS/Debug/stm32f0xx_dma.o
 .debug_line    0x00000000      0x548 ./OBJS/Debug/stm32f0xx_dma.o
 .debug_str     0x00000000      0x415 ./OBJS/Debug/stm32f0xx_dma.o
 .comment       0x00000000       0x4e ./OBJS/Debug/stm32f0xx_dma.o
 .debug_frame   0x00000000       0xe4 ./OBJS/Debug/stm32f0xx_dma.o
 .ARM.attributes
                0x00000000       0x2c ./OBJS/Debug/stm32f0xx_dma.o
 .text          0x00000000        0x0 ./OBJS/Debug/stm32f0xx_exti.o
 .data          0x00000000        0x0 ./OBJS/Debug/stm32f0xx_exti.o
 .bss           0x00000000        0x0 ./OBJS/Debug/stm32f0xx_exti.o
 .text.EXTI_DeInit
                0x00000000       0x20 ./OBJS/Debug/stm32f0xx_exti.o
 .text.EXTI_Init
                0x00000000       0x78 ./OBJS/Debug/stm32f0xx_exti.o
 .text.EXTI_StructInit
                0x00000000        0xe ./OBJS/Debug/stm32f0xx_exti.o
 .text.EXTI_GenerateSWInterrupt
                0x00000000       0x10 ./OBJS/Debug/stm32f0xx_exti.o
 .text.EXTI_GetFlagStatus
                0x00000000       0x14 ./OBJS/Debug/stm32f0xx_exti.o
 .text.EXTI_ClearFlag
                0x00000000        0xc ./OBJS/Debug/stm32f0xx_exti.o
 .text.EXTI_GetITStatus
                0x00000000       0x14 ./OBJS/Debug/stm32f0xx_exti.o
 .text.EXTI_ClearITPendingBit
                0x00000000        0xc ./OBJS/Debug/stm32f0xx_exti.o
 .debug_info    0x00000000      0x361 ./OBJS/Debug/stm32f0xx_exti.o
 .debug_abbrev  0x00000000      0x1f5 ./OBJS/Debug/stm32f0xx_exti.o
 .debug_loc     0x00000000      0x159 ./OBJS/Debug/stm32f0xx_exti.o
 .debug_aranges
                0x00000000       0x58 ./OBJS/Debug/stm32f0xx_exti.o
 .debug_ranges  0x00000000       0x48 ./OBJS/Debug/stm32f0xx_exti.o
 .debug_line    0x00000000      0x35f ./OBJS/Debug/stm32f0xx_exti.o
 .debug_str     0x00000000      0x35f ./OBJS/Debug/stm32f0xx_exti.o
 .comment       0x00000000       0x4e ./OBJS/Debug/stm32f0xx_exti.o
 .debug_frame   0x00000000       0x98 ./OBJS/Debug/stm32f0xx_exti.o
 .ARM.attributes
                0x00000000       0x2c ./OBJS/Debug/stm32f0xx_exti.o
 .text          0x00000000        0x0 ./OBJS/Debug/stm32f0xx_flash.o
 .data          0x00000000        0x0 ./OBJS/Debug/stm32f0xx_flash.o
 .bss           0x00000000        0x0 ./OBJS/Debug/stm32f0xx_flash.o
 .text.FLASH_SetLatency
                0x00000000       0x14 ./OBJS/Debug/stm32f0xx_flash.o
 .text.FLASH_PrefetchBufferCmd
                0x00000000       0x20 ./OBJS/Debug/stm32f0xx_flash.o
 .text.FLASH_GetPrefetchBufferStatus
                0x00000000       0x14 ./OBJS/Debug/stm32f0xx_flash.o
 .text.FLASH_Unlock
                0x00000000       0x20 ./OBJS/Debug/stm32f0xx_flash.o
 .text.FLASH_Lock
                0x00000000       0x10 ./OBJS/Debug/stm32f0xx_flash.o
 .text.FLASH_OB_Unlock
                0x00000000       0x20 ./OBJS/Debug/stm32f0xx_flash.o
 .text.FLASH_OB_Lock
                0x00000000       0x14 ./OBJS/Debug/stm32f0xx_flash.o
 .text.FLASH_OB_Launch
                0x00000000       0x14 ./OBJS/Debug/stm32f0xx_flash.o
 .text.FLASH_OB_GetUser
                0x00000000       0x10 ./OBJS/Debug/stm32f0xx_flash.o
 .text.FLASH_OB_GetWRP
                0x00000000        0xc ./OBJS/Debug/stm32f0xx_flash.o
 .text.FLASH_OB_GetRDP
                0x00000000       0x18 ./OBJS/Debug/stm32f0xx_flash.o
 .text.FLASH_ITConfig
                0x00000000       0x1c ./OBJS/Debug/stm32f0xx_flash.o
 .text.FLASH_GetFlagStatus
                0x00000000       0x14 ./OBJS/Debug/stm32f0xx_flash.o
 .text.FLASH_ClearFlag
                0x00000000        0xc ./OBJS/Debug/stm32f0xx_flash.o
 .text.FLASH_GetStatus
                0x00000000       0x2c ./OBJS/Debug/stm32f0xx_flash.o
 .text.FLASH_WaitForLastOperation
                0x00000000       0x22 ./OBJS/Debug/stm32f0xx_flash.o
 .text.FLASH_ErasePage
                0x00000000       0x3c ./OBJS/Debug/stm32f0xx_flash.o
 .text.FLASH_EraseAllPages
                0x00000000       0x38 ./OBJS/Debug/stm32f0xx_flash.o
 .text.FLASH_ProgramWord
                0x00000000       0x64 ./OBJS/Debug/stm32f0xx_flash.o
 .text.FLASH_ProgramHalfWord
                0x00000000       0x34 ./OBJS/Debug/stm32f0xx_flash.o
 .text.FLASH_OB_Erase
                0x00000000       0x84 ./OBJS/Debug/stm32f0xx_flash.o
 .text.FLASH_OB_EnableWRP
                0x00000000       0x9c ./OBJS/Debug/stm32f0xx_flash.o
 .text.FLASH_OB_RDPConfig
                0x00000000       0x78 ./OBJS/Debug/stm32f0xx_flash.o
 .text.FLASH_OB_UserConfig
                0x00000000       0x50 ./OBJS/Debug/stm32f0xx_flash.o
 .text.FLASH_OB_BOOTConfig
                0x00000000       0x48 ./OBJS/Debug/stm32f0xx_flash.o
 .text.FLASH_OB_BOOT0Config
                0x00000000       0x48 ./OBJS/Debug/stm32f0xx_flash.o
 .text.FLASH_OB_BOOT0SWConfig
                0x00000000       0x48 ./OBJS/Debug/stm32f0xx_flash.o
 .text.FLASH_OB_VDDAConfig
                0x00000000       0x48 ./OBJS/Debug/stm32f0xx_flash.o
 .text.FLASH_OB_SRAMParityConfig
                0x00000000       0x48 ./OBJS/Debug/stm32f0xx_flash.o
 .text.FLASH_OB_WriteUser
                0x00000000       0x44 ./OBJS/Debug/stm32f0xx_flash.o
 .text.FLASH_OB_ProgramData
                0x00000000       0x40 ./OBJS/Debug/stm32f0xx_flash.o
 .debug_info    0x00000000      0xbd6 ./OBJS/Debug/stm32f0xx_flash.o
 .debug_abbrev  0x00000000      0x234 ./OBJS/Debug/stm32f0xx_flash.o
 .debug_loc     0x00000000      0xaad ./OBJS/Debug/stm32f0xx_flash.o
 .debug_aranges
                0x00000000      0x110 ./OBJS/Debug/stm32f0xx_flash.o
 .debug_ranges  0x00000000      0x100 ./OBJS/Debug/stm32f0xx_flash.o
 .debug_line    0x00000000      0xb02 ./OBJS/Debug/stm32f0xx_flash.o
 .debug_str     0x00000000      0x5fe ./OBJS/Debug/stm32f0xx_flash.o
 .comment       0x00000000       0x4e ./OBJS/Debug/stm32f0xx_flash.o
 .debug_frame   0x00000000      0x2a4 ./OBJS/Debug/stm32f0xx_flash.o
 .ARM.attributes
                0x00000000       0x2c ./OBJS/Debug/stm32f0xx_flash.o
 .text          0x00000000        0x0 ./OBJS/Debug/stm32f0xx_gpio.o
 .data          0x00000000        0x0 ./OBJS/Debug/stm32f0xx_gpio.o
 .bss           0x00000000        0x0 ./OBJS/Debug/stm32f0xx_gpio.o
 .text.GPIO_DeInit
                0x00000000       0xc4 ./OBJS/Debug/stm32f0xx_gpio.o
 .text.GPIO_Init
                0x00000000       0x84 ./OBJS/Debug/stm32f0xx_gpio.o
 .text.GPIO_StructInit
                0x00000000       0x18 ./OBJS/Debug/stm32f0xx_gpio.o
 .text.GPIO_PinLockConfig
                0x00000000       0x24 ./OBJS/Debug/stm32f0xx_gpio.o
 .text.GPIO_ReadInputDataBit
                0x00000000        0xe ./OBJS/Debug/stm32f0xx_gpio.o
 .text.GPIO_ReadInputData
                0x00000000        0x6 ./OBJS/Debug/stm32f0xx_gpio.o
 .text.GPIO_ReadOutputDataBit
                0x00000000        0xe ./OBJS/Debug/stm32f0xx_gpio.o
 .text.GPIO_ReadOutputData
                0x00000000        0x6 ./OBJS/Debug/stm32f0xx_gpio.o
 .text.GPIO_SetBits
                0x00000000        0x4 ./OBJS/Debug/stm32f0xx_gpio.o
 .text.GPIO_ResetBits
                0x00000000        0x4 ./OBJS/Debug/stm32f0xx_gpio.o
 .text.GPIO_WriteBit
                0x00000000        0xc ./OBJS/Debug/stm32f0xx_gpio.o
 .text.GPIO_Write
                0x00000000        0x4 ./OBJS/Debug/stm32f0xx_gpio.o
 .text.GPIO_PinAFConfig
                0x00000000       0x24 ./OBJS/Debug/stm32f0xx_gpio.o
 .debug_info    0x00000000      0x7ad ./OBJS/Debug/stm32f0xx_gpio.o
 .debug_abbrev  0x00000000      0x20e ./OBJS/Debug/stm32f0xx_gpio.o
 .debug_loc     0x00000000      0x363 ./OBJS/Debug/stm32f0xx_gpio.o
 .debug_aranges
                0x00000000       0x80 ./OBJS/Debug/stm32f0xx_gpio.o
 .debug_ranges  0x00000000       0x70 ./OBJS/Debug/stm32f0xx_gpio.o
 .debug_line    0x00000000      0x518 ./OBJS/Debug/stm32f0xx_gpio.o
 .debug_str     0x00000000      0x4d2 ./OBJS/Debug/stm32f0xx_gpio.o
 .comment       0x00000000       0x4e ./OBJS/Debug/stm32f0xx_gpio.o
 .debug_frame   0x00000000      0x104 ./OBJS/Debug/stm32f0xx_gpio.o
 .ARM.attributes
                0x00000000       0x2c ./OBJS/Debug/stm32f0xx_gpio.o
 .text          0x00000000        0x0 ./OBJS/Debug/stm32f0xx_i2c.o
 .data          0x00000000        0x0 ./OBJS/Debug/stm32f0xx_i2c.o
 .bss           0x00000000        0x0 ./OBJS/Debug/stm32f0xx_i2c.o
 .text.I2C_DeInit
                0x00000000       0x38 ./OBJS/Debug/stm32f0xx_i2c.o
 .text.I2C_Init
                0x00000000       0x64 ./OBJS/Debug/stm32f0xx_i2c.o
 .text.I2C_StructInit
                0x00000000       0x16 ./OBJS/Debug/stm32f0xx_i2c.o
 .text.I2C_Cmd  0x00000000       0x18 ./OBJS/Debug/stm32f0xx_i2c.o
 .text.I2C_SoftwareResetCmd
                0x00000000       0x12 ./OBJS/Debug/stm32f0xx_i2c.o
 .text.I2C_ITConfig
                0x00000000       0x14 ./OBJS/Debug/stm32f0xx_i2c.o
 .text.I2C_StretchClockCmd
                0x00000000       0x20 ./OBJS/Debug/stm32f0xx_i2c.o
 .text.I2C_StopModeCmd
                0x00000000       0x20 ./OBJS/Debug/stm32f0xx_i2c.o
 .text.I2C_DualAddressCmd
                0x00000000       0x20 ./OBJS/Debug/stm32f0xx_i2c.o
 .text.I2C_OwnAddress2Config
                0x00000000       0x20 ./OBJS/Debug/stm32f0xx_i2c.o
 .text.I2C_GeneralCallCmd
                0x00000000       0x20 ./OBJS/Debug/stm32f0xx_i2c.o
 .text.I2C_SlaveByteControlCmd
                0x00000000       0x20 ./OBJS/Debug/stm32f0xx_i2c.o
 .text.I2C_SlaveAddressConfig
                0x00000000       0x10 ./OBJS/Debug/stm32f0xx_i2c.o
 .text.I2C_10BitAddressingModeCmd
                0x00000000       0x20 ./OBJS/Debug/stm32f0xx_i2c.o
 .text.I2C_AutoEndCmd
                0x00000000       0x20 ./OBJS/Debug/stm32f0xx_i2c.o
 .text.I2C_ReloadCmd
                0x00000000       0x20 ./OBJS/Debug/stm32f0xx_i2c.o
 .text.I2C_NumberOfBytesConfig
                0x00000000       0x14 ./OBJS/Debug/stm32f0xx_i2c.o
 .text.I2C_MasterRequestConfig
                0x00000000       0x20 ./OBJS/Debug/stm32f0xx_i2c.o
 .text.I2C_GenerateSTART
                0x00000000       0x20 ./OBJS/Debug/stm32f0xx_i2c.o
 .text.I2C_GenerateSTOP
                0x00000000       0x20 ./OBJS/Debug/stm32f0xx_i2c.o
 .text.I2C_10BitAddressHeaderCmd
                0x00000000       0x20 ./OBJS/Debug/stm32f0xx_i2c.o
 .text.I2C_AcknowledgeConfig
                0x00000000       0x20 ./OBJS/Debug/stm32f0xx_i2c.o
 .text.I2C_GetAddressMatched
                0x00000000        0xc ./OBJS/Debug/stm32f0xx_i2c.o
 .text.I2C_GetTransferDirection
                0x00000000       0x10 ./OBJS/Debug/stm32f0xx_i2c.o
 .text.I2C_TransferHandling
                0x00000000       0x20 ./OBJS/Debug/stm32f0xx_i2c.o
 .text.I2C_SMBusAlertCmd
                0x00000000       0x20 ./OBJS/Debug/stm32f0xx_i2c.o
 .text.I2C_ClockTimeoutCmd
                0x00000000       0x20 ./OBJS/Debug/stm32f0xx_i2c.o
 .text.I2C_ExtendedClockTimeoutCmd
                0x00000000       0x1a ./OBJS/Debug/stm32f0xx_i2c.o
 .text.I2C_IdleClockTimeoutCmd
                0x00000000       0x20 ./OBJS/Debug/stm32f0xx_i2c.o
 .text.I2C_TimeoutAConfig
                0x00000000       0x10 ./OBJS/Debug/stm32f0xx_i2c.o
 .text.I2C_TimeoutBConfig
                0x00000000       0x1c ./OBJS/Debug/stm32f0xx_i2c.o
 .text.I2C_CalculatePEC
                0x00000000       0x20 ./OBJS/Debug/stm32f0xx_i2c.o
 .text.I2C_PECRequestCmd
                0x00000000       0x20 ./OBJS/Debug/stm32f0xx_i2c.o
 .text.I2C_GetPEC
                0x00000000        0x6 ./OBJS/Debug/stm32f0xx_i2c.o
 .text.I2C_ReadRegister
                0x00000000       0x16 ./OBJS/Debug/stm32f0xx_i2c.o
 .text.I2C_SendData
                0x00000000        0x4 ./OBJS/Debug/stm32f0xx_i2c.o
 .text.I2C_ReceiveData
                0x00000000        0x6 ./OBJS/Debug/stm32f0xx_i2c.o
 .text.I2C_DMACmd
                0x00000000       0x14 ./OBJS/Debug/stm32f0xx_i2c.o
 .text.I2C_GetFlagStatus
                0x00000000        0xe ./OBJS/Debug/stm32f0xx_i2c.o
 .text.I2C_ClearFlag
                0x00000000        0x4 ./OBJS/Debug/stm32f0xx_i2c.o
 .text.I2C_GetITStatus
                0x00000000       0x38 ./OBJS/Debug/stm32f0xx_i2c.o
 .text.I2C_ClearITPendingBit
                0x00000000        0x4 ./OBJS/Debug/stm32f0xx_i2c.o
 .debug_info    0x00000000      0xd44 ./OBJS/Debug/stm32f0xx_i2c.o
 .debug_abbrev  0x00000000      0x1de ./OBJS/Debug/stm32f0xx_i2c.o
 .debug_loc     0x00000000      0x711 ./OBJS/Debug/stm32f0xx_i2c.o
 .debug_aranges
                0x00000000      0x168 ./OBJS/Debug/stm32f0xx_i2c.o
 .debug_ranges  0x00000000      0x158 ./OBJS/Debug/stm32f0xx_i2c.o
 .debug_line    0x00000000      0xa9a ./OBJS/Debug/stm32f0xx_i2c.o
 .debug_str     0x00000000      0x681 ./OBJS/Debug/stm32f0xx_i2c.o
 .comment       0x00000000       0x4e ./OBJS/Debug/stm32f0xx_i2c.o
 .debug_frame   0x00000000      0x2dc ./OBJS/Debug/stm32f0xx_i2c.o
 .ARM.attributes
                0x00000000       0x2c ./OBJS/Debug/stm32f0xx_i2c.o
 .text          0x00000000        0x0 ./OBJS/Debug/stm32f0xx_iwdg.o
 .data          0x00000000        0x0 ./OBJS/Debug/stm32f0xx_iwdg.o
 .bss           0x00000000        0x0 ./OBJS/Debug/stm32f0xx_iwdg.o
 .text.IWDG_WriteAccessCmd
                0x00000000        0xc ./OBJS/Debug/stm32f0xx_iwdg.o
 .text.IWDG_SetPrescaler
                0x00000000        0xc ./OBJS/Debug/stm32f0xx_iwdg.o
 .text.IWDG_SetReload
                0x00000000        0xc ./OBJS/Debug/stm32f0xx_iwdg.o
 .text.IWDG_ReloadCounter
                0x00000000       0x10 ./OBJS/Debug/stm32f0xx_iwdg.o
 .text.IWDG_SetWindowValue
                0x00000000        0xc ./OBJS/Debug/stm32f0xx_iwdg.o
 .text.IWDG_Enable
                0x00000000       0x10 ./OBJS/Debug/stm32f0xx_iwdg.o
 .text.IWDG_GetFlagStatus
                0x00000000       0x14 ./OBJS/Debug/stm32f0xx_iwdg.o
 .debug_info    0x00000000      0x237 ./OBJS/Debug/stm32f0xx_iwdg.o
 .debug_abbrev  0x00000000      0x14c ./OBJS/Debug/stm32f0xx_iwdg.o
 .debug_loc     0x00000000       0x73 ./OBJS/Debug/stm32f0xx_iwdg.o
 .debug_aranges
                0x00000000       0x50 ./OBJS/Debug/stm32f0xx_iwdg.o
 .debug_ranges  0x00000000       0x40 ./OBJS/Debug/stm32f0xx_iwdg.o
 .debug_line    0x00000000      0x22f ./OBJS/Debug/stm32f0xx_iwdg.o
 .debug_str     0x00000000      0x2a4 ./OBJS/Debug/stm32f0xx_iwdg.o
 .comment       0x00000000       0x4e ./OBJS/Debug/stm32f0xx_iwdg.o
 .debug_frame   0x00000000       0x80 ./OBJS/Debug/stm32f0xx_iwdg.o
 .ARM.attributes
                0x00000000       0x2c ./OBJS/Debug/stm32f0xx_iwdg.o
 .text          0x00000000        0x0 ./OBJS/Debug/stm32f0xx_misc.o
 .data          0x00000000        0x0 ./OBJS/Debug/stm32f0xx_misc.o
 .bss           0x00000000        0x0 ./OBJS/Debug/stm32f0xx_misc.o
 .text.NVIC_Init
                0x00000000       0x54 ./OBJS/Debug/stm32f0xx_misc.o
 .text.NVIC_SystemLPConfig
                0x00000000       0x1c ./OBJS/Debug/stm32f0xx_misc.o
 .text.SysTick_CLKSourceConfig
                0x00000000       0x20 ./OBJS/Debug/stm32f0xx_misc.o
 .debug_info    0x00000000      0x398 ./OBJS/Debug/stm32f0xx_misc.o
 .debug_abbrev  0x00000000      0x164 ./OBJS/Debug/stm32f0xx_misc.o
 .debug_loc     0x00000000       0x99 ./OBJS/Debug/stm32f0xx_misc.o
 .debug_aranges
                0x00000000       0x30 ./OBJS/Debug/stm32f0xx_misc.o
 .debug_ranges  0x00000000       0x20 ./OBJS/Debug/stm32f0xx_misc.o
 .debug_line    0x00000000      0x294 ./OBJS/Debug/stm32f0xx_misc.o
 .debug_str     0x00000000      0x326 ./OBJS/Debug/stm32f0xx_misc.o
 .comment       0x00000000       0x4e ./OBJS/Debug/stm32f0xx_misc.o
 .debug_frame   0x00000000       0x4c ./OBJS/Debug/stm32f0xx_misc.o
 .ARM.attributes
                0x00000000       0x2c ./OBJS/Debug/stm32f0xx_misc.o
 .text          0x00000000        0x0 ./OBJS/Debug/stm32f0xx_pwr.o
 .data          0x00000000        0x0 ./OBJS/Debug/stm32f0xx_pwr.o
 .bss           0x00000000        0x0 ./OBJS/Debug/stm32f0xx_pwr.o
 .text.PWR_DeInit
                0x00000000       0x18 ./OBJS/Debug/stm32f0xx_pwr.o
 .text.PWR_BackupAccessCmd
                0x00000000       0x28 ./OBJS/Debug/stm32f0xx_pwr.o
 .text.PWR_PVDLevelConfig
                0x00000000       0x14 ./OBJS/Debug/stm32f0xx_pwr.o
 .text.PWR_PVDCmd
                0x00000000       0x20 ./OBJS/Debug/stm32f0xx_pwr.o
 .text.PWR_WakeUpPinCmd
                0x00000000       0x1c ./OBJS/Debug/stm32f0xx_pwr.o
 .text.PWR_EnterSleepMode
                0x00000000       0x20 ./OBJS/Debug/stm32f0xx_pwr.o
 .text.PWR_EnterSTOPMode
                0x00000000       0x50 ./OBJS/Debug/stm32f0xx_pwr.o
 .text.PWR_EnterSTANDBYMode
                0x00000000       0x20 ./OBJS/Debug/stm32f0xx_pwr.o
 .text.PWR_GetFlagStatus
                0x00000000       0x14 ./OBJS/Debug/stm32f0xx_pwr.o
 .text.PWR_ClearFlag
                0x00000000       0x10 ./OBJS/Debug/stm32f0xx_pwr.o
 .debug_info    0x00000000      0x4bd ./OBJS/Debug/stm32f0xx_pwr.o
 .debug_abbrev  0x00000000      0x1e4 ./OBJS/Debug/stm32f0xx_pwr.o
 .debug_loc     0x00000000      0x1a5 ./OBJS/Debug/stm32f0xx_pwr.o
 .debug_aranges
                0x00000000       0x68 ./OBJS/Debug/stm32f0xx_pwr.o
 .debug_ranges  0x00000000       0x58 ./OBJS/Debug/stm32f0xx_pwr.o
 .debug_line    0x00000000      0x42e ./OBJS/Debug/stm32f0xx_pwr.o
 .debug_str     0x00000000      0x368 ./OBJS/Debug/stm32f0xx_pwr.o
 .comment       0x00000000       0x4e ./OBJS/Debug/stm32f0xx_pwr.o
 .debug_frame   0x00000000       0xc0 ./OBJS/Debug/stm32f0xx_pwr.o
 .ARM.attributes
                0x00000000       0x2c ./OBJS/Debug/stm32f0xx_pwr.o
 .text          0x00000000        0x0 ./OBJS/Debug/stm32f0xx_rcc.o
 .data          0x00000000        0x0 ./OBJS/Debug/stm32f0xx_rcc.o
 .bss           0x00000000        0x0 ./OBJS/Debug/stm32f0xx_rcc.o
 .text.RCC_DeInit
                0x00000000       0x60 ./OBJS/Debug/stm32f0xx_rcc.o
 .text.RCC_HSEConfig
                0x00000000       0x10 ./OBJS/Debug/stm32f0xx_rcc.o
 .text.RCC_AdjustHSICalibrationValue
                0x00000000       0x14 ./OBJS/Debug/stm32f0xx_rcc.o
 .text.RCC_HSICmd
                0x00000000       0x20 ./OBJS/Debug/stm32f0xx_rcc.o
 .text.RCC_AdjustHSI14CalibrationValue
                0x00000000       0x14 ./OBJS/Debug/stm32f0xx_rcc.o
 .text.RCC_HSI14Cmd
                0x00000000       0x20 ./OBJS/Debug/stm32f0xx_rcc.o
 .text.RCC_HSI14ADCRequestCmd
                0x00000000       0x20 ./OBJS/Debug/stm32f0xx_rcc.o
 .text.RCC_LSEConfig
                0x00000000       0x20 ./OBJS/Debug/stm32f0xx_rcc.o
 .text.RCC_LSEDriveConfig
                0x00000000       0x18 ./OBJS/Debug/stm32f0xx_rcc.o
 .text.RCC_LSICmd
                0x00000000       0x20 ./OBJS/Debug/stm32f0xx_rcc.o
 .text.RCC_PLLConfig
                0x00000000       0x20 ./OBJS/Debug/stm32f0xx_rcc.o
 .text.RCC_PLLCmd
                0x00000000       0x28 ./OBJS/Debug/stm32f0xx_rcc.o
 .text.RCC_HSI48Cmd
                0x00000000       0x28 ./OBJS/Debug/stm32f0xx_rcc.o
 .text.RCC_PREDIV1Config
                0x00000000       0x14 ./OBJS/Debug/stm32f0xx_rcc.o
 .text.RCC_ClockSecuritySystemCmd
                0x00000000       0x28 ./OBJS/Debug/stm32f0xx_rcc.o
 .text.RCC_MCOConfig
                0x00000000       0x18 ./OBJS/Debug/stm32f0xx_rcc.o
 .text.RCC_SYSCLKConfig
                0x00000000       0x14 ./OBJS/Debug/stm32f0xx_rcc.o
 .text.RCC_GetSYSCLKSource
                0x00000000       0x10 ./OBJS/Debug/stm32f0xx_rcc.o
 .text.RCC_HCLKConfig
                0x00000000       0x14 ./OBJS/Debug/stm32f0xx_rcc.o
 .text.RCC_PCLKConfig
                0x00000000       0x18 ./OBJS/Debug/stm32f0xx_rcc.o
 .text.RCC_ADCCLKConfig
                0x00000000       0x34 ./OBJS/Debug/stm32f0xx_rcc.o
 .text.RCC_CECCLKConfig
                0x00000000       0x18 ./OBJS/Debug/stm32f0xx_rcc.o
 .text.RCC_I2CCLKConfig
                0x00000000       0x18 ./OBJS/Debug/stm32f0xx_rcc.o
 .text.RCC_USARTCLKConfig
                0x00000000       0x44 ./OBJS/Debug/stm32f0xx_rcc.o
 .text.RCC_USBCLKConfig
                0x00000000       0x18 ./OBJS/Debug/stm32f0xx_rcc.o
 .text.RCC_GetClocksFreq
                0x00000000      0x1fc ./OBJS/Debug/stm32f0xx_rcc.o
 .text.RCC_RTCCLKConfig
                0x00000000       0x10 ./OBJS/Debug/stm32f0xx_rcc.o
 .text.RCC_RTCCLKCmd
                0x00000000       0x28 ./OBJS/Debug/stm32f0xx_rcc.o
 .text.RCC_BackupResetCmd
                0x00000000       0x28 ./OBJS/Debug/stm32f0xx_rcc.o
 .text.RCC_AHBPeriphClockCmd
                0x00000000       0x1c ./OBJS/Debug/stm32f0xx_rcc.o
 .text.RCC_APB2PeriphClockCmd
                0x00000000       0x1c ./OBJS/Debug/stm32f0xx_rcc.o
 .text.RCC_APB1PeriphClockCmd
                0x00000000       0x1c ./OBJS/Debug/stm32f0xx_rcc.o
 .text.RCC_AHBPeriphResetCmd
                0x00000000       0x1c ./OBJS/Debug/stm32f0xx_rcc.o
 .text.RCC_APB2PeriphResetCmd
                0x00000000       0x1c ./OBJS/Debug/stm32f0xx_rcc.o
 .text.RCC_APB1PeriphResetCmd
                0x00000000       0x1c ./OBJS/Debug/stm32f0xx_rcc.o
 .text.RCC_ITConfig
                0x00000000       0x1c ./OBJS/Debug/stm32f0xx_rcc.o
 .text.RCC_GetFlagStatus
                0x00000000       0x38 ./OBJS/Debug/stm32f0xx_rcc.o
 .text.RCC_WaitForHSEStartUp
                0x00000000       0x32 ./OBJS/Debug/stm32f0xx_rcc.o
 .text.RCC_ClearFlag
                0x00000000       0x14 ./OBJS/Debug/stm32f0xx_rcc.o
 .text.RCC_GetITStatus
                0x00000000       0x14 ./OBJS/Debug/stm32f0xx_rcc.o
 .text.RCC_ClearITPendingBit
                0x00000000        0xc ./OBJS/Debug/stm32f0xx_rcc.o
 .data.APBAHBPrescTable
                0x00000000       0x10 ./OBJS/Debug/stm32f0xx_rcc.o
 .debug_info    0x00000000      0xbbc ./OBJS/Debug/stm32f0xx_rcc.o
 .debug_abbrev  0x00000000      0x26a ./OBJS/Debug/stm32f0xx_rcc.o
 .debug_loc     0x00000000      0x910 ./OBJS/Debug/stm32f0xx_rcc.o
 .debug_aranges
                0x00000000      0x160 ./OBJS/Debug/stm32f0xx_rcc.o
 .debug_ranges  0x00000000      0x150 ./OBJS/Debug/stm32f0xx_rcc.o
 .debug_line    0x00000000      0xc87 ./OBJS/Debug/stm32f0xx_rcc.o
 .debug_str     0x00000000      0x7dd ./OBJS/Debug/stm32f0xx_rcc.o
 .comment       0x00000000       0x4e ./OBJS/Debug/stm32f0xx_rcc.o
 .debug_frame   0x00000000      0x2c0 ./OBJS/Debug/stm32f0xx_rcc.o
 .ARM.attributes
                0x00000000       0x2c ./OBJS/Debug/stm32f0xx_rcc.o
 .text          0x00000000        0x0 ./OBJS/Debug/stm32f0xx_rtc.o
 .data          0x00000000        0x0 ./OBJS/Debug/stm32f0xx_rtc.o
 .bss           0x00000000        0x0 ./OBJS/Debug/stm32f0xx_rtc.o
 .text.RTC_ByteToBcd2
                0x00000000       0x18 ./OBJS/Debug/stm32f0xx_rtc.o
 .text.RTC_Bcd2ToByte
                0x00000000       0x14 ./OBJS/Debug/stm32f0xx_rtc.o
 .text.RTC_StructInit
                0x00000000        0xe ./OBJS/Debug/stm32f0xx_rtc.o
 .text.RTC_WriteProtectionCmd
                0x00000000       0x1c ./OBJS/Debug/stm32f0xx_rtc.o
 .text.RTC_EnterInitMode
                0x00000000       0x4c ./OBJS/Debug/stm32f0xx_rtc.o
 .text.RTC_ExitInitMode
                0x00000000       0x10 ./OBJS/Debug/stm32f0xx_rtc.o
 .text.RTC_Init
                0x00000000       0x4c ./OBJS/Debug/stm32f0xx_rtc.o
 .text.RTC_WaitForSynchro
                0x00000000       0x5c ./OBJS/Debug/stm32f0xx_rtc.o
 .text.RTC_DeInit
                0x00000000       0x5c ./OBJS/Debug/stm32f0xx_rtc.o
 .text.RTC_RefClockCmd
                0x00000000       0x44 ./OBJS/Debug/stm32f0xx_rtc.o
 .text.RTC_BypassShadowCmd
                0x00000000       0x30 ./OBJS/Debug/stm32f0xx_rtc.o
 .text.RTC_SetTime
                0x00000000       0xa0 ./OBJS/Debug/stm32f0xx_rtc.o
 .text.RTC_TimeStructInit
                0x00000000        0xc ./OBJS/Debug/stm32f0xx_rtc.o
 .text.RTC_GetTime
                0x00000000       0x4c ./OBJS/Debug/stm32f0xx_rtc.o
 .text.RTC_GetSubSecond
                0x00000000        0xc ./OBJS/Debug/stm32f0xx_rtc.o
 .text.RTC_SetDate
                0x00000000       0x94 ./OBJS/Debug/stm32f0xx_rtc.o
 .text.RTC_DateStructInit
                0x00000000        0xe ./OBJS/Debug/stm32f0xx_rtc.o
 .text.RTC_GetDate
                0x00000000       0x4c ./OBJS/Debug/stm32f0xx_rtc.o
 .text.RTC_SetAlarm
                0x00000000       0x94 ./OBJS/Debug/stm32f0xx_rtc.o
 .text.RTC_AlarmStructInit
                0x00000000       0x14 ./OBJS/Debug/stm32f0xx_rtc.o
 .text.RTC_GetAlarm
                0x00000000       0x68 ./OBJS/Debug/stm32f0xx_rtc.o
 .text.RTC_AlarmCmd
                0x00000000       0x64 ./OBJS/Debug/stm32f0xx_rtc.o
 .text.RTC_AlarmSubSecondConfig
                0x00000000       0x1c ./OBJS/Debug/stm32f0xx_rtc.o
 .text.RTC_GetAlarmSubSecond
                0x00000000       0x10 ./OBJS/Debug/stm32f0xx_rtc.o
 .text.RTC_WakeUpClockConfig
                0x00000000       0x24 ./OBJS/Debug/stm32f0xx_rtc.o
 .text.RTC_SetWakeUpCounter
                0x00000000       0x18 ./OBJS/Debug/stm32f0xx_rtc.o
 .text.RTC_GetWakeUpCounter
                0x00000000       0x10 ./OBJS/Debug/stm32f0xx_rtc.o
 .text.RTC_WakeUpCmd
                0x00000000       0x68 ./OBJS/Debug/stm32f0xx_rtc.o
 .text.RTC_DayLightSavingConfig
                0x00000000       0x2c ./OBJS/Debug/stm32f0xx_rtc.o
 .text.RTC_GetStoreOperation
                0x00000000       0x10 ./OBJS/Debug/stm32f0xx_rtc.o
 .text.RTC_OutputConfig
                0x00000000       0x2c ./OBJS/Debug/stm32f0xx_rtc.o
 .text.RTC_CalibOutputCmd
                0x00000000       0x38 ./OBJS/Debug/stm32f0xx_rtc.o
 .text.RTC_CalibOutputConfig
                0x00000000       0x28 ./OBJS/Debug/stm32f0xx_rtc.o
 .text.RTC_SmoothCalibConfig
                0x00000000       0x4c ./OBJS/Debug/stm32f0xx_rtc.o
 .text.RTC_TimeStampCmd
                0x00000000       0x34 ./OBJS/Debug/stm32f0xx_rtc.o
 .text.RTC_GetTimeStamp
                0x00000000       0x90 ./OBJS/Debug/stm32f0xx_rtc.o
 .text.RTC_GetTimeStampSubSecond
                0x00000000        0xc ./OBJS/Debug/stm32f0xx_rtc.o
 .text.RTC_TamperTriggerConfig
                0x00000000       0x20 ./OBJS/Debug/stm32f0xx_rtc.o
 .text.RTC_TamperCmd
                0x00000000       0x1c ./OBJS/Debug/stm32f0xx_rtc.o
 .text.RTC_TamperFilterConfig
                0x00000000       0x1c ./OBJS/Debug/stm32f0xx_rtc.o
 .text.RTC_TamperSamplingFreqConfig
                0x00000000       0x1c ./OBJS/Debug/stm32f0xx_rtc.o
 .text.RTC_TamperPinsPrechargeDuration
                0x00000000       0x1c ./OBJS/Debug/stm32f0xx_rtc.o
 .text.RTC_TimeStampOnTamperDetectionCmd
                0x00000000       0x20 ./OBJS/Debug/stm32f0xx_rtc.o
 .text.RTC_TamperPullUpCmd
                0x00000000       0x28 ./OBJS/Debug/stm32f0xx_rtc.o
 .text.RTC_WriteBackupRegister
                0x00000000       0x20 ./OBJS/Debug/stm32f0xx_rtc.o
 .text.RTC_ReadBackupRegister
                0x00000000       0x20 ./OBJS/Debug/stm32f0xx_rtc.o
 .text.RTC_OutputTypeConfig
                0x00000000       0x1c ./OBJS/Debug/stm32f0xx_rtc.o
 .text.RTC_SynchroShiftConfig
                0x00000000       0x5c ./OBJS/Debug/stm32f0xx_rtc.o
 .text.RTC_ITConfig
                0x00000000       0x48 ./OBJS/Debug/stm32f0xx_rtc.o
 .text.RTC_GetFlagStatus
                0x00000000       0x1c ./OBJS/Debug/stm32f0xx_rtc.o
 .text.RTC_ClearFlag
                0x00000000       0x20 ./OBJS/Debug/stm32f0xx_rtc.o
 .text.RTC_GetITStatus
                0x00000000       0x34 ./OBJS/Debug/stm32f0xx_rtc.o
 .text.RTC_ClearITPendingBit
                0x00000000       0x1c ./OBJS/Debug/stm32f0xx_rtc.o
 .debug_info    0x00000000     0x131e ./OBJS/Debug/stm32f0xx_rtc.o
 .debug_abbrev  0x00000000      0x214 ./OBJS/Debug/stm32f0xx_rtc.o
 .debug_loc     0x00000000     0x107b ./OBJS/Debug/stm32f0xx_rtc.o
 .debug_aranges
                0x00000000      0x1c0 ./OBJS/Debug/stm32f0xx_rtc.o
 .debug_ranges  0x00000000      0x1b0 ./OBJS/Debug/stm32f0xx_rtc.o
 .debug_line    0x00000000     0x149c ./OBJS/Debug/stm32f0xx_rtc.o
 .debug_str     0x00000000      0xa77 ./OBJS/Debug/stm32f0xx_rtc.o
 .comment       0x00000000       0x4e ./OBJS/Debug/stm32f0xx_rtc.o
 .debug_frame   0x00000000      0x42c ./OBJS/Debug/stm32f0xx_rtc.o
 .ARM.attributes
                0x00000000       0x2c ./OBJS/Debug/stm32f0xx_rtc.o
 .text          0x00000000        0x0 ./OBJS/Debug/stm32f0xx_spi.o
 .data          0x00000000        0x0 ./OBJS/Debug/stm32f0xx_spi.o
 .bss           0x00000000        0x0 ./OBJS/Debug/stm32f0xx_spi.o
 .text.SPI_I2S_DeInit
                0x00000000       0x44 ./OBJS/Debug/stm32f0xx_spi.o
 .text.SPI_StructInit
                0x00000000       0x1c ./OBJS/Debug/stm32f0xx_spi.o
 .text.SPI_Init
                0x00000000       0x64 ./OBJS/Debug/stm32f0xx_spi.o
 .text.I2S_StructInit
                0x00000000       0x12 ./OBJS/Debug/stm32f0xx_spi.o
 .text.I2S_Init
                0x00000000       0xb4 ./OBJS/Debug/stm32f0xx_spi.o
 .text.SPI_Cmd  0x00000000       0x1a ./OBJS/Debug/stm32f0xx_spi.o
 .text.SPI_TIModeCmd
                0x00000000       0x1a ./OBJS/Debug/stm32f0xx_spi.o
 .text.I2S_Cmd  0x00000000       0x20 ./OBJS/Debug/stm32f0xx_spi.o
 .text.SPI_DataSizeConfig
                0x00000000       0x10 ./OBJS/Debug/stm32f0xx_spi.o
 .text.SPI_RxFIFOThresholdConfig
                0x00000000       0x14 ./OBJS/Debug/stm32f0xx_spi.o
 .text.SPI_BiDirectionalLineConfig
                0x00000000       0x24 ./OBJS/Debug/stm32f0xx_spi.o
 .text.SPI_NSSInternalSoftwareConfig
                0x00000000       0x24 ./OBJS/Debug/stm32f0xx_spi.o
 .text.SPI_SSOutputCmd
                0x00000000       0x1a ./OBJS/Debug/stm32f0xx_spi.o
 .text.SPI_NSSPulseModeCmd
                0x00000000       0x1a ./OBJS/Debug/stm32f0xx_spi.o
 .text.SPI_SendData8
                0x00000000        0x4 ./OBJS/Debug/stm32f0xx_spi.o
 .text.SPI_I2S_SendData16
                0x00000000        0x4 ./OBJS/Debug/stm32f0xx_spi.o
 .text.SPI_ReceiveData8
                0x00000000        0x6 ./OBJS/Debug/stm32f0xx_spi.o
 .text.SPI_I2S_ReceiveData16
                0x00000000        0x6 ./OBJS/Debug/stm32f0xx_spi.o
 .text.SPI_CRCLengthConfig
                0x00000000       0x14 ./OBJS/Debug/stm32f0xx_spi.o
 .text.SPI_CalculateCRC
                0x00000000       0x20 ./OBJS/Debug/stm32f0xx_spi.o
 .text.SPI_TransmitCRC
                0x00000000        0xc ./OBJS/Debug/stm32f0xx_spi.o
 .text.SPI_GetCRC
                0x00000000       0x10 ./OBJS/Debug/stm32f0xx_spi.o
 .text.SPI_GetCRCPolynomial
                0x00000000        0x6 ./OBJS/Debug/stm32f0xx_spi.o
 .text.SPI_I2S_DMACmd
                0x00000000       0x14 ./OBJS/Debug/stm32f0xx_spi.o
 .text.SPI_LastDMATransferCmd
                0x00000000       0x14 ./OBJS/Debug/stm32f0xx_spi.o
 .text.SPI_I2S_ITConfig
                0x00000000       0x1c ./OBJS/Debug/stm32f0xx_spi.o
 .text.SPI_GetTransmissionFIFOStatus
                0x00000000        0xa ./OBJS/Debug/stm32f0xx_spi.o
 .text.SPI_GetReceptionFIFOStatus
                0x00000000        0xa ./OBJS/Debug/stm32f0xx_spi.o
 .text.SPI_I2S_GetFlagStatus
                0x00000000        0xe ./OBJS/Debug/stm32f0xx_spi.o
 .text.SPI_I2S_ClearFlag
                0x00000000        0x8 ./OBJS/Debug/stm32f0xx_spi.o
 .text.SPI_I2S_GetITStatus
                0x00000000       0x2a ./OBJS/Debug/stm32f0xx_spi.o
 .debug_info    0x00000000      0xcae ./OBJS/Debug/stm32f0xx_spi.o
 .debug_abbrev  0x00000000      0x20a ./OBJS/Debug/stm32f0xx_spi.o
 .debug_loc     0x00000000      0x815 ./OBJS/Debug/stm32f0xx_spi.o
 .debug_aranges
                0x00000000      0x110 ./OBJS/Debug/stm32f0xx_spi.o
 .debug_ranges  0x00000000      0x100 ./OBJS/Debug/stm32f0xx_spi.o
 .debug_line    0x00000000      0x8c0 ./OBJS/Debug/stm32f0xx_spi.o
 .debug_str     0x00000000      0x7b5 ./OBJS/Debug/stm32f0xx_spi.o
 .comment       0x00000000       0x4e ./OBJS/Debug/stm32f0xx_spi.o
 .debug_frame   0x00000000      0x234 ./OBJS/Debug/stm32f0xx_spi.o
 .ARM.attributes
                0x00000000       0x2c ./OBJS/Debug/stm32f0xx_spi.o
 .text          0x00000000        0x0 ./OBJS/Debug/stm32f0xx_syscfg.o
 .data          0x00000000        0x0 ./OBJS/Debug/stm32f0xx_syscfg.o
 .bss           0x00000000        0x0 ./OBJS/Debug/stm32f0xx_syscfg.o
 .text.SYSCFG_DeInit
                0x00000000       0x24 ./OBJS/Debug/stm32f0xx_syscfg.o
 .text.SYSCFG_MemoryRemapConfig
                0x00000000       0x14 ./OBJS/Debug/stm32f0xx_syscfg.o
 .text.SYSCFG_DMAChannelRemapConfig
                0x00000000       0x1c ./OBJS/Debug/stm32f0xx_syscfg.o
 .text.SYSCFG_I2CFastModePlusConfig
                0x00000000       0x1c ./OBJS/Debug/stm32f0xx_syscfg.o
 .text.SYSCFG_IRDAEnvSelection
                0x00000000       0x18 ./OBJS/Debug/stm32f0xx_syscfg.o
 .text.SYSCFG_EXTILineConfig
                0x00000000       0x28 ./OBJS/Debug/stm32f0xx_syscfg.o
 .text.SYSCFG_GetPendingIT
                0x00000000       0x18 ./OBJS/Debug/stm32f0xx_syscfg.o
 .text.SYSCFG_BreakConfig
                0x00000000       0x10 ./OBJS/Debug/stm32f0xx_syscfg.o
 .text.SYSCFG_GetFlagStatus
                0x00000000       0x14 ./OBJS/Debug/stm32f0xx_syscfg.o
 .text.SYSCFG_ClearFlag
                0x00000000       0x10 ./OBJS/Debug/stm32f0xx_syscfg.o
 .debug_info    0x00000000      0x394 ./OBJS/Debug/stm32f0xx_syscfg.o
 .debug_abbrev  0x00000000      0x19c ./OBJS/Debug/stm32f0xx_syscfg.o
 .debug_loc     0x00000000      0x19d ./OBJS/Debug/stm32f0xx_syscfg.o
 .debug_aranges
                0x00000000       0x68 ./OBJS/Debug/stm32f0xx_syscfg.o
 .debug_ranges  0x00000000       0x58 ./OBJS/Debug/stm32f0xx_syscfg.o
 .debug_line    0x00000000      0x326 ./OBJS/Debug/stm32f0xx_syscfg.o
 .debug_str     0x00000000      0x3a8 ./OBJS/Debug/stm32f0xx_syscfg.o
 .comment       0x00000000       0x4e ./OBJS/Debug/stm32f0xx_syscfg.o
 .debug_frame   0x00000000       0xbc ./OBJS/Debug/stm32f0xx_syscfg.o
 .ARM.attributes
                0x00000000       0x2c ./OBJS/Debug/stm32f0xx_syscfg.o
 .text          0x00000000        0x0 ./OBJS/Debug/stm32f0xx_tim.o
 .data          0x00000000        0x0 ./OBJS/Debug/stm32f0xx_tim.o
 .bss           0x00000000        0x0 ./OBJS/Debug/stm32f0xx_tim.o
 .text.TI1_Config
                0x00000000       0x2c ./OBJS/Debug/stm32f0xx_tim.o
 .text.TI2_Config
                0x00000000       0x38 ./OBJS/Debug/stm32f0xx_tim.o
 .text.TI3_Config
                0x00000000       0x38 ./OBJS/Debug/stm32f0xx_tim.o
 .text.TI4_Config
                0x00000000       0x40 ./OBJS/Debug/stm32f0xx_tim.o
 .text.TIM_DeInit
                0x00000000      0x114 ./OBJS/Debug/stm32f0xx_tim.o
 .text.TIM_TimeBaseInit
                0x00000000       0x78 ./OBJS/Debug/stm32f0xx_tim.o
 .text.TIM_TimeBaseStructInit
                0x00000000       0x12 ./OBJS/Debug/stm32f0xx_tim.o
 .text.TIM_PrescalerConfig
                0x00000000        0x6 ./OBJS/Debug/stm32f0xx_tim.o
 .text.TIM_CounterModeConfig
                0x00000000        0xc ./OBJS/Debug/stm32f0xx_tim.o
 .text.TIM_SetCounter
                0x00000000        0x4 ./OBJS/Debug/stm32f0xx_tim.o
 .text.TIM_SetAutoreload
                0x00000000        0x4 ./OBJS/Debug/stm32f0xx_tim.o
 .text.TIM_GetCounter
                0x00000000        0x4 ./OBJS/Debug/stm32f0xx_tim.o
 .text.TIM_GetPrescaler
                0x00000000        0x6 ./OBJS/Debug/stm32f0xx_tim.o
 .text.TIM_UpdateDisableConfig
                0x00000000       0x1a ./OBJS/Debug/stm32f0xx_tim.o
 .text.TIM_UpdateRequestConfig
                0x00000000       0x1a ./OBJS/Debug/stm32f0xx_tim.o
 .text.TIM_ARRPreloadConfig
                0x00000000       0x1a ./OBJS/Debug/stm32f0xx_tim.o
 .text.TIM_SelectOnePulseMode
                0x00000000       0x10 ./OBJS/Debug/stm32f0xx_tim.o
 .text.TIM_SetClockDivision
                0x00000000       0x14 ./OBJS/Debug/stm32f0xx_tim.o
 .text.TIM_Cmd  0x00000000       0x1a ./OBJS/Debug/stm32f0xx_tim.o
 .text.TIM_BDTRConfig
                0x00000000       0x26 ./OBJS/Debug/stm32f0xx_tim.o
 .text.TIM_BDTRStructInit
                0x00000000       0x12 ./OBJS/Debug/stm32f0xx_tim.o
 .text.TIM_CtrlPWMOutputs
                0x00000000       0x24 ./OBJS/Debug/stm32f0xx_tim.o
 .text.TIM_OC1Init
                0x00000000       0x80 ./OBJS/Debug/stm32f0xx_tim.o
 .text.TIM_OC2Init
                0x00000000       0x9c ./OBJS/Debug/stm32f0xx_tim.o
 .text.TIM_OC3Init
                0x00000000       0x88 ./OBJS/Debug/stm32f0xx_tim.o
 .text.TIM_OC4Init
                0x00000000       0x68 ./OBJS/Debug/stm32f0xx_tim.o
 .text.TIM_OCStructInit
                0x00000000       0x14 ./OBJS/Debug/stm32f0xx_tim.o
 .text.TIM_SelectOCxM
                0x00000000       0x50 ./OBJS/Debug/stm32f0xx_tim.o
 .text.TIM_SetCompare1
                0x00000000        0x4 ./OBJS/Debug/stm32f0xx_tim.o
 .text.TIM_SetCompare2
                0x00000000        0x4 ./OBJS/Debug/stm32f0xx_tim.o
 .text.TIM_SetCompare3
                0x00000000        0x4 ./OBJS/Debug/stm32f0xx_tim.o
 .text.TIM_SetCompare4
                0x00000000        0x4 ./OBJS/Debug/stm32f0xx_tim.o
 .text.TIM_ForcedOC1Config
                0x00000000        0xc ./OBJS/Debug/stm32f0xx_tim.o
 .text.TIM_ForcedOC2Config
                0x00000000       0x14 ./OBJS/Debug/stm32f0xx_tim.o
 .text.TIM_ForcedOC3Config
                0x00000000        0xc ./OBJS/Debug/stm32f0xx_tim.o
 .text.TIM_ForcedOC4Config
                0x00000000       0x14 ./OBJS/Debug/stm32f0xx_tim.o
 .text.TIM_CCPreloadControl
                0x00000000       0x1a ./OBJS/Debug/stm32f0xx_tim.o
 .text.TIM_OC1PreloadConfig
                0x00000000        0xc ./OBJS/Debug/stm32f0xx_tim.o
 .text.TIM_OC2PreloadConfig
                0x00000000       0x14 ./OBJS/Debug/stm32f0xx_tim.o
 .text.TIM_OC3PreloadConfig
                0x00000000        0xc ./OBJS/Debug/stm32f0xx_tim.o
 .text.TIM_OC4PreloadConfig
                0x00000000       0x14 ./OBJS/Debug/stm32f0xx_tim.o
 .text.TIM_OC1FastConfig
                0x00000000        0xc ./OBJS/Debug/stm32f0xx_tim.o
 .text.TIM_OC2FastConfig
                0x00000000       0x14 ./OBJS/Debug/stm32f0xx_tim.o
 .text.TIM_OC3FastConfig
                0x00000000        0xc ./OBJS/Debug/stm32f0xx_tim.o
 .text.TIM_OC4FastConfig
                0x00000000       0x14 ./OBJS/Debug/stm32f0xx_tim.o
 .text.TIM_ClearOC1Ref
                0x00000000        0xc ./OBJS/Debug/stm32f0xx_tim.o
 .text.TIM_ClearOC2Ref
                0x00000000       0x10 ./OBJS/Debug/stm32f0xx_tim.o
 .text.TIM_ClearOC3Ref
                0x00000000        0xc ./OBJS/Debug/stm32f0xx_tim.o
 .text.TIM_ClearOC4Ref
                0x00000000       0x10 ./OBJS/Debug/stm32f0xx_tim.o
 .text.TIM_OC1PolarityConfig
                0x00000000        0xc ./OBJS/Debug/stm32f0xx_tim.o
 .text.TIM_OC1NPolarityConfig
                0x00000000        0xc ./OBJS/Debug/stm32f0xx_tim.o
 .text.TIM_OC2PolarityConfig
                0x00000000       0x10 ./OBJS/Debug/stm32f0xx_tim.o
 .text.TIM_OC2NPolarityConfig
                0x00000000       0x10 ./OBJS/Debug/stm32f0xx_tim.o
 .text.TIM_OC3PolarityConfig
                0x00000000       0x14 ./OBJS/Debug/stm32f0xx_tim.o
 .text.TIM_OC3NPolarityConfig
                0x00000000       0x14 ./OBJS/Debug/stm32f0xx_tim.o
 .text.TIM_OC4PolarityConfig
                0x00000000       0x14 ./OBJS/Debug/stm32f0xx_tim.o
 .text.TIM_SelectOCREFClear
                0x00000000       0x10 ./OBJS/Debug/stm32f0xx_tim.o
 .text.TIM_CCxCmd
                0x00000000       0x1a ./OBJS/Debug/stm32f0xx_tim.o
 .text.TIM_CCxNCmd
                0x00000000       0x1a ./OBJS/Debug/stm32f0xx_tim.o
 .text.TIM_SelectCOM
                0x00000000       0x1a ./OBJS/Debug/stm32f0xx_tim.o
 .text.TIM_ICStructInit
                0x00000000       0x10 ./OBJS/Debug/stm32f0xx_tim.o
 .text.TIM_GetCapture1
                0x00000000        0x4 ./OBJS/Debug/stm32f0xx_tim.o
 .text.TIM_GetCapture2
                0x00000000        0x4 ./OBJS/Debug/stm32f0xx_tim.o
 .text.TIM_GetCapture3
                0x00000000        0x4 ./OBJS/Debug/stm32f0xx_tim.o
 .text.TIM_GetCapture4
                0x00000000        0x4 ./OBJS/Debug/stm32f0xx_tim.o
 .text.TIM_SetIC1Prescaler
                0x00000000       0x10 ./OBJS/Debug/stm32f0xx_tim.o
 .text.TIM_SetIC2Prescaler
                0x00000000       0x18 ./OBJS/Debug/stm32f0xx_tim.o
 .text.TIM_PWMIConfig
                0x00000000       0x70 ./OBJS/Debug/stm32f0xx_tim.o
 .text.TIM_SetIC3Prescaler
                0x00000000       0x10 ./OBJS/Debug/stm32f0xx_tim.o
 .text.TIM_SetIC4Prescaler
                0x00000000       0x18 ./OBJS/Debug/stm32f0xx_tim.o
 .text.TIM_ICInit
                0x00000000       0x64 ./OBJS/Debug/stm32f0xx_tim.o
 .text.TIM_ITConfig
                0x00000000       0x14 ./OBJS/Debug/stm32f0xx_tim.o
 .text.TIM_GenerateEvent
                0x00000000        0x4 ./OBJS/Debug/stm32f0xx_tim.o
 .text.TIM_GetFlagStatus
                0x00000000        0xe ./OBJS/Debug/stm32f0xx_tim.o
 .text.TIM_ClearFlag
                0x00000000        0x8 ./OBJS/Debug/stm32f0xx_tim.o
 .text.TIM_GetITStatus
                0x00000000       0x1a ./OBJS/Debug/stm32f0xx_tim.o
 .text.TIM_ClearITPendingBit
                0x00000000        0x8 ./OBJS/Debug/stm32f0xx_tim.o
 .text.TIM_DMAConfig
                0x00000000        0x8 ./OBJS/Debug/stm32f0xx_tim.o
 .text.TIM_DMACmd
                0x00000000       0x14 ./OBJS/Debug/stm32f0xx_tim.o
 .text.TIM_SelectCCDMA
                0x00000000       0x1a ./OBJS/Debug/stm32f0xx_tim.o
 .text.TIM_InternalClockConfig
                0x00000000        0xa ./OBJS/Debug/stm32f0xx_tim.o
 .text.TIM_SelectInputTrigger
                0x00000000        0xc ./OBJS/Debug/stm32f0xx_tim.o
 .text.TIM_ITRxExternalClockConfig
                0x00000000       0x14 ./OBJS/Debug/stm32f0xx_tim.o
 .text.TIM_TIxExternalClockConfig
                0x00000000       0x2e ./OBJS/Debug/stm32f0xx_tim.o
 .text.TIM_SelectOutputTrigger
                0x00000000       0x10 ./OBJS/Debug/stm32f0xx_tim.o
 .text.TIM_SelectSlaveMode
                0x00000000       0x10 ./OBJS/Debug/stm32f0xx_tim.o
 .text.TIM_SelectMasterSlaveMode
                0x00000000       0x10 ./OBJS/Debug/stm32f0xx_tim.o
 .text.TIM_ETRConfig
                0x00000000       0x16 ./OBJS/Debug/stm32f0xx_tim.o
 .text.TIM_ETRClockMode1Config
                0x00000000       0x16 ./OBJS/Debug/stm32f0xx_tim.o
 .text.TIM_ETRClockMode2Config
                0x00000000       0x14 ./OBJS/Debug/stm32f0xx_tim.o
 .text.TIM_EncoderInterfaceConfig
                0x00000000       0x30 ./OBJS/Debug/stm32f0xx_tim.o
 .text.TIM_SelectHallSensor
                0x00000000       0x1a ./OBJS/Debug/stm32f0xx_tim.o
 .text.TIM_RemapConfig
                0x00000000        0x6 ./OBJS/Debug/stm32f0xx_tim.o
 .debug_info    0x00000000     0x23b0 ./OBJS/Debug/stm32f0xx_tim.o
 .debug_abbrev  0x00000000      0x1e1 ./OBJS/Debug/stm32f0xx_tim.o
 .debug_loc     0x00000000     0x1afc ./OBJS/Debug/stm32f0xx_tim.o
 .debug_aranges
                0x00000000      0x300 ./OBJS/Debug/stm32f0xx_tim.o
 .debug_ranges  0x00000000      0x2f0 ./OBJS/Debug/stm32f0xx_tim.o
 .debug_line    0x00000000     0x192b ./OBJS/Debug/stm32f0xx_tim.o
 .debug_str     0x00000000      0xe3c ./OBJS/Debug/stm32f0xx_tim.o
 .comment       0x00000000       0x4e ./OBJS/Debug/stm32f0xx_tim.o
 .debug_frame   0x00000000      0x6d0 ./OBJS/Debug/stm32f0xx_tim.o
 .ARM.attributes
                0x00000000       0x2c ./OBJS/Debug/stm32f0xx_tim.o
 .text          0x00000000        0x0 ./OBJS/Debug/stm32f0xx_usart.o
 .data          0x00000000        0x0 ./OBJS/Debug/stm32f0xx_usart.o
 .bss           0x00000000        0x0 ./OBJS/Debug/stm32f0xx_usart.o
 .text.USART_DeInit
                0x00000000       0xf8 ./OBJS/Debug/stm32f0xx_usart.o
 .text.USART_Init
                0x00000000       0xe0 ./OBJS/Debug/stm32f0xx_usart.o
 .text.USART_StructInit
                0x00000000       0x16 ./OBJS/Debug/stm32f0xx_usart.o
 .text.USART_ClockInit
                0x00000000       0x20 ./OBJS/Debug/stm32f0xx_usart.o
 .text.USART_ClockStructInit
                0x00000000        0xc ./OBJS/Debug/stm32f0xx_usart.o
 .text.USART_Cmd
                0x00000000       0x18 ./OBJS/Debug/stm32f0xx_usart.o
 .text.USART_DirectionModeCmd
                0x00000000       0x14 ./OBJS/Debug/stm32f0xx_usart.o
 .text.USART_OverSampling8Cmd
                0x00000000       0x20 ./OBJS/Debug/stm32f0xx_usart.o
 .text.USART_OneBitMethodCmd
                0x00000000       0x20 ./OBJS/Debug/stm32f0xx_usart.o
 .text.USART_MSBFirstCmd
                0x00000000       0x20 ./OBJS/Debug/stm32f0xx_usart.o
 .text.USART_DataInvCmd
                0x00000000       0x20 ./OBJS/Debug/stm32f0xx_usart.o
 .text.USART_InvPinCmd
                0x00000000       0x14 ./OBJS/Debug/stm32f0xx_usart.o
 .text.USART_SWAPPinCmd
                0x00000000       0x20 ./OBJS/Debug/stm32f0xx_usart.o
 .text.USART_ReceiverTimeOutCmd
                0x00000000       0x20 ./OBJS/Debug/stm32f0xx_usart.o
 .text.USART_SetReceiverTimeOut
                0x00000000       0x10 ./OBJS/Debug/stm32f0xx_usart.o
 .text.USART_SetPrescaler
                0x00000000       0x10 ./OBJS/Debug/stm32f0xx_usart.o
 .text.USART_STOPModeCmd
                0x00000000       0x18 ./OBJS/Debug/stm32f0xx_usart.o
 .text.USART_StopModeWakeUpSourceConfig
                0x00000000       0x14 ./OBJS/Debug/stm32f0xx_usart.o
 .text.USART_AutoBaudRateCmd
                0x00000000       0x20 ./OBJS/Debug/stm32f0xx_usart.o
 .text.USART_AutoBaudRateConfig
                0x00000000       0x14 ./OBJS/Debug/stm32f0xx_usart.o
 .text.USART_SendData
                0x00000000        0x8 ./OBJS/Debug/stm32f0xx_usart.o
 .text.USART_ReceiveData
                0x00000000        0x8 ./OBJS/Debug/stm32f0xx_usart.o
 .text.USART_SetAddress
                0x00000000       0x12 ./OBJS/Debug/stm32f0xx_usart.o
 .text.USART_MuteModeCmd
                0x00000000       0x20 ./OBJS/Debug/stm32f0xx_usart.o
 .text.USART_MuteModeWakeUpConfig
                0x00000000       0x14 ./OBJS/Debug/stm32f0xx_usart.o
 .text.USART_AddressDetectionConfig
                0x00000000       0x10 ./OBJS/Debug/stm32f0xx_usart.o
 .text.USART_LINBreakDetectLengthConfig
                0x00000000       0x10 ./OBJS/Debug/stm32f0xx_usart.o
 .text.USART_LINCmd
                0x00000000       0x20 ./OBJS/Debug/stm32f0xx_usart.o
 .text.USART_HalfDuplexCmd
                0x00000000       0x18 ./OBJS/Debug/stm32f0xx_usart.o
 .text.USART_SetGuardTime
                0x00000000       0x12 ./OBJS/Debug/stm32f0xx_usart.o
 .text.USART_SmartCardCmd
                0x00000000       0x18 ./OBJS/Debug/stm32f0xx_usart.o
 .text.USART_SmartCardNACKCmd
                0x00000000       0x18 ./OBJS/Debug/stm32f0xx_usart.o
 .text.USART_SetAutoRetryCount
                0x00000000       0x18 ./OBJS/Debug/stm32f0xx_usart.o
 .text.USART_SetBlockLength
                0x00000000       0x12 ./OBJS/Debug/stm32f0xx_usart.o
 .text.USART_IrDAConfig
                0x00000000       0x10 ./OBJS/Debug/stm32f0xx_usart.o
 .text.USART_IrDACmd
                0x00000000       0x18 ./OBJS/Debug/stm32f0xx_usart.o
 .text.USART_DECmd
                0x00000000       0x20 ./OBJS/Debug/stm32f0xx_usart.o
 .text.USART_DEPolarityConfig
                0x00000000       0x14 ./OBJS/Debug/stm32f0xx_usart.o
 .text.USART_SetDEAssertionTime
                0x00000000       0x18 ./OBJS/Debug/stm32f0xx_usart.o
 .text.USART_SetDEDeassertionTime
                0x00000000       0x18 ./OBJS/Debug/stm32f0xx_usart.o
 .text.USART_DMACmd
                0x00000000       0x14 ./OBJS/Debug/stm32f0xx_usart.o
 .text.USART_DMAReceptionErrorConfig
                0x00000000       0x14 ./OBJS/Debug/stm32f0xx_usart.o
 .text.USART_ITConfig
                0x00000000       0x36 ./OBJS/Debug/stm32f0xx_usart.o
 .text.USART_RequestCmd
                0x00000000       0x16 ./OBJS/Debug/stm32f0xx_usart.o
 .text.USART_OverrunDetectionConfig
                0x00000000       0x14 ./OBJS/Debug/stm32f0xx_usart.o
 .text.USART_GetFlagStatus
                0x00000000        0xe ./OBJS/Debug/stm32f0xx_usart.o
 .text.USART_ClearFlag
                0x00000000        0x4 ./OBJS/Debug/stm32f0xx_usart.o
 .text.USART_GetITStatus
                0x00000000       0x44 ./OBJS/Debug/stm32f0xx_usart.o
 .text.USART_ClearITPendingBit
                0x00000000        0xa ./OBJS/Debug/stm32f0xx_usart.o
 .debug_info    0x00000000     0x11a1 ./OBJS/Debug/stm32f0xx_usart.o
 .debug_abbrev  0x00000000      0x1e5 ./OBJS/Debug/stm32f0xx_usart.o
 .debug_loc     0x00000000      0x9e3 ./OBJS/Debug/stm32f0xx_usart.o
 .debug_aranges
                0x00000000      0x1a0 ./OBJS/Debug/stm32f0xx_usart.o
 .debug_ranges  0x00000000      0x190 ./OBJS/Debug/stm32f0xx_usart.o
 .debug_line    0x00000000      0xca8 ./OBJS/Debug/stm32f0xx_usart.o
 .debug_str     0x00000000      0xa1b ./OBJS/Debug/stm32f0xx_usart.o
 .comment       0x00000000       0x4e ./OBJS/Debug/stm32f0xx_usart.o
 .debug_frame   0x00000000      0x35c ./OBJS/Debug/stm32f0xx_usart.o
 .ARM.attributes
                0x00000000       0x2c ./OBJS/Debug/stm32f0xx_usart.o
 .text          0x00000000        0x0 ./OBJS/Debug/stm32f0xx_wwdg.o
 .data          0x00000000        0x0 ./OBJS/Debug/stm32f0xx_wwdg.o
 .bss           0x00000000        0x0 ./OBJS/Debug/stm32f0xx_wwdg.o
 .text.WWDG_DeInit
                0x00000000       0x18 ./OBJS/Debug/stm32f0xx_wwdg.o
 .text.WWDG_SetPrescaler
                0x00000000       0x18 ./OBJS/Debug/stm32f0xx_wwdg.o
 .text.WWDG_SetWindowValue
                0x00000000       0x24 ./OBJS/Debug/stm32f0xx_wwdg.o
 .text.WWDG_EnableIT
                0x00000000       0x14 ./OBJS/Debug/stm32f0xx_wwdg.o
 .text.WWDG_SetCounter
                0x00000000       0x10 ./OBJS/Debug/stm32f0xx_wwdg.o
 .text.WWDG_Enable
                0x00000000       0x14 ./OBJS/Debug/stm32f0xx_wwdg.o
 .text.WWDG_GetFlagStatus
                0x00000000       0x14 ./OBJS/Debug/stm32f0xx_wwdg.o
 .text.WWDG_ClearFlag
                0x00000000        0xc ./OBJS/Debug/stm32f0xx_wwdg.o
 .debug_info    0x00000000      0x2a9 ./OBJS/Debug/stm32f0xx_wwdg.o
 .debug_abbrev  0x00000000      0x197 ./OBJS/Debug/stm32f0xx_wwdg.o
 .debug_loc     0x00000000       0x9e ./OBJS/Debug/stm32f0xx_wwdg.o
 .debug_aranges
                0x00000000       0x58 ./OBJS/Debug/stm32f0xx_wwdg.o
 .debug_ranges  0x00000000       0x48 ./OBJS/Debug/stm32f0xx_wwdg.o
 .debug_line    0x00000000      0x2bb ./OBJS/Debug/stm32f0xx_wwdg.o
 .debug_str     0x00000000      0x2b5 ./OBJS/Debug/stm32f0xx_wwdg.o
 .comment       0x00000000       0x4e ./OBJS/Debug/stm32f0xx_wwdg.o
 .debug_frame   0x00000000       0x9c ./OBJS/Debug/stm32f0xx_wwdg.o
 .ARM.attributes
                0x00000000       0x2c ./OBJS/Debug/stm32f0xx_wwdg.o
 .text          0x00000000        0x0 ./OBJS/Debug/led.o
 .data          0x00000000        0x0 ./OBJS/Debug/led.o
 .bss           0x00000000        0x0 ./OBJS/Debug/led.o
 .text.led_Init
                0x00000000       0x30 ./OBJS/Debug/led.o
 .text.led_Ctl  0x00000000       0x5c ./OBJS/Debug/led.o
 .bss.led_sta   0x00000000        0x1 ./OBJS/Debug/led.o
 .debug_info    0x00000000      0x394 ./OBJS/Debug/led.o
 .debug_abbrev  0x00000000      0x171 ./OBJS/Debug/led.o
 .debug_loc     0x00000000       0x4f ./OBJS/Debug/led.o
 .debug_aranges
                0x00000000       0x28 ./OBJS/Debug/led.o
 .debug_ranges  0x00000000       0x18 ./OBJS/Debug/led.o
 .debug_line    0x00000000      0x228 ./OBJS/Debug/led.o
 .debug_str     0x00000000      0x36b ./OBJS/Debug/led.o
 .comment       0x00000000       0x4e ./OBJS/Debug/led.o
 .debug_frame   0x00000000       0x44 ./OBJS/Debug/led.o
 .ARM.attributes
                0x00000000       0x2c ./OBJS/Debug/led.o
 .text          0x00000000        0x0 ./OBJS/Debug/main.o
 .data          0x00000000        0x0 ./OBJS/Debug/main.o
 .bss           0x00000000        0x0 ./OBJS/Debug/main.o
 .text.main     0x00000000        0xe ./OBJS/Debug/main.o
 .debug_info    0x00000000       0xd1 ./OBJS/Debug/main.o
 .debug_abbrev  0x00000000       0x97 ./OBJS/Debug/main.o
 .debug_aranges
                0x00000000       0x20 ./OBJS/Debug/main.o
 .debug_ranges  0x00000000       0x10 ./OBJS/Debug/main.o
 .debug_line    0x00000000       0x6b ./OBJS/Debug/main.o
 .debug_str     0x00000000      0x17b ./OBJS/Debug/main.o
 .comment       0x00000000       0x4e ./OBJS/Debug/main.o
 .debug_frame   0x00000000       0x28 ./OBJS/Debug/main.o
 .ARM.attributes
                0x00000000       0x2c ./OBJS/Debug/main.o
 .text          0x00000000      0x114 c:/program files (x86)/gnu arm embedded toolchain/10 2020-q4-major/bin/../lib/gcc/arm-none-eabi/10.2.1/thumb/v6-m/nofp\libgcc.a(_udivsi3.o)
 .data          0x00000000        0x0 c:/program files (x86)/gnu arm embedded toolchain/10 2020-q4-major/bin/../lib/gcc/arm-none-eabi/10.2.1/thumb/v6-m/nofp\libgcc.a(_udivsi3.o)
 .bss           0x00000000        0x0 c:/program files (x86)/gnu arm embedded toolchain/10 2020-q4-major/bin/../lib/gcc/arm-none-eabi/10.2.1/thumb/v6-m/nofp\libgcc.a(_udivsi3.o)
 .debug_frame   0x00000000       0x20 c:/program files (x86)/gnu arm embedded toolchain/10 2020-q4-major/bin/../lib/gcc/arm-none-eabi/10.2.1/thumb/v6-m/nofp\libgcc.a(_udivsi3.o)
 .ARM.attributes
                0x00000000       0x1e c:/program files (x86)/gnu arm embedded toolchain/10 2020-q4-major/bin/../lib/gcc/arm-none-eabi/10.2.1/thumb/v6-m/nofp\libgcc.a(_udivsi3.o)
 .text          0x00000000        0x4 c:/program files (x86)/gnu arm embedded toolchain/10 2020-q4-major/bin/../lib/gcc/arm-none-eabi/10.2.1/thumb/v6-m/nofp\libgcc.a(_dvmd_tls.o)
 .data          0x00000000        0x0 c:/program files (x86)/gnu arm embedded toolchain/10 2020-q4-major/bin/../lib/gcc/arm-none-eabi/10.2.1/thumb/v6-m/nofp\libgcc.a(_dvmd_tls.o)
 .bss           0x00000000        0x0 c:/program files (x86)/gnu arm embedded toolchain/10 2020-q4-major/bin/../lib/gcc/arm-none-eabi/10.2.1/thumb/v6-m/nofp\libgcc.a(_dvmd_tls.o)
 .ARM.attributes
                0x00000000       0x1e c:/program files (x86)/gnu arm embedded toolchain/10 2020-q4-major/bin/../lib/gcc/arm-none-eabi/10.2.1/thumb/v6-m/nofp\libgcc.a(_dvmd_tls.o)
 .text          0x00000000        0x0 c:/program files (x86)/gnu arm embedded toolchain/10 2020-q4-major/bin/../lib/gcc/arm-none-eabi/10.2.1/../../../../arm-none-eabi/lib/thumb/v6-m/nofp\libc_nano.a(lib_a-exit.o)
 .data          0x00000000        0x0 c:/program files (x86)/gnu arm embedded toolchain/10 2020-q4-major/bin/../lib/gcc/arm-none-eabi/10.2.1/../../../../arm-none-eabi/lib/thumb/v6-m/nofp\libc_nano.a(lib_a-exit.o)
 .bss           0x00000000        0x0 c:/program files (x86)/gnu arm embedded toolchain/10 2020-q4-major/bin/../lib/gcc/arm-none-eabi/10.2.1/../../../../arm-none-eabi/lib/thumb/v6-m/nofp\libc_nano.a(lib_a-exit.o)
 .text.exit     0x00000000       0x2c c:/program files (x86)/gnu arm embedded toolchain/10 2020-q4-major/bin/../lib/gcc/arm-none-eabi/10.2.1/../../../../arm-none-eabi/lib/thumb/v6-m/nofp\libc_nano.a(lib_a-exit.o)
 .debug_frame   0x00000000       0x28 c:/program files (x86)/gnu arm embedded toolchain/10 2020-q4-major/bin/../lib/gcc/arm-none-eabi/10.2.1/../../../../arm-none-eabi/lib/thumb/v6-m/nofp\libc_nano.a(lib_a-exit.o)
 .ARM.attributes
                0x00000000       0x2c c:/program files (x86)/gnu arm embedded toolchain/10 2020-q4-major/bin/../lib/gcc/arm-none-eabi/10.2.1/../../../../arm-none-eabi/lib/thumb/v6-m/nofp\libc_nano.a(lib_a-exit.o)
 .text          0x00000000        0x0 c:/program files (x86)/gnu arm embedded toolchain/10 2020-q4-major/bin/../lib/gcc/arm-none-eabi/10.2.1/../../../../arm-none-eabi/lib/thumb/v6-m/nofp\libc_nano.a(lib_a-impure.o)
 .data          0x00000000        0x0 c:/program files (x86)/gnu arm embedded toolchain/10 2020-q4-major/bin/../lib/gcc/arm-none-eabi/10.2.1/../../../../arm-none-eabi/lib/thumb/v6-m/nofp\libc_nano.a(lib_a-impure.o)
 .bss           0x00000000        0x0 c:/program files (x86)/gnu arm embedded toolchain/10 2020-q4-major/bin/../lib/gcc/arm-none-eabi/10.2.1/../../../../arm-none-eabi/lib/thumb/v6-m/nofp\libc_nano.a(lib_a-impure.o)
 .data._impure_ptr
                0x00000000        0x4 c:/program files (x86)/gnu arm embedded toolchain/10 2020-q4-major/bin/../lib/gcc/arm-none-eabi/10.2.1/../../../../arm-none-eabi/lib/thumb/v6-m/nofp\libc_nano.a(lib_a-impure.o)
 .data.impure_data
                0x00000000       0x60 c:/program files (x86)/gnu arm embedded toolchain/10 2020-q4-major/bin/../lib/gcc/arm-none-eabi/10.2.1/../../../../arm-none-eabi/lib/thumb/v6-m/nofp\libc_nano.a(lib_a-impure.o)
 .rodata._global_impure_ptr
                0x00000000        0x4 c:/program files (x86)/gnu arm embedded toolchain/10 2020-q4-major/bin/../lib/gcc/arm-none-eabi/10.2.1/../../../../arm-none-eabi/lib/thumb/v6-m/nofp\libc_nano.a(lib_a-impure.o)
 .ARM.attributes
                0x00000000       0x2c c:/program files (x86)/gnu arm embedded toolchain/10 2020-q4-major/bin/../lib/gcc/arm-none-eabi/10.2.1/../../../../arm-none-eabi/lib/thumb/v6-m/nofp\libc_nano.a(lib_a-impure.o)
 .text          0x00000000        0x0 c:/program files (x86)/gnu arm embedded toolchain/10 2020-q4-major/bin/../lib/gcc/arm-none-eabi/10.2.1/../../../../arm-none-eabi/lib/thumb/v6-m/nofp\libc_nano.a(lib_a-init.o)
 .data          0x00000000        0x0 c:/program files (x86)/gnu arm embedded toolchain/10 2020-q4-major/bin/../lib/gcc/arm-none-eabi/10.2.1/../../../../arm-none-eabi/lib/thumb/v6-m/nofp\libc_nano.a(lib_a-init.o)
 .bss           0x00000000        0x0 c:/program files (x86)/gnu arm embedded toolchain/10 2020-q4-major/bin/../lib/gcc/arm-none-eabi/10.2.1/../../../../arm-none-eabi/lib/thumb/v6-m/nofp\libc_nano.a(lib_a-init.o)
 .text.__libc_init_array
                0x00000000       0x48 c:/program files (x86)/gnu arm embedded toolchain/10 2020-q4-major/bin/../lib/gcc/arm-none-eabi/10.2.1/../../../../arm-none-eabi/lib/thumb/v6-m/nofp\libc_nano.a(lib_a-init.o)
 .debug_frame   0x00000000       0x2c c:/program files (x86)/gnu arm embedded toolchain/10 2020-q4-major/bin/../lib/gcc/arm-none-eabi/10.2.1/../../../../arm-none-eabi/lib/thumb/v6-m/nofp\libc_nano.a(lib_a-init.o)
 .ARM.attributes
                0x00000000       0x2c c:/program files (x86)/gnu arm embedded toolchain/10 2020-q4-major/bin/../lib/gcc/arm-none-eabi/10.2.1/../../../../arm-none-eabi/lib/thumb/v6-m/nofp\libc_nano.a(lib_a-init.o)
 .text          0x00000000        0x0 c:/program files (x86)/gnu arm embedded toolchain/10 2020-q4-major/bin/../lib/gcc/arm-none-eabi/10.2.1/../../../../arm-none-eabi/lib/thumb/v6-m/nofp\libc_nano.a(lib_a-memset.o)
 .data          0x00000000        0x0 c:/program files (x86)/gnu arm embedded toolchain/10 2020-q4-major/bin/../lib/gcc/arm-none-eabi/10.2.1/../../../../arm-none-eabi/lib/thumb/v6-m/nofp\libc_nano.a(lib_a-memset.o)
 .bss           0x00000000        0x0 c:/program files (x86)/gnu arm embedded toolchain/10 2020-q4-major/bin/../lib/gcc/arm-none-eabi/10.2.1/../../../../arm-none-eabi/lib/thumb/v6-m/nofp\libc_nano.a(lib_a-memset.o)
 .text.memset   0x00000000       0x10 c:/program files (x86)/gnu arm embedded toolchain/10 2020-q4-major/bin/../lib/gcc/arm-none-eabi/10.2.1/../../../../arm-none-eabi/lib/thumb/v6-m/nofp\libc_nano.a(lib_a-memset.o)
 .debug_frame   0x00000000       0x20 c:/program files (x86)/gnu arm embedded toolchain/10 2020-q4-major/bin/../lib/gcc/arm-none-eabi/10.2.1/../../../../arm-none-eabi/lib/thumb/v6-m/nofp\libc_nano.a(lib_a-memset.o)
 .ARM.attributes
                0x00000000       0x2c c:/program files (x86)/gnu arm embedded toolchain/10 2020-q4-major/bin/../lib/gcc/arm-none-eabi/10.2.1/../../../../arm-none-eabi/lib/thumb/v6-m/nofp\libc_nano.a(lib_a-memset.o)
 .text          0x00000000        0x0 c:/program files (x86)/gnu arm embedded toolchain/10 2020-q4-major/bin/../lib/gcc/arm-none-eabi/10.2.1/../../../../arm-none-eabi/lib/thumb/v6-m/nofp\libnosys.a(_exit.o)
 .data          0x00000000        0x0 c:/program files (x86)/gnu arm embedded toolchain/10 2020-q4-major/bin/../lib/gcc/arm-none-eabi/10.2.1/../../../../arm-none-eabi/lib/thumb/v6-m/nofp\libnosys.a(_exit.o)
 .bss           0x00000000        0x0 c:/program files (x86)/gnu arm embedded toolchain/10 2020-q4-major/bin/../lib/gcc/arm-none-eabi/10.2.1/../../../../arm-none-eabi/lib/thumb/v6-m/nofp\libnosys.a(_exit.o)
 .text._exit    0x00000000        0x4 c:/program files (x86)/gnu arm embedded toolchain/10 2020-q4-major/bin/../lib/gcc/arm-none-eabi/10.2.1/../../../../arm-none-eabi/lib/thumb/v6-m/nofp\libnosys.a(_exit.o)
 .debug_frame   0x00000000       0x20 c:/program files (x86)/gnu arm embedded toolchain/10 2020-q4-major/bin/../lib/gcc/arm-none-eabi/10.2.1/../../../../arm-none-eabi/lib/thumb/v6-m/nofp\libnosys.a(_exit.o)
 .ARM.attributes
                0x00000000       0x2c c:/program files (x86)/gnu arm embedded toolchain/10 2020-q4-major/bin/../lib/gcc/arm-none-eabi/10.2.1/../../../../arm-none-eabi/lib/thumb/v6-m/nofp\libnosys.a(_exit.o)
 .text          0x00000000        0x0 c:/program files (x86)/gnu arm embedded toolchain/10 2020-q4-major/bin/../lib/gcc/arm-none-eabi/10.2.1/thumb/v6-m/nofp/crtend.o
 .data          0x00000000        0x0 c:/program files (x86)/gnu arm embedded toolchain/10 2020-q4-major/bin/../lib/gcc/arm-none-eabi/10.2.1/thumb/v6-m/nofp/crtend.o
 .bss           0x00000000        0x0 c:/program files (x86)/gnu arm embedded toolchain/10 2020-q4-major/bin/../lib/gcc/arm-none-eabi/10.2.1/thumb/v6-m/nofp/crtend.o
 .rodata        0x00000000       0x24 c:/program files (x86)/gnu arm embedded toolchain/10 2020-q4-major/bin/../lib/gcc/arm-none-eabi/10.2.1/thumb/v6-m/nofp/crtend.o
 .eh_frame      0x00000000        0x4 c:/program files (x86)/gnu arm embedded toolchain/10 2020-q4-major/bin/../lib/gcc/arm-none-eabi/10.2.1/thumb/v6-m/nofp/crtend.o
 .ARM.attributes
                0x00000000       0x2c c:/program files (x86)/gnu arm embedded toolchain/10 2020-q4-major/bin/../lib/gcc/arm-none-eabi/10.2.1/thumb/v6-m/nofp/crtend.o
 .text          0x00000000        0x0 c:/program files (x86)/gnu arm embedded toolchain/10 2020-q4-major/bin/../lib/gcc/arm-none-eabi/10.2.1/thumb/v6-m/nofp/crtn.o
 .data          0x00000000        0x0 c:/program files (x86)/gnu arm embedded toolchain/10 2020-q4-major/bin/../lib/gcc/arm-none-eabi/10.2.1/thumb/v6-m/nofp/crtn.o
 .bss           0x00000000        0x0 c:/program files (x86)/gnu arm embedded toolchain/10 2020-q4-major/bin/../lib/gcc/arm-none-eabi/10.2.1/thumb/v6-m/nofp/crtn.o

Memory Configuration

Name             Origin             Length             Attributes
RAM              0x20000000         0x00004000         xrw
FLASH            0x08000000         0x00020000         xr
*default*        0x00000000         0xffffffff

Linker script and memory map

LOAD c:/program files (x86)/gnu arm embedded toolchain/10 2020-q4-major/bin/../lib/gcc/arm-none-eabi/10.2.1/thumb/v6-m/nofp/crti.o
LOAD c:/program files (x86)/gnu arm embedded toolchain/10 2020-q4-major/bin/../lib/gcc/arm-none-eabi/10.2.1/thumb/v6-m/nofp/crtbegin.o
LOAD c:/program files (x86)/gnu arm embedded toolchain/10 2020-q4-major/bin/../lib/gcc/arm-none-eabi/10.2.1/../../../../arm-none-eabi/lib/thumb/v6-m/nofp/crt0.o
LOAD ./OBJS/Debug/system_stm32f0xx.o
LOAD ./OBJS/Debug/stm32f0xx_adc.o
LOAD ./OBJS/Debug/stm32f0xx_can.o
LOAD ./OBJS/Debug/stm32f0xx_cec.o
LOAD ./OBJS/Debug/stm32f0xx_comp.o
LOAD ./OBJS/Debug/stm32f0xx_crc.o
LOAD ./OBJS/Debug/stm32f0xx_crs.o
LOAD ./OBJS/Debug/stm32f0xx_dac.o
LOAD ./OBJS/Debug/stm32f0xx_dbgmcu.o
LOAD ./OBJS/Debug/stm32f0xx_dma.o
LOAD ./OBJS/Debug/stm32f0xx_exti.o
LOAD ./OBJS/Debug/stm32f0xx_flash.o
LOAD ./OBJS/Debug/stm32f0xx_gpio.o
LOAD ./OBJS/Debug/stm32f0xx_i2c.o
LOAD ./OBJS/Debug/stm32f0xx_iwdg.o
LOAD ./OBJS/Debug/stm32f0xx_misc.o
LOAD ./OBJS/Debug/stm32f0xx_pwr.o
LOAD ./OBJS/Debug/stm32f0xx_rcc.o
LOAD ./OBJS/Debug/stm32f0xx_rtc.o
LOAD ./OBJS/Debug/stm32f0xx_spi.o
LOAD ./OBJS/Debug/stm32f0xx_syscfg.o
LOAD ./OBJS/Debug/stm32f0xx_tim.o
LOAD ./OBJS/Debug/stm32f0xx_usart.o
LOAD ./OBJS/Debug/stm32f0xx_wwdg.o
LOAD ./OBJS/Debug/led.o
LOAD ./OBJS/Debug/main.o
LOAD c:/program files (x86)/gnu arm embedded toolchain/10 2020-q4-major/bin/../lib/gcc/arm-none-eabi/10.2.1/../../../../arm-none-eabi/lib/thumb/v6-m/nofp\libm.a
START GROUP
LOAD c:/program files (x86)/gnu arm embedded toolchain/10 2020-q4-major/bin/../lib/gcc/arm-none-eabi/10.2.1/thumb/v6-m/nofp\libgcc.a
LOAD c:/program files (x86)/gnu arm embedded toolchain/10 2020-q4-major/bin/../lib/gcc/arm-none-eabi/10.2.1/../../../../arm-none-eabi/lib/thumb/v6-m/nofp\libc_nano.a
END GROUP
START GROUP
LOAD c:/program files (x86)/gnu arm embedded toolchain/10 2020-q4-major/bin/../lib/gcc/arm-none-eabi/10.2.1/thumb/v6-m/nofp\libgcc.a
LOAD c:/program files (x86)/gnu arm embedded toolchain/10 2020-q4-major/bin/../lib/gcc/arm-none-eabi/10.2.1/../../../../arm-none-eabi/lib/thumb/v6-m/nofp\libc_nano.a
LOAD c:/program files (x86)/gnu arm embedded toolchain/10 2020-q4-major/bin/../lib/gcc/arm-none-eabi/10.2.1/../../../../arm-none-eabi/lib/thumb/v6-m/nofp\libnosys.a
END GROUP
START GROUP
LOAD c:/program files (x86)/gnu arm embedded toolchain/10 2020-q4-major/bin/../lib/gcc/arm-none-eabi/10.2.1/thumb/v6-m/nofp\libgcc.a
LOAD c:/program files (x86)/gnu arm embedded toolchain/10 2020-q4-major/bin/../lib/gcc/arm-none-eabi/10.2.1/../../../../arm-none-eabi/lib/thumb/v6-m/nofp\libc_nano.a
LOAD c:/program files (x86)/gnu arm embedded toolchain/10 2020-q4-major/bin/../lib/gcc/arm-none-eabi/10.2.1/../../../../arm-none-eabi/lib/thumb/v6-m/nofp\libnosys.a
END GROUP
LOAD c:/program files (x86)/gnu arm embedded toolchain/10 2020-q4-major/bin/../lib/gcc/arm-none-eabi/10.2.1/thumb/v6-m/nofp/crtend.o
LOAD c:/program files (x86)/gnu arm embedded toolchain/10 2020-q4-major/bin/../lib/gcc/arm-none-eabi/10.2.1/thumb/v6-m/nofp/crtn.o
                0x20004000                _estack = 0x20004000
                0x00000200                _Min_Heap_Size = 0x200
                0x00000400                _Min_Stack_Size = 0x400

.isr_vector     0x08000000        0x0
                0x08000000                . = ALIGN (0x4)
 *(.isr_vector)
                0x08000000                . = ALIGN (0x4)

.text           0x08000000       0x60
                0x08000000                . = ALIGN (0x4)
 *(.text)
 .text          0x08000000       0x48 c:/program files (x86)/gnu arm embedded toolchain/10 2020-q4-major/bin/../lib/gcc/arm-none-eabi/10.2.1/thumb/v6-m/nofp/crtbegin.o
 *(.text*)
 *(.glue_7)
 .glue_7        0x08000048        0x0 linker stubs
 *(.glue_7t)
 .glue_7t       0x08000048        0x0 linker stubs
 *(.eh_frame)
 .eh_frame      0x08000048        0x0 c:/program files (x86)/gnu arm embedded toolchain/10 2020-q4-major/bin/../lib/gcc/arm-none-eabi/10.2.1/thumb/v6-m/nofp/crtbegin.o
 *(.init)
 .init          0x08000048        0x4 c:/program files (x86)/gnu arm embedded toolchain/10 2020-q4-major/bin/../lib/gcc/arm-none-eabi/10.2.1/thumb/v6-m/nofp/crti.o
                0x08000048                _init
 .init          0x0800004c        0x8 c:/program files (x86)/gnu arm embedded toolchain/10 2020-q4-major/bin/../lib/gcc/arm-none-eabi/10.2.1/thumb/v6-m/nofp/crtn.o
 *(.fini)
 .fini          0x08000054        0x4 c:/program files (x86)/gnu arm embedded toolchain/10 2020-q4-major/bin/../lib/gcc/arm-none-eabi/10.2.1/thumb/v6-m/nofp/crti.o
                0x08000054                _fini
 .fini          0x08000058        0x8 c:/program files (x86)/gnu arm embedded toolchain/10 2020-q4-major/bin/../lib/gcc/arm-none-eabi/10.2.1/thumb/v6-m/nofp/crtn.o
                0x08000060                . = ALIGN (0x4)
                0x08000060                _etext = .

.vfp11_veneer   0x08000060        0x0
 .vfp11_veneer  0x08000060        0x0 linker stubs

.v4_bx          0x08000060        0x0
 .v4_bx         0x08000060        0x0 linker stubs

.iplt           0x08000060        0x0
 .iplt          0x08000060        0x0 c:/program files (x86)/gnu arm embedded toolchain/10 2020-q4-major/bin/../lib/gcc/arm-none-eabi/10.2.1/thumb/v6-m/nofp/crtbegin.o

.rel.dyn        0x08000060        0x0
 .rel.iplt      0x08000060        0x0 c:/program files (x86)/gnu arm embedded toolchain/10 2020-q4-major/bin/../lib/gcc/arm-none-eabi/10.2.1/thumb/v6-m/nofp/crtbegin.o

.rodata         0x08000060        0x0
                0x08000060                . = ALIGN (0x4)
 *(.rodata)
 *(.rodata*)
                0x08000060                . = ALIGN (0x4)

.ARM.extab
 *(.ARM.extab* .gnu.linkonce.armextab.*)

.ARM            0x08000060        0x0
                0x08000060                __exidx_start = .
 *(.ARM.exidx*)
                0x08000060                __exidx_end = .

.preinit_array  0x08000060        0x0
                0x08000060                PROVIDE (__preinit_array_start = .)
 *(.preinit_array*)
                0x08000060                PROVIDE (__preinit_array_end = .)

.init_array     0x08000060        0x4
                0x08000060                PROVIDE (__init_array_start = .)
 *(SORT_BY_NAME(.init_array.*))
 *(.init_array*)
 .init_array    0x08000060        0x4 c:/program files (x86)/gnu arm embedded toolchain/10 2020-q4-major/bin/../lib/gcc/arm-none-eabi/10.2.1/thumb/v6-m/nofp/crtbegin.o
                0x08000064                PROVIDE (__init_array_end = .)

.fini_array     0x08000064        0x4
                [!provide]                PROVIDE (__fini_array_start = .)
 *(SORT_BY_NAME(.fini_array.*))
 *(.fini_array*)
 .fini_array    0x08000064        0x4 c:/program files (x86)/gnu arm embedded toolchain/10 2020-q4-major/bin/../lib/gcc/arm-none-eabi/10.2.1/thumb/v6-m/nofp/crtbegin.o
                [!provide]                PROVIDE (__fini_array_end = .)
                0x08000068                _sidata = LOADADDR (.data)

.data           0x20000000        0x0 load address 0x08000068
                0x20000000                . = ALIGN (0x4)
                0x20000000                _sdata = .
 *(.data)
 *(.data*)
                0x20000000                . = ALIGN (0x4)
                0x20000000                _edata = .

.igot.plt       0x20000000        0x0 load address 0x08000068
 .igot.plt      0x20000000        0x0 c:/program files (x86)/gnu arm embedded toolchain/10 2020-q4-major/bin/../lib/gcc/arm-none-eabi/10.2.1/thumb/v6-m/nofp/crtbegin.o
                0x20000000                . = ALIGN (0x4)

.bss            0x20000000       0x1c load address 0x08000068
                0x20000000                _sbss = .
                0x20000000                __bss_start__ = _sbss
 *(.bss)
 .bss           0x20000000       0x1c c:/program files (x86)/gnu arm embedded toolchain/10 2020-q4-major/bin/../lib/gcc/arm-none-eabi/10.2.1/thumb/v6-m/nofp/crtbegin.o
 *(.bss*)
 *(COMMON)
                0x2000001c                . = ALIGN (0x4)
                0x2000001c                _ebss = .
                0x2000001c                __bss_end__ = _ebss

._user_heap_stack
                0x2000001c      0x604 load address 0x08000068
                0x20000020                . = ALIGN (0x8)
 *fill*         0x2000001c        0x4 
                [!provide]                PROVIDE (end = .)
                [!provide]                PROVIDE (_end = .)
                0x20000220                . = (. + _Min_Heap_Size)
 *fill*         0x20000020      0x200 
                0x20000620                . = (. + _Min_Stack_Size)
 *fill*         0x20000220      0x400 
                0x20000620                . = ALIGN (0x8)

/DISCARD/
 libc.a(*)
 libm.a(*)
 libgcc.a(*)

.ARM.attributes
                0x00000000       0x28
 *(.ARM.attributes)
 .ARM.attributes
                0x00000000       0x1e c:/program files (x86)/gnu arm embedded toolchain/10 2020-q4-major/bin/../lib/gcc/arm-none-eabi/10.2.1/thumb/v6-m/nofp/crti.o
 .ARM.attributes
                0x0000001e       0x2c c:/program files (x86)/gnu arm embedded toolchain/10 2020-q4-major/bin/../lib/gcc/arm-none-eabi/10.2.1/thumb/v6-m/nofp/crtbegin.o
 .ARM.attributes
                0x0000004a       0x1e c:/program files (x86)/gnu arm embedded toolchain/10 2020-q4-major/bin/../lib/gcc/arm-none-eabi/10.2.1/thumb/v6-m/nofp/crtn.o
OUTPUT(./OBJS/Debug/Template.elf elf32-littlearm)
LOAD linker stubs
LOAD c:/program files (x86)/gnu arm embedded toolchain/10 2020-q4-major/bin/../lib/gcc/arm-none-eabi/10.2.1/../../../../arm-none-eabi/lib/thumb/v6-m/nofp\libc.a
LOAD c:/program files (x86)/gnu arm embedded toolchain/10 2020-q4-major/bin/../lib/gcc/arm-none-eabi/10.2.1/../../../../arm-none-eabi/lib/thumb/v6-m/nofp\libm.a
LOAD c:/program files (x86)/gnu arm embedded toolchain/10 2020-q4-major/bin/../lib/gcc/arm-none-eabi/10.2.1/thumb/v6-m/nofp\libgcc.a
